{"event": "setup", "teacher_params": 4826880, "mixer_params_each": 2228992, "attn_params_each": 263168, "w_gram": 1.0, "w_cross": 1.0, "groups": 8, "elapsed_s": 3.2}
{"event": "fit", "step": 100, "mse": 0.04498, "gram": 0.03362, "cross": 0.00669, "elapsed_s": 7.9}
{"event": "fit", "step": 200, "mse": 0.04317, "gram": 0.03027, "cross": 0.00582, "elapsed_s": 11.1}
{"event": "fit", "step": 300, "mse": 0.04227, "gram": 0.02676, "cross": 0.00502, "elapsed_s": 14.3}
{"event": "fit", "step": 400, "mse": 0.04022, "gram": 0.02408, "cross": 0.00428, "elapsed_s": 17.6}
{"event": "fit", "step": 500, "mse": 0.03661, "gram": 0.02011, "cross": 0.00352, "elapsed_s": 20.8}
{"event": "fit", "step": 600, "mse": 0.03379, "gram": 0.01845, "cross": 0.00307, "elapsed_s": 24.0}
{"event": "fit", "step": 700, "mse": 0.02911, "gram": 0.01586, "cross": 0.0026, "elapsed_s": 27.2}
{"event": "fit", "step": 800, "mse": 0.0266, "gram": 0.01501, "cross": 0.00235, "elapsed_s": 30.4}
{"event": "fit", "step": 900, "mse": 0.02408, "gram": 0.01359, "cross": 0.00213, "elapsed_s": 33.7}
{"event": "fit", "step": 1000, "mse": 0.02234, "gram": 0.01292, "cross": 0.00205, "elapsed_s": 36.9}
{"event": "fit", "step": 1100, "mse": 0.02347, "gram": 0.01339, "cross": 0.00202, "elapsed_s": 40.1}
{"event": "fit", "step": 1200, "mse": 0.02065, "gram": 0.0122, "cross": 0.00186, "elapsed_s": 43.3}
{"event": "fit", "step": 1300, "mse": 0.02104, "gram": 0.01216, "cross": 0.00187, "elapsed_s": 46.5}
{"event": "fit", "step": 1400, "mse": 0.02022, "gram": 0.01182, "cross": 0.0018, "elapsed_s": 49.7}
{"event": "fit", "step": 1500, "mse": 0.02019, "gram": 0.01181, "cross": 0.00176, "elapsed_s": 53.0}
{"event": "fit", "step": 1600, "mse": 0.02062, "gram": 0.01344, "cross": 0.00198, "elapsed_s": 56.2}
{"event": "fit", "step": 1700, "mse": 0.01872, "gram": 0.01147, "cross": 0.00168, "elapsed_s": 59.4}
{"event": "fit", "step": 1800, "mse": 0.01815, "gram": 0.01104, "cross": 0.00166, "elapsed_s": 62.6}
{"event": "fit", "step": 1900, "mse": 0.01943, "gram": 0.01128, "cross": 0.00169, "elapsed_s": 65.9}
{"event": "fit", "step": 2000, "mse": 0.01835, "gram": 0.01087, "cross": 0.00163, "elapsed_s": 69.1}
{"event": "fit", "step": 2100, "mse": 0.01784, "gram": 0.01085, "cross": 0.00158, "elapsed_s": 72.3}
{"event": "fit", "step": 2200, "mse": 0.01804, "gram": 0.01081, "cross": 0.00157, "elapsed_s": 75.5}
{"event": "fit", "step": 2300, "mse": 0.01783, "gram": 0.011, "cross": 0.00157, "elapsed_s": 78.7}
{"event": "fit", "step": 2400, "mse": 0.01878, "gram": 0.01108, "cross": 0.00165, "elapsed_s": 82.0}
{"event": "fit", "step": 2500, "mse": 0.01829, "gram": 0.01075, "cross": 0.00158, "elapsed_s": 85.2}
{"event": "layer_metrics", "step": 2500, "layers": [{"mse": 0.003, "r2": 0.9025, "cos": 0.9524}, {"mse": 0.0043, "r2": 0.7436, "cos": 0.8595}, {"mse": 0.0095, "r2": 0.6943, "cos": 0.8325}, {"mse": 0.0227, "r2": 0.5633, "cos": 0.7444}, {"mse": 0.0313, "r2": 0.5213, "cos": 0.7188}, {"mse": 0.0411, "r2": 0.4219, "cos": 0.6642}], "elapsed_s": 85.4}
{"event": "fit", "step": 2600, "mse": 0.01782, "gram": 0.0105, "cross": 0.00153, "elapsed_s": 88.6}
{"event": "fit", "step": 2700, "mse": 0.01785, "gram": 0.01028, "cross": 0.00152, "elapsed_s": 91.8}
{"event": "fit", "step": 2800, "mse": 0.01827, "gram": 0.01084, "cross": 0.00158, "elapsed_s": 95.1}
{"event": "fit", "step": 2900, "mse": 0.01774, "gram": 0.01038, "cross": 0.00156, "elapsed_s": 98.3}
{"event": "fit", "step": 3000, "mse": 0.0172, "gram": 0.01023, "cross": 0.00149, "elapsed_s": 101.5}
{"event": "fit", "step": 3100, "mse": 0.01716, "gram": 0.01022, "cross": 0.00151, "elapsed_s": 104.8}
{"event": "fit", "step": 3200, "mse": 0.01748, "gram": 0.01079, "cross": 0.00159, "elapsed_s": 108.0}
{"event": "fit", "step": 3300, "mse": 0.01747, "gram": 0.01023, "cross": 0.0015, "elapsed_s": 111.2}
{"event": "fit", "step": 3400, "mse": 0.01761, "gram": 0.01035, "cross": 0.00156, "elapsed_s": 114.5}
{"event": "fit", "step": 3500, "mse": 0.01808, "gram": 0.01055, "cross": 0.0015, "elapsed_s": 117.7}
{"event": "fit", "step": 3600, "mse": 0.01707, "gram": 0.01034, "cross": 0.00149, "elapsed_s": 121.0}
{"event": "fit", "step": 3700, "mse": 0.01699, "gram": 0.01007, "cross": 0.00146, "elapsed_s": 124.2}
{"event": "fit", "step": 3800, "mse": 0.01712, "gram": 0.01007, "cross": 0.00149, "elapsed_s": 127.4}
{"event": "fit", "step": 3900, "mse": 0.0174, "gram": 0.01035, "cross": 0.00153, "elapsed_s": 130.7}
{"event": "fit", "step": 4000, "mse": 0.0176, "gram": 0.01079, "cross": 0.00152, "elapsed_s": 133.9}
{"event": "fit", "step": 4100, "mse": 0.01661, "gram": 0.00989, "cross": 0.00142, "elapsed_s": 137.2}
{"event": "fit", "step": 4200, "mse": 0.01664, "gram": 0.00991, "cross": 0.00147, "elapsed_s": 140.4}
{"event": "fit", "step": 4300, "mse": 0.01709, "gram": 0.01005, "cross": 0.00144, "elapsed_s": 143.6}
{"event": "fit", "step": 4400, "mse": 0.01774, "gram": 0.01031, "cross": 0.0015, "elapsed_s": 146.9}
{"event": "fit", "step": 4500, "mse": 0.0166, "gram": 0.00989, "cross": 0.00146, "elapsed_s": 150.1}
{"event": "fit", "step": 4600, "mse": 0.01677, "gram": 0.00999, "cross": 0.00146, "elapsed_s": 153.3}
{"event": "fit", "step": 4700, "mse": 0.01896, "gram": 0.01107, "cross": 0.00162, "elapsed_s": 156.5}
{"event": "fit", "step": 4800, "mse": 0.01707, "gram": 0.01013, "cross": 0.00147, "elapsed_s": 159.8}
{"event": "fit", "step": 4900, "mse": 0.0168, "gram": 0.01017, "cross": 0.00142, "elapsed_s": 163.0}
{"event": "fit", "step": 5000, "mse": 0.01773, "gram": 0.01033, "cross": 0.00153, "elapsed_s": 166.3}
{"event": "layer_metrics", "step": 5000, "layers": [{"mse": 0.0018, "r2": 0.9418, "cos": 0.9704}, {"mse": 0.0033, "r2": 0.802, "cos": 0.8936}, {"mse": 0.0082, "r2": 0.7334, "cos": 0.8561}, {"mse": 0.0216, "r2": 0.5841, "cos": 0.7583}, {"mse": 0.03, "r2": 0.5412, "cos": 0.7332}, {"mse": 0.0389, "r2": 0.4528, "cos": 0.6845}], "elapsed_s": 166.5}
{"event": "fit", "step": 5100, "mse": 0.01875, "gram": 0.01066, "cross": 0.00148, "elapsed_s": 169.7}
{"event": "fit", "step": 5200, "mse": 0.01661, "gram": 0.00987, "cross": 0.00145, "elapsed_s": 172.9}
{"event": "fit", "step": 5300, "mse": 0.01717, "gram": 0.01023, "cross": 0.00148, "elapsed_s": 176.2}
{"event": "fit", "step": 5400, "mse": 0.01704, "gram": 0.01028, "cross": 0.00146, "elapsed_s": 179.4}
{"event": "fit", "step": 5500, "mse": 0.01676, "gram": 0.01006, "cross": 0.00144, "elapsed_s": 182.6}
{"event": "fit", "step": 5600, "mse": 0.01754, "gram": 0.00998, "cross": 0.00142, "elapsed_s": 185.9}
{"event": "fit", "step": 5700, "mse": 0.01664, "gram": 0.01006, "cross": 0.00146, "elapsed_s": 189.1}
{"event": "fit", "step": 5800, "mse": 0.01635, "gram": 0.00983, "cross": 0.00142, "elapsed_s": 192.3}
{"event": "fit", "step": 5900, "mse": 0.01699, "gram": 0.01002, "cross": 0.00143, "elapsed_s": 195.6}
{"event": "fit", "step": 6000, "mse": 0.01658, "gram": 0.00999, "cross": 0.00145, "elapsed_s": 198.8}
{"event": "fit", "step": 6100, "mse": 0.01624, "gram": 0.00981, "cross": 0.00141, "elapsed_s": 202.0}
{"event": "fit", "step": 6200, "mse": 0.0164, "gram": 0.00977, "cross": 0.00141, "elapsed_s": 205.3}
{"event": "fit", "step": 6300, "mse": 0.01675, "gram": 0.01017, "cross": 0.00145, "elapsed_s": 208.5}
{"event": "fit", "step": 6400, "mse": 0.01596, "gram": 0.00974, "cross": 0.00142, "elapsed_s": 211.7}
{"event": "fit", "step": 6500, "mse": 0.01616, "gram": 0.00964, "cross": 0.00138, "elapsed_s": 215.0}
{"event": "fit", "step": 6600, "mse": 0.01693, "gram": 0.00985, "cross": 0.00143, "elapsed_s": 218.2}
{"event": "fit", "step": 6700, "mse": 0.01621, "gram": 0.00983, "cross": 0.00143, "elapsed_s": 221.5}
{"event": "fit", "step": 6800, "mse": 0.01598, "gram": 0.00948, "cross": 0.0014, "elapsed_s": 224.7}
{"event": "fit", "step": 6900, "mse": 0.01638, "gram": 0.00965, "cross": 0.00143, "elapsed_s": 227.9}
{"event": "fit", "step": 7000, "mse": 0.01627, "gram": 0.00984, "cross": 0.00142, "elapsed_s": 231.2}
{"event": "fit", "step": 7100, "mse": 0.01622, "gram": 0.00948, "cross": 0.00138, "elapsed_s": 234.4}
{"event": "fit", "step": 7200, "mse": 0.01733, "gram": 0.01002, "cross": 0.0014, "elapsed_s": 237.7}
{"event": "fit", "step": 7300, "mse": 0.01622, "gram": 0.0098, "cross": 0.00142, "elapsed_s": 240.9}
{"event": "fit", "step": 7400, "mse": 0.01599, "gram": 0.00948, "cross": 0.00138, "elapsed_s": 244.1}
{"event": "fit", "step": 7500, "mse": 0.01651, "gram": 0.00973, "cross": 0.00138, "elapsed_s": 247.4}
{"event": "layer_metrics", "step": 7500, "layers": [{"mse": 0.001, "r2": 0.9688, "cos": 0.9839}, {"mse": 0.003, "r2": 0.8224, "cos": 0.9051}, {"mse": 0.0079, "r2": 0.7448, "cos": 0.8633}, {"mse": 0.0202, "r2": 0.612, "cos": 0.777}, {"mse": 0.0289, "r2": 0.5573, "cos": 0.7445}, {"mse": 0.038, "r2": 0.466, "cos": 0.6929}], "elapsed_s": 247.5}
{"event": "fit", "step": 7600, "mse": 0.01569, "gram": 0.00934, "cross": 0.00137, "elapsed_s": 250.8}
{"event": "fit", "step": 7700, "mse": 0.01528, "gram": 0.00945, "cross": 0.00136, "elapsed_s": 254.0}
{"event": "fit", "step": 7800, "mse": 0.0163, "gram": 0.0096, "cross": 0.00136, "elapsed_s": 257.3}
{"event": "fit", "step": 7900, "mse": 0.01635, "gram": 0.00968, "cross": 0.0014, "elapsed_s": 260.5}
{"event": "fit", "step": 8000, "mse": 0.01586, "gram": 0.00933, "cross": 0.00137, "elapsed_s": 263.7}
{"event": "fit", "step": 8100, "mse": 0.01544, "gram": 0.00943, "cross": 0.00134, "elapsed_s": 267.0}
{"event": "fit", "step": 8200, "mse": 0.01605, "gram": 0.00959, "cross": 0.00141, "elapsed_s": 270.2}
{"event": "fit", "step": 8300, "mse": 0.01665, "gram": 0.00975, "cross": 0.00136, "elapsed_s": 273.5}
{"event": "fit", "step": 8400, "mse": 0.01642, "gram": 0.00956, "cross": 0.00138, "elapsed_s": 276.7}
{"event": "fit", "step": 8500, "mse": 0.01586, "gram": 0.00946, "cross": 0.00139, "elapsed_s": 279.9}
{"event": "fit", "step": 8600, "mse": 0.01607, "gram": 0.00969, "cross": 0.00137, "elapsed_s": 283.2}
{"event": "fit", "step": 8700, "mse": 0.01553, "gram": 0.00928, "cross": 0.00136, "elapsed_s": 286.4}
{"event": "fit", "step": 8800, "mse": 0.01583, "gram": 0.00935, "cross": 0.00134, "elapsed_s": 289.6}
{"event": "fit", "step": 8900, "mse": 0.01555, "gram": 0.00926, "cross": 0.00133, "elapsed_s": 292.9}
{"event": "fit", "step": 9000, "mse": 0.01588, "gram": 0.00961, "cross": 0.0014, "elapsed_s": 296.1}
{"event": "fit", "step": 9100, "mse": 0.01554, "gram": 0.00933, "cross": 0.00137, "elapsed_s": 299.4}
{"event": "fit", "step": 9200, "mse": 0.01619, "gram": 0.00958, "cross": 0.00138, "elapsed_s": 302.6}
{"event": "fit", "step": 9300, "mse": 0.01601, "gram": 0.00959, "cross": 0.00136, "elapsed_s": 305.8}
{"event": "fit", "step": 9400, "mse": 0.0161, "gram": 0.00968, "cross": 0.00138, "elapsed_s": 309.1}
{"event": "fit", "step": 9500, "mse": 0.01583, "gram": 0.00952, "cross": 0.00136, "elapsed_s": 312.3}
{"event": "fit", "step": 9600, "mse": 0.01586, "gram": 0.00923, "cross": 0.00134, "elapsed_s": 315.6}
{"event": "fit", "step": 9700, "mse": 0.01613, "gram": 0.00941, "cross": 0.00134, "elapsed_s": 318.8}
{"event": "fit", "step": 9800, "mse": 0.01557, "gram": 0.0097, "cross": 0.00137, "elapsed_s": 322.0}
{"event": "fit", "step": 9900, "mse": 0.01516, "gram": 0.00923, "cross": 0.00131, "elapsed_s": 325.3}
{"event": "fit", "step": 10000, "mse": 0.0155, "gram": 0.00927, "cross": 0.00134, "elapsed_s": 328.5}
{"event": "layer_metrics", "step": 10000, "layers": [{"mse": 0.0008, "r2": 0.9741, "cos": 0.9866}, {"mse": 0.0027, "r2": 0.837, "cos": 0.9134}, {"mse": 0.0076, "r2": 0.7549, "cos": 0.8688}, {"mse": 0.0197, "r2": 0.6213, "cos": 0.7825}, {"mse": 0.0285, "r2": 0.5635, "cos": 0.7479}, {"mse": 0.037, "r2": 0.4798, "cos": 0.703}], "elapsed_s": 328.7}
{"event": "fit", "step": 10100, "mse": 0.01548, "gram": 0.00912, "cross": 0.00134, "elapsed_s": 331.9}
{"event": "fit", "step": 10200, "mse": 0.01575, "gram": 0.00942, "cross": 0.00132, "elapsed_s": 335.2}
{"event": "fit", "step": 10300, "mse": 0.01575, "gram": 0.00946, "cross": 0.00136, "elapsed_s": 338.4}
{"event": "fit", "step": 10400, "mse": 0.01527, "gram": 0.00923, "cross": 0.00133, "elapsed_s": 341.7}
{"event": "fit", "step": 10500, "mse": 0.01551, "gram": 0.00935, "cross": 0.00136, "elapsed_s": 344.9}
{"event": "fit", "step": 10600, "mse": 0.0159, "gram": 0.00943, "cross": 0.00135, "elapsed_s": 348.2}
{"event": "fit", "step": 10700, "mse": 0.01543, "gram": 0.00901, "cross": 0.0013, "elapsed_s": 351.4}
{"event": "fit", "step": 10800, "mse": 0.01572, "gram": 0.00924, "cross": 0.00135, "elapsed_s": 354.6}
{"event": "fit", "step": 10900, "mse": 0.01567, "gram": 0.00943, "cross": 0.00137, "elapsed_s": 357.9}
{"event": "fit", "step": 11000, "mse": 0.01551, "gram": 0.00912, "cross": 0.00133, "elapsed_s": 361.1}
{"event": "fit", "step": 11100, "mse": 0.01543, "gram": 0.00915, "cross": 0.00131, "elapsed_s": 364.4}
{"event": "fit", "step": 11200, "mse": 0.01561, "gram": 0.00942, "cross": 0.00135, "elapsed_s": 367.6}
{"event": "fit", "step": 11300, "mse": 0.01536, "gram": 0.00905, "cross": 0.00131, "elapsed_s": 370.8}
{"event": "fit", "step": 11400, "mse": 0.01521, "gram": 0.00903, "cross": 0.00132, "elapsed_s": 374.0}
{"event": "fit", "step": 11500, "mse": 0.01563, "gram": 0.00914, "cross": 0.00131, "elapsed_s": 377.3}
{"event": "fit", "step": 11600, "mse": 0.0157, "gram": 0.00954, "cross": 0.00136, "elapsed_s": 380.5}
{"event": "fit", "step": 11700, "mse": 0.01625, "gram": 0.00952, "cross": 0.00134, "elapsed_s": 383.7}
{"event": "fit", "step": 11800, "mse": 0.01566, "gram": 0.00945, "cross": 0.00137, "elapsed_s": 386.9}
{"event": "fit", "step": 11900, "mse": 0.01556, "gram": 0.00913, "cross": 0.00133, "elapsed_s": 390.1}
{"event": "fit", "step": 12000, "mse": 0.01614, "gram": 0.00943, "cross": 0.00134, "elapsed_s": 393.4}
{"event": "fit", "step": 12100, "mse": 0.01543, "gram": 0.00907, "cross": 0.00133, "elapsed_s": 396.6}
{"event": "fit", "step": 12200, "mse": 0.01543, "gram": 0.00914, "cross": 0.00135, "elapsed_s": 399.9}
{"event": "fit", "step": 12300, "mse": 0.01534, "gram": 0.00917, "cross": 0.00131, "elapsed_s": 403.1}
{"event": "fit", "step": 12400, "mse": 0.01556, "gram": 0.00923, "cross": 0.00135, "elapsed_s": 406.3}
{"event": "fit", "step": 12500, "mse": 0.01623, "gram": 0.00937, "cross": 0.00134, "elapsed_s": 409.6}
{"event": "layer_metrics", "step": 12500, "layers": [{"mse": 0.0007, "r2": 0.9764, "cos": 0.9878}, {"mse": 0.0026, "r2": 0.8439, "cos": 0.9172}, {"mse": 0.0074, "r2": 0.7614, "cos": 0.8724}, {"mse": 0.0194, "r2": 0.6275, "cos": 0.7861}, {"mse": 0.0281, "r2": 0.5704, "cos": 0.752}, {"mse": 0.0364, "r2": 0.4886, "cos": 0.7074}], "elapsed_s": 409.7}
{"event": "fit", "step": 12600, "mse": 0.01523, "gram": 0.00931, "cross": 0.00135, "elapsed_s": 413.0}
{"event": "fit", "step": 12700, "mse": 0.01565, "gram": 0.00943, "cross": 0.00136, "elapsed_s": 416.2}
{"event": "fit", "step": 12800, "mse": 0.01538, "gram": 0.00901, "cross": 0.00133, "elapsed_s": 419.4}
{"event": "fit", "step": 12900, "mse": 0.01553, "gram": 0.00925, "cross": 0.00132, "elapsed_s": 422.6}
{"event": "fit", "step": 13000, "mse": 0.01583, "gram": 0.00923, "cross": 0.00137, "elapsed_s": 425.9}
{"event": "fit", "step": 13100, "mse": 0.01539, "gram": 0.00927, "cross": 0.00132, "elapsed_s": 429.1}
{"event": "fit", "step": 13200, "mse": 0.01492, "gram": 0.00889, "cross": 0.00128, "elapsed_s": 432.3}
{"event": "fit", "step": 13300, "mse": 0.0155, "gram": 0.0092, "cross": 0.00129, "elapsed_s": 435.5}
{"event": "fit", "step": 13400, "mse": 0.01547, "gram": 0.00926, "cross": 0.00134, "elapsed_s": 438.8}
{"event": "fit", "step": 13500, "mse": 0.0149, "gram": 0.00882, "cross": 0.00128, "elapsed_s": 442.0}
{"event": "fit", "step": 13600, "mse": 0.01587, "gram": 0.00922, "cross": 0.00132, "elapsed_s": 445.2}
{"event": "fit", "step": 13700, "mse": 0.01551, "gram": 0.00916, "cross": 0.00132, "elapsed_s": 448.4}
{"event": "fit", "step": 13800, "mse": 0.01617, "gram": 0.00921, "cross": 0.00132, "elapsed_s": 451.6}
{"event": "fit", "step": 13900, "mse": 0.01464, "gram": 0.00886, "cross": 0.00126, "elapsed_s": 454.9}
{"event": "fit", "step": 14000, "mse": 0.01491, "gram": 0.00899, "cross": 0.00127, "elapsed_s": 458.1}
{"event": "fit", "step": 14100, "mse": 0.01553, "gram": 0.0091, "cross": 0.00132, "elapsed_s": 461.4}
{"event": "fit", "step": 14200, "mse": 0.01532, "gram": 0.00921, "cross": 0.0013, "elapsed_s": 464.6}
{"event": "fit", "step": 14300, "mse": 0.01542, "gram": 0.00915, "cross": 0.0013, "elapsed_s": 467.9}
{"event": "fit", "step": 14400, "mse": 0.01533, "gram": 0.009, "cross": 0.0013, "elapsed_s": 471.1}
{"event": "fit", "step": 14500, "mse": 0.01502, "gram": 0.00903, "cross": 0.00129, "elapsed_s": 474.3}
{"event": "fit", "step": 14600, "mse": 0.01526, "gram": 0.00902, "cross": 0.00131, "elapsed_s": 477.6}
{"event": "fit", "step": 14700, "mse": 0.01565, "gram": 0.00915, "cross": 0.00131, "elapsed_s": 480.8}
{"event": "fit", "step": 14800, "mse": 0.0149, "gram": 0.00861, "cross": 0.00122, "elapsed_s": 484.1}
{"event": "fit", "step": 14900, "mse": 0.01479, "gram": 0.00871, "cross": 0.0013, "elapsed_s": 487.3}
{"event": "fit", "step": 15000, "mse": 0.01496, "gram": 0.00892, "cross": 0.00129, "elapsed_s": 490.5}
{"event": "layer_metrics", "step": 15000, "layers": [{"mse": 0.0007, "r2": 0.9777, "cos": 0.9884}, {"mse": 0.0025, "r2": 0.8488, "cos": 0.9199}, {"mse": 0.0072, "r2": 0.7656, "cos": 0.8747}, {"mse": 0.0191, "r2": 0.6329, "cos": 0.789}, {"mse": 0.0277, "r2": 0.5768, "cos": 0.756}, {"mse": 0.036, "r2": 0.4941, "cos": 0.7114}], "elapsed_s": 490.7}
{"event": "fit", "step": 15100, "mse": 0.01442, "gram": 0.00868, "cross": 0.00126, "elapsed_s": 494.0}
{"event": "fit", "step": 15200, "mse": 0.01579, "gram": 0.00901, "cross": 0.00129, "elapsed_s": 497.2}
{"event": "fit", "step": 15300, "mse": 0.01557, "gram": 0.00896, "cross": 0.0013, "elapsed_s": 500.4}
{"event": "fit", "step": 15400, "mse": 0.01479, "gram": 0.00878, "cross": 0.00124, "elapsed_s": 503.7}
{"event": "fit", "step": 15500, "mse": 0.01476, "gram": 0.00871, "cross": 0.00125, "elapsed_s": 506.9}
{"event": "fit", "step": 15600, "mse": 0.01473, "gram": 0.00893, "cross": 0.00128, "elapsed_s": 510.2}
{"event": "fit", "step": 15700, "mse": 0.0152, "gram": 0.00892, "cross": 0.0013, "elapsed_s": 513.4}
{"event": "fit", "step": 15800, "mse": 0.0156, "gram": 0.00912, "cross": 0.00131, "elapsed_s": 516.7}
{"event": "fit", "step": 15900, "mse": 0.01581, "gram": 0.00905, "cross": 0.00132, "elapsed_s": 519.9}
{"event": "fit", "step": 16000, "mse": 0.01582, "gram": 0.00923, "cross": 0.00133, "elapsed_s": 523.1}
{"event": "fit", "step": 16100, "mse": 0.01543, "gram": 0.00916, "cross": 0.0013, "elapsed_s": 526.4}
{"event": "fit", "step": 16200, "mse": 0.01469, "gram": 0.00878, "cross": 0.00127, "elapsed_s": 529.6}
{"event": "fit", "step": 16300, "mse": 0.01589, "gram": 0.00939, "cross": 0.00131, "elapsed_s": 532.9}
{"event": "fit", "step": 16400, "mse": 0.01478, "gram": 0.0088, "cross": 0.00129, "elapsed_s": 536.1}
{"event": "fit", "step": 16500, "mse": 0.01522, "gram": 0.00877, "cross": 0.00126, "elapsed_s": 539.3}
{"event": "fit", "step": 16600, "mse": 0.01512, "gram": 0.00911, "cross": 0.00128, "elapsed_s": 542.6}
{"event": "fit", "step": 16700, "mse": 0.01472, "gram": 0.00866, "cross": 0.00125, "elapsed_s": 545.8}
{"event": "fit", "step": 16800, "mse": 0.01472, "gram": 0.00883, "cross": 0.00128, "elapsed_s": 549.1}
{"event": "fit", "step": 16900, "mse": 0.01535, "gram": 0.00875, "cross": 0.00125, "elapsed_s": 552.3}
{"event": "fit", "step": 17000, "mse": 0.01516, "gram": 0.00891, "cross": 0.00129, "elapsed_s": 555.6}
{"event": "fit", "step": 17100, "mse": 0.01503, "gram": 0.00887, "cross": 0.00128, "elapsed_s": 558.8}
{"event": "fit", "step": 17200, "mse": 0.01488, "gram": 0.00886, "cross": 0.00128, "elapsed_s": 562.1}
{"event": "fit", "step": 17300, "mse": 0.01559, "gram": 0.0091, "cross": 0.00131, "elapsed_s": 565.3}
{"event": "fit", "step": 17400, "mse": 0.0152, "gram": 0.00885, "cross": 0.00127, "elapsed_s": 568.5}
{"event": "fit", "step": 17500, "mse": 0.01498, "gram": 0.00893, "cross": 0.00125, "elapsed_s": 571.8}
{"event": "layer_metrics", "step": 17500, "layers": [{"mse": 0.0007, "r2": 0.9783, "cos": 0.9888}, {"mse": 0.0025, "r2": 0.8517, "cos": 0.9215}, {"mse": 0.0072, "r2": 0.7679, "cos": 0.876}, {"mse": 0.0189, "r2": 0.6362, "cos": 0.791}, {"mse": 0.0275, "r2": 0.5802, "cos": 0.7582}, {"mse": 0.0356, "r2": 0.4994, "cos": 0.715}], "elapsed_s": 572.0}
{"event": "fit", "step": 17600, "mse": 0.01493, "gram": 0.00885, "cross": 0.00128, "elapsed_s": 575.2}
{"event": "fit", "step": 17700, "mse": 0.01468, "gram": 0.00862, "cross": 0.00126, "elapsed_s": 578.4}
{"event": "fit", "step": 17800, "mse": 0.01558, "gram": 0.00891, "cross": 0.0013, "elapsed_s": 581.6}
{"event": "fit", "step": 17900, "mse": 0.01558, "gram": 0.00908, "cross": 0.00127, "elapsed_s": 584.9}
{"event": "fit", "step": 18000, "mse": 0.01505, "gram": 0.00882, "cross": 0.00127, "elapsed_s": 588.1}
{"event": "fit", "step": 18100, "mse": 0.01553, "gram": 0.00918, "cross": 0.00129, "elapsed_s": 591.3}
{"event": "fit", "step": 18200, "mse": 0.01464, "gram": 0.00887, "cross": 0.00127, "elapsed_s": 594.5}
{"event": "fit", "step": 18300, "mse": 0.01483, "gram": 0.00879, "cross": 0.00127, "elapsed_s": 597.8}
{"event": "fit", "step": 18400, "mse": 0.01501, "gram": 0.00887, "cross": 0.00126, "elapsed_s": 601.0}
{"event": "fit", "step": 18500, "mse": 0.01482, "gram": 0.00882, "cross": 0.00126, "elapsed_s": 604.2}
{"event": "fit", "step": 18600, "mse": 0.01516, "gram": 0.00891, "cross": 0.00127, "elapsed_s": 607.4}
{"event": "fit", "step": 18700, "mse": 0.01496, "gram": 0.00865, "cross": 0.00126, "elapsed_s": 610.7}
{"event": "fit", "step": 18800, "mse": 0.01441, "gram": 0.0087, "cross": 0.00126, "elapsed_s": 613.9}
{"event": "fit", "step": 18900, "mse": 0.01446, "gram": 0.00848, "cross": 0.00123, "elapsed_s": 617.1}
{"event": "fit", "step": 19000, "mse": 0.0156, "gram": 0.00909, "cross": 0.00128, "elapsed_s": 620.3}
{"event": "fit", "step": 19100, "mse": 0.01432, "gram": 0.00849, "cross": 0.00124, "elapsed_s": 623.6}
{"event": "fit", "step": 19200, "mse": 0.01493, "gram": 0.00879, "cross": 0.00129, "elapsed_s": 626.8}
{"event": "fit", "step": 19300, "mse": 0.01489, "gram": 0.00896, "cross": 0.00126, "elapsed_s": 630.1}
{"event": "fit", "step": 19400, "mse": 0.0145, "gram": 0.00857, "cross": 0.00123, "elapsed_s": 633.3}
{"event": "fit", "step": 19500, "mse": 0.01536, "gram": 0.00883, "cross": 0.00128, "elapsed_s": 636.5}
{"event": "fit", "step": 19600, "mse": 0.01552, "gram": 0.00898, "cross": 0.00131, "elapsed_s": 639.8}
{"event": "fit", "step": 19700, "mse": 0.01461, "gram": 0.00894, "cross": 0.00129, "elapsed_s": 643.0}
{"event": "fit", "step": 19800, "mse": 0.01538, "gram": 0.00899, "cross": 0.00129, "elapsed_s": 646.3}
{"event": "fit", "step": 19900, "mse": 0.01523, "gram": 0.00879, "cross": 0.00126, "elapsed_s": 649.5}
{"event": "fit", "step": 20000, "mse": 0.01463, "gram": 0.00881, "cross": 0.00126, "elapsed_s": 652.8}
{"event": "layer_metrics", "step": 20000, "layers": [{"mse": 0.0007, "r2": 0.9785, "cos": 0.9889}, {"mse": 0.0025, "r2": 0.8526, "cos": 0.922}, {"mse": 0.0071, "r2": 0.769, "cos": 0.8766}, {"mse": 0.0188, "r2": 0.6375, "cos": 0.7918}, {"mse": 0.0274, "r2": 0.5815, "cos": 0.7591}, {"mse": 0.0356, "r2": 0.5004, "cos": 0.7156}], "elapsed_s": 652.9}
{"event": "teacher_lm", "val_nats": 1.2742, "dickens_nats": 1.2666, "elapsed_s": 653.2}
{"event": "swap_one", "layer": 0, "val_nats": 1.2732, "delta": -0.0009, "elapsed_s": 653.4}
{"event": "swap_one", "layer": 1, "val_nats": 1.278, "delta": 0.0039, "elapsed_s": 653.5}
{"event": "swap_one", "layer": 2, "val_nats": 1.2777, "delta": 0.0036, "elapsed_s": 653.6}
{"event": "swap_one", "layer": 3, "val_nats": 1.2869, "delta": 0.0127, "elapsed_s": 653.7}
{"event": "swap_one", "layer": 4, "val_nats": 1.2875, "delta": 0.0133, "elapsed_s": 653.8}
{"event": "swap_one", "layer": 5, "val_nats": 1.2989, "delta": 0.0248, "elapsed_s": 653.9}
{"event": "swap_all_untrained", "val_nats": 1.393, "val_bpc": 2.0097, "dickens_nats": 1.3964, "dickens_bpc": 2.0146, "delta_val": 0.1189, "delta_dickens": 0.1298, "elapsed_s": 654.7}
