{"event": "setup", "teacher_params": 4826880, "mixer_params_each": 16909056, "attn_params_each": 263168, "w_gram": 0.0, "w_cross": 0.0, "groups": 1, "elapsed_s": 3.7}
{"event": "fit", "step": 100, "mse": 0.04204, "gram": 0.0, "cross": 0.0, "elapsed_s": 11.0}
{"event": "fit", "step": 200, "mse": 0.03431, "gram": 0.0, "cross": 0.0, "elapsed_s": 17.0}
{"event": "fit", "step": 300, "mse": 0.0259, "gram": 0.0, "cross": 0.0, "elapsed_s": 23.1}
{"event": "fit", "step": 400, "mse": 0.0224, "gram": 0.0, "cross": 0.0, "elapsed_s": 29.2}
{"event": "fit", "step": 500, "mse": 0.02, "gram": 0.0, "cross": 0.0, "elapsed_s": 35.3}
{"event": "layer_metrics", "step": 500, "layers": [{"mse": 0.0031, "r2": 0.8996, "cos": 0.9478}, {"mse": 0.0057, "r2": 0.6607, "cos": 0.8011}, {"mse": 0.0136, "r2": 0.5609, "cos": 0.746}, {"mse": 0.0268, "r2": 0.484, "cos": 0.6847}, {"mse": 0.0343, "r2": 0.4747, "cos": 0.6803}, {"mse": 0.0404, "r2": 0.433, "cos": 0.6762}], "elapsed_s": 35.6}
{"event": "fit", "step": 600, "mse": 0.01961, "gram": 0.0, "cross": 0.0, "elapsed_s": 41.7}
{"event": "fit", "step": 700, "mse": 0.01771, "gram": 0.0, "cross": 0.0, "elapsed_s": 47.8}
{"event": "fit", "step": 800, "mse": 0.01766, "gram": 0.0, "cross": 0.0, "elapsed_s": 53.8}
{"event": "fit", "step": 900, "mse": 0.01674, "gram": 0.0, "cross": 0.0, "elapsed_s": 59.9}
{"event": "fit", "step": 1000, "mse": 0.01621, "gram": 0.0, "cross": 0.0, "elapsed_s": 66.0}
{"event": "layer_metrics", "step": 1000, "layers": [{"mse": 0.0024, "r2": 0.9235, "cos": 0.9606}, {"mse": 0.004, "r2": 0.7624, "cos": 0.8662}, {"mse": 0.0098, "r2": 0.6816, "cos": 0.824}, {"mse": 0.0215, "r2": 0.5856, "cos": 0.7577}, {"mse": 0.0295, "r2": 0.5482, "cos": 0.7364}, {"mse": 0.0361, "r2": 0.4931, "cos": 0.7149}], "elapsed_s": 66.3}
{"event": "fit", "step": 1100, "mse": 0.01713, "gram": 0.0, "cross": 0.0, "elapsed_s": 72.4}
{"event": "fit", "step": 1200, "mse": 0.01578, "gram": 0.0, "cross": 0.0, "elapsed_s": 78.5}
{"event": "fit", "step": 1300, "mse": 0.0161, "gram": 0.0, "cross": 0.0, "elapsed_s": 84.6}
{"event": "fit", "step": 1400, "mse": 0.01555, "gram": 0.0, "cross": 0.0, "elapsed_s": 90.6}
{"event": "fit", "step": 1500, "mse": 0.01565, "gram": 0.0, "cross": 0.0, "elapsed_s": 96.7}
{"event": "layer_metrics", "step": 1500, "layers": [{"mse": 0.0021, "r2": 0.933, "cos": 0.9656}, {"mse": 0.0034, "r2": 0.798, "cos": 0.8871}, {"mse": 0.0087, "r2": 0.7184, "cos": 0.8463}, {"mse": 0.0196, "r2": 0.6237, "cos": 0.7824}, {"mse": 0.0273, "r2": 0.5823, "cos": 0.7596}, {"mse": 0.0337, "r2": 0.5272, "cos": 0.7394}], "elapsed_s": 97.0}
{"event": "fit", "step": 1600, "mse": 0.01516, "gram": 0.0, "cross": 0.0, "elapsed_s": 103.1}
{"event": "fit", "step": 1700, "mse": 0.01473, "gram": 0.0, "cross": 0.0, "elapsed_s": 109.2}
{"event": "fit", "step": 1800, "mse": 0.01433, "gram": 0.0, "cross": 0.0, "elapsed_s": 115.3}
{"event": "fit", "step": 1900, "mse": 0.01487, "gram": 0.0, "cross": 0.0, "elapsed_s": 121.3}
{"event": "fit", "step": 2000, "mse": 0.01432, "gram": 0.0, "cross": 0.0, "elapsed_s": 127.4}
{"event": "layer_metrics", "step": 2000, "layers": [{"mse": 0.0019, "r2": 0.9386, "cos": 0.9685}, {"mse": 0.003, "r2": 0.8193, "cos": 0.8996}, {"mse": 0.008, "r2": 0.7411, "cos": 0.8597}, {"mse": 0.0183, "r2": 0.6486, "cos": 0.798}, {"mse": 0.0259, "r2": 0.6042, "cos": 0.7737}, {"mse": 0.0321, "r2": 0.5496, "cos": 0.752}], "elapsed_s": 127.8}
{"event": "fit", "step": 2100, "mse": 0.01376, "gram": 0.0, "cross": 0.0, "elapsed_s": 133.8}
{"event": "fit", "step": 2200, "mse": 0.01379, "gram": 0.0, "cross": 0.0, "elapsed_s": 139.9}
{"event": "fit", "step": 2300, "mse": 0.01388, "gram": 0.0, "cross": 0.0, "elapsed_s": 146.0}
{"event": "fit", "step": 2400, "mse": 0.01401, "gram": 0.0, "cross": 0.0, "elapsed_s": 152.0}
{"event": "fit", "step": 2500, "mse": 0.01379, "gram": 0.0, "cross": 0.0, "elapsed_s": 158.1}
{"event": "layer_metrics", "step": 2500, "layers": [{"mse": 0.0017, "r2": 0.9451, "cos": 0.972}, {"mse": 0.0027, "r2": 0.8365, "cos": 0.9095}, {"mse": 0.0076, "r2": 0.7558, "cos": 0.8682}, {"mse": 0.0173, "r2": 0.6673, "cos": 0.8089}, {"mse": 0.0249, "r2": 0.6196, "cos": 0.7832}, {"mse": 0.0309, "r2": 0.5664, "cos": 0.7632}], "elapsed_s": 158.4}
{"event": "fit", "step": 2600, "mse": 0.0135, "gram": 0.0, "cross": 0.0, "elapsed_s": 164.5}
{"event": "fit", "step": 2700, "mse": 0.0135, "gram": 0.0, "cross": 0.0, "elapsed_s": 170.6}
{"event": "fit", "step": 2800, "mse": 0.01376, "gram": 0.0, "cross": 0.0, "elapsed_s": 176.7}
{"event": "fit", "step": 2900, "mse": 0.01359, "gram": 0.0, "cross": 0.0, "elapsed_s": 182.7}
{"event": "fit", "step": 3000, "mse": 0.01302, "gram": 0.0, "cross": 0.0, "elapsed_s": 188.8}
{"event": "layer_metrics", "step": 3000, "layers": [{"mse": 0.0015, "r2": 0.9508, "cos": 0.975}, {"mse": 0.0026, "r2": 0.847, "cos": 0.9156}, {"mse": 0.0072, "r2": 0.7664, "cos": 0.8743}, {"mse": 0.0167, "r2": 0.6795, "cos": 0.8163}, {"mse": 0.0242, "r2": 0.63, "cos": 0.79}, {"mse": 0.0301, "r2": 0.5776, "cos": 0.7699}], "elapsed_s": 189.1}
{"event": "fit", "step": 3100, "mse": 0.01311, "gram": 0.0, "cross": 0.0, "elapsed_s": 195.2}
{"event": "fit", "step": 3200, "mse": 0.01294, "gram": 0.0, "cross": 0.0, "elapsed_s": 201.3}
{"event": "fit", "step": 3300, "mse": 0.01303, "gram": 0.0, "cross": 0.0, "elapsed_s": 207.3}
{"event": "fit", "step": 3400, "mse": 0.01331, "gram": 0.0, "cross": 0.0, "elapsed_s": 213.4}
{"event": "fit", "step": 3500, "mse": 0.0133, "gram": 0.0, "cross": 0.0, "elapsed_s": 219.5}
{"event": "layer_metrics", "step": 3500, "layers": [{"mse": 0.0014, "r2": 0.9538, "cos": 0.9765}, {"mse": 0.0025, "r2": 0.8518, "cos": 0.9184}, {"mse": 0.007, "r2": 0.7727, "cos": 0.8779}, {"mse": 0.0164, "r2": 0.6852, "cos": 0.8197}, {"mse": 0.0237, "r2": 0.637, "cos": 0.7943}, {"mse": 0.0295, "r2": 0.5851, "cos": 0.7746}], "elapsed_s": 219.8}
{"event": "fit", "step": 3600, "mse": 0.01296, "gram": 0.0, "cross": 0.0, "elapsed_s": 225.9}
{"event": "fit", "step": 3700, "mse": 0.0128, "gram": 0.0, "cross": 0.0, "elapsed_s": 231.9}
{"event": "fit", "step": 3800, "mse": 0.01289, "gram": 0.0, "cross": 0.0, "elapsed_s": 238.0}
{"event": "fit", "step": 3900, "mse": 0.01297, "gram": 0.0, "cross": 0.0, "elapsed_s": 244.1}
{"event": "fit", "step": 4000, "mse": 0.01318, "gram": 0.0, "cross": 0.0, "elapsed_s": 250.2}
{"event": "layer_metrics", "step": 4000, "layers": [{"mse": 0.0014, "r2": 0.9544, "cos": 0.9769}, {"mse": 0.0025, "r2": 0.8531, "cos": 0.9192}, {"mse": 0.007, "r2": 0.7742, "cos": 0.8787}, {"mse": 0.0163, "r2": 0.6867, "cos": 0.8206}, {"mse": 0.0237, "r2": 0.6383, "cos": 0.7951}, {"mse": 0.0294, "r2": 0.5873, "cos": 0.7759}], "elapsed_s": 250.5}
{"event": "teacher_lm", "val_nats": 1.2742, "dickens_nats": 1.2666, "elapsed_s": 252.2}
{"event": "swap_one", "layer": 0, "val_nats": 1.2746, "delta": 0.0004, "elapsed_s": 252.4}
{"event": "swap_one", "layer": 1, "val_nats": 1.2746, "delta": 0.0004, "elapsed_s": 252.5}
{"event": "swap_one", "layer": 2, "val_nats": 1.2787, "delta": 0.0046, "elapsed_s": 252.6}
{"event": "swap_one", "layer": 3, "val_nats": 1.2846, "delta": 0.0105, "elapsed_s": 252.7}
{"event": "swap_one", "layer": 4, "val_nats": 1.285, "delta": 0.0109, "elapsed_s": 252.9}
{"event": "swap_one", "layer": 5, "val_nats": 1.2951, "delta": 0.0209, "elapsed_s": 253.0}
{"event": "swap_all_untrained", "val_nats": 1.3856, "val_bpc": 1.999, "dickens_nats": 1.3875, "dickens_bpc": 2.0017, "delta_val": 0.1115, "delta_dickens": 0.1208, "elapsed_s": 254.9}
