{"event": "setup", "teacher_params": 4826880, "mixer_params_each": 16909056, "attn_params_each": 263168, "w_gram": 1.0, "w_cross": 1.0, "groups": 1, "elapsed_s": 3.7}
{"event": "fit", "step": 100, "mse": 0.04666, "gram": 0.03549, "cross": 0.0067, "elapsed_s": 11.7}
{"event": "fit", "step": 200, "mse": 0.04403, "gram": 0.03148, "cross": 0.00598, "elapsed_s": 18.5}
{"event": "fit", "step": 300, "mse": 0.04251, "gram": 0.02776, "cross": 0.00525, "elapsed_s": 25.3}
{"event": "fit", "step": 400, "mse": 0.03994, "gram": 0.02477, "cross": 0.00449, "elapsed_s": 32.0}
{"event": "fit", "step": 500, "mse": 0.03567, "gram": 0.02033, "cross": 0.00364, "elapsed_s": 38.8}
{"event": "fit", "step": 600, "mse": 0.0323, "gram": 0.01837, "cross": 0.00307, "elapsed_s": 45.6}
{"event": "fit", "step": 700, "mse": 0.02741, "gram": 0.01546, "cross": 0.00251, "elapsed_s": 52.4}
{"event": "fit", "step": 800, "mse": 0.0248, "gram": 0.0144, "cross": 0.0022, "elapsed_s": 59.2}
{"event": "fit", "step": 900, "mse": 0.02215, "gram": 0.01311, "cross": 0.00196, "elapsed_s": 66.0}
{"event": "fit", "step": 1000, "mse": 0.0218, "gram": 0.01334, "cross": 0.00199, "elapsed_s": 72.8}
{"event": "fit", "step": 1100, "mse": 0.02134, "gram": 0.01249, "cross": 0.00183, "elapsed_s": 79.6}
{"event": "fit", "step": 1200, "mse": 0.01901, "gram": 0.01153, "cross": 0.00171, "elapsed_s": 86.4}
{"event": "fit", "step": 1300, "mse": 0.01993, "gram": 0.01184, "cross": 0.00177, "elapsed_s": 93.2}
{"event": "fit", "step": 1400, "mse": 0.01873, "gram": 0.01143, "cross": 0.00169, "elapsed_s": 100.0}
{"event": "fit", "step": 1500, "mse": 0.0191, "gram": 0.01168, "cross": 0.0017, "elapsed_s": 106.8}
{"event": "fit", "step": 1600, "mse": 0.01812, "gram": 0.01106, "cross": 0.0016, "elapsed_s": 113.6}
{"event": "fit", "step": 1700, "mse": 0.01744, "gram": 0.01107, "cross": 0.00156, "elapsed_s": 120.4}
{"event": "fit", "step": 1800, "mse": 0.01705, "gram": 0.01063, "cross": 0.00158, "elapsed_s": 127.2}
{"event": "fit", "step": 1900, "mse": 0.01766, "gram": 0.01045, "cross": 0.00155, "elapsed_s": 133.9}
{"event": "fit", "step": 2000, "mse": 0.01689, "gram": 0.01028, "cross": 0.00151, "elapsed_s": 140.7}
{"event": "fit", "step": 2100, "mse": 0.01834, "gram": 0.01172, "cross": 0.00169, "elapsed_s": 147.5}
{"event": "fit", "step": 2200, "mse": 0.01647, "gram": 0.01016, "cross": 0.00145, "elapsed_s": 154.3}
{"event": "fit", "step": 2300, "mse": 0.01618, "gram": 0.01013, "cross": 0.00143, "elapsed_s": 161.1}
{"event": "fit", "step": 2400, "mse": 0.01625, "gram": 0.00998, "cross": 0.00143, "elapsed_s": 167.9}
{"event": "fit", "step": 2500, "mse": 0.01639, "gram": 0.01009, "cross": 0.00145, "elapsed_s": 174.7}
{"event": "layer_metrics", "step": 2500, "layers": [{"mse": 0.0029, "r2": 0.9073, "cos": 0.9531}, {"mse": 0.0048, "r2": 0.7166, "cos": 0.8397}, {"mse": 0.011, "r2": 0.6458, "cos": 0.8028}, {"mse": 0.0192, "r2": 0.631, "cos": 0.7898}, {"mse": 0.028, "r2": 0.5716, "cos": 0.7535}, {"mse": 0.0353, "r2": 0.5039, "cos": 0.7207}], "elapsed_s": 175.0}
{"event": "fit", "step": 2600, "mse": 0.01574, "gram": 0.00935, "cross": 0.00136, "elapsed_s": 181.8}
{"event": "fit", "step": 2700, "mse": 0.017, "gram": 0.01136, "cross": 0.0016, "elapsed_s": 188.6}
{"event": "fit", "step": 2800, "mse": 0.01628, "gram": 0.00996, "cross": 0.00143, "elapsed_s": 195.4}
{"event": "fit", "step": 2900, "mse": 0.01644, "gram": 0.00967, "cross": 0.00145, "elapsed_s": 202.2}
{"event": "fit", "step": 3000, "mse": 0.01518, "gram": 0.00917, "cross": 0.00132, "elapsed_s": 209.0}
{"event": "fit", "step": 3100, "mse": 0.01512, "gram": 0.00926, "cross": 0.00135, "elapsed_s": 215.8}
{"event": "fit", "step": 3200, "mse": 0.01498, "gram": 0.00952, "cross": 0.00136, "elapsed_s": 222.6}
{"event": "fit", "step": 3300, "mse": 0.01501, "gram": 0.00905, "cross": 0.0013, "elapsed_s": 229.4}
{"event": "fit", "step": 3400, "mse": 0.01528, "gram": 0.0091, "cross": 0.00135, "elapsed_s": 236.2}
{"event": "fit", "step": 3500, "mse": 0.01663, "gram": 0.00978, "cross": 0.00142, "elapsed_s": 243.0}
{"event": "fit", "step": 3600, "mse": 0.01485, "gram": 0.00911, "cross": 0.0013, "elapsed_s": 249.8}
{"event": "fit", "step": 3700, "mse": 0.0149, "gram": 0.00917, "cross": 0.00132, "elapsed_s": 256.6}
{"event": "fit", "step": 3800, "mse": 0.01491, "gram": 0.00894, "cross": 0.00131, "elapsed_s": 263.4}
{"event": "fit", "step": 3900, "mse": 0.01484, "gram": 0.00914, "cross": 0.0013, "elapsed_s": 270.2}
{"event": "fit", "step": 4000, "mse": 0.01488, "gram": 0.00921, "cross": 0.0013, "elapsed_s": 277.0}
{"event": "fit", "step": 4100, "mse": 0.01418, "gram": 0.00856, "cross": 0.00124, "elapsed_s": 283.8}
{"event": "fit", "step": 4200, "mse": 0.01441, "gram": 0.00893, "cross": 0.00128, "elapsed_s": 290.6}
{"event": "fit", "step": 4300, "mse": 0.01532, "gram": 0.00892, "cross": 0.0013, "elapsed_s": 297.4}
{"event": "fit", "step": 4400, "mse": 0.01505, "gram": 0.00887, "cross": 0.00127, "elapsed_s": 304.2}
{"event": "fit", "step": 4500, "mse": 0.0139, "gram": 0.00834, "cross": 0.00122, "elapsed_s": 311.0}
{"event": "fit", "step": 4600, "mse": 0.01411, "gram": 0.00843, "cross": 0.00123, "elapsed_s": 317.8}
{"event": "fit", "step": 4700, "mse": 0.0144, "gram": 0.0087, "cross": 0.00125, "elapsed_s": 324.6}
{"event": "fit", "step": 4800, "mse": 0.01414, "gram": 0.00859, "cross": 0.00124, "elapsed_s": 331.4}
{"event": "fit", "step": 4900, "mse": 0.01382, "gram": 0.00849, "cross": 0.00117, "elapsed_s": 338.2}
{"event": "fit", "step": 5000, "mse": 0.01461, "gram": 0.00852, "cross": 0.00125, "elapsed_s": 345.0}
{"event": "layer_metrics", "step": 5000, "layers": [{"mse": 0.0021, "r2": 0.9333, "cos": 0.9669}, {"mse": 0.0042, "r2": 0.7529, "cos": 0.8641}, {"mse": 0.007, "r2": 0.7745, "cos": 0.8818}, {"mse": 0.0162, "r2": 0.6893, "cos": 0.826}, {"mse": 0.0247, "r2": 0.6228, "cos": 0.7859}, {"mse": 0.0321, "r2": 0.5493, "cos": 0.7504}], "elapsed_s": 345.4}
{"event": "fit", "step": 5100, "mse": 0.0154, "gram": 0.00897, "cross": 0.00123, "elapsed_s": 352.1}
{"event": "fit", "step": 5200, "mse": 0.01363, "gram": 0.00818, "cross": 0.0012, "elapsed_s": 358.9}
{"event": "fit", "step": 5300, "mse": 0.01397, "gram": 0.00832, "cross": 0.0012, "elapsed_s": 365.7}
{"event": "fit", "step": 5400, "mse": 0.01388, "gram": 0.00861, "cross": 0.0012, "elapsed_s": 372.5}
{"event": "fit", "step": 5500, "mse": 0.01392, "gram": 0.00846, "cross": 0.00121, "elapsed_s": 379.3}
{"event": "fit", "step": 5600, "mse": 0.01407, "gram": 0.00811, "cross": 0.00115, "elapsed_s": 386.1}
{"event": "fit", "step": 5700, "mse": 0.01346, "gram": 0.00821, "cross": 0.00118, "elapsed_s": 393.0}
{"event": "fit", "step": 5800, "mse": 0.01333, "gram": 0.00804, "cross": 0.00117, "elapsed_s": 399.8}
{"event": "fit", "step": 5900, "mse": 0.0137, "gram": 0.00807, "cross": 0.00116, "elapsed_s": 406.6}
{"event": "fit", "step": 6000, "mse": 0.01358, "gram": 0.0083, "cross": 0.00119, "elapsed_s": 413.4}
{"event": "fit", "step": 6100, "mse": 0.01313, "gram": 0.00795, "cross": 0.00113, "elapsed_s": 420.2}
{"event": "fit", "step": 6200, "mse": 0.01312, "gram": 0.00803, "cross": 0.00114, "elapsed_s": 427.0}
{"event": "fit", "step": 6300, "mse": 0.01368, "gram": 0.00832, "cross": 0.0012, "elapsed_s": 433.8}
{"event": "fit", "step": 6400, "mse": 0.01286, "gram": 0.00774, "cross": 0.00112, "elapsed_s": 440.6}
{"event": "fit", "step": 6500, "mse": 0.01299, "gram": 0.00777, "cross": 0.00112, "elapsed_s": 447.4}
{"event": "fit", "step": 6600, "mse": 0.01338, "gram": 0.00784, "cross": 0.00114, "elapsed_s": 454.2}
{"event": "fit", "step": 6700, "mse": 0.01302, "gram": 0.00791, "cross": 0.00113, "elapsed_s": 461.1}
{"event": "fit", "step": 6800, "mse": 0.01268, "gram": 0.00752, "cross": 0.00111, "elapsed_s": 467.9}
{"event": "fit", "step": 6900, "mse": 0.01284, "gram": 0.00755, "cross": 0.00112, "elapsed_s": 474.7}
{"event": "fit", "step": 7000, "mse": 0.01305, "gram": 0.00784, "cross": 0.00113, "elapsed_s": 481.5}
{"event": "fit", "step": 7100, "mse": 0.01262, "gram": 0.00735, "cross": 0.00106, "elapsed_s": 488.3}
{"event": "fit", "step": 7200, "mse": 0.01377, "gram": 0.00786, "cross": 0.00111, "elapsed_s": 495.1}
{"event": "fit", "step": 7300, "mse": 0.01284, "gram": 0.00772, "cross": 0.00112, "elapsed_s": 501.9}
{"event": "fit", "step": 7400, "mse": 0.01255, "gram": 0.00749, "cross": 0.00107, "elapsed_s": 508.7}
{"event": "fit", "step": 7500, "mse": 0.01283, "gram": 0.00757, "cross": 0.00109, "elapsed_s": 515.6}
{"event": "layer_metrics", "step": 7500, "layers": [{"mse": 0.0015, "r2": 0.9524, "cos": 0.9766}, {"mse": 0.0026, "r2": 0.8439, "cos": 0.9175}, {"mse": 0.006, "r2": 0.8063, "cos": 0.9}, {"mse": 0.0147, "r2": 0.7166, "cos": 0.8412}, {"mse": 0.0231, "r2": 0.6461, "cos": 0.7997}, {"mse": 0.031, "r2": 0.5638, "cos": 0.7582}], "elapsed_s": 515.9}
{"event": "fit", "step": 7600, "mse": 0.01236, "gram": 0.00736, "cross": 0.00107, "elapsed_s": 522.7}
{"event": "fit", "step": 7700, "mse": 0.01194, "gram": 0.0074, "cross": 0.00107, "elapsed_s": 529.5}
{"event": "fit", "step": 7800, "mse": 0.01245, "gram": 0.00738, "cross": 0.00104, "elapsed_s": 536.3}
{"event": "fit", "step": 7900, "mse": 0.01266, "gram": 0.00751, "cross": 0.00108, "elapsed_s": 543.1}
{"event": "fit", "step": 8000, "mse": 0.01216, "gram": 0.00706, "cross": 0.00103, "elapsed_s": 549.9}
{"event": "fit", "step": 8100, "mse": 0.01199, "gram": 0.00729, "cross": 0.00104, "elapsed_s": 556.7}
{"event": "fit", "step": 8200, "mse": 0.01235, "gram": 0.00725, "cross": 0.00106, "elapsed_s": 563.6}
{"event": "fit", "step": 8300, "mse": 0.01259, "gram": 0.00719, "cross": 0.00102, "elapsed_s": 570.4}
{"event": "fit", "step": 8400, "mse": 0.01266, "gram": 0.00738, "cross": 0.00106, "elapsed_s": 577.2}
{"event": "fit", "step": 8500, "mse": 0.01208, "gram": 0.00717, "cross": 0.00106, "elapsed_s": 584.0}
{"event": "fit", "step": 8600, "mse": 0.01235, "gram": 0.00738, "cross": 0.00105, "elapsed_s": 590.8}
{"event": "fit", "step": 8700, "mse": 0.01187, "gram": 0.00706, "cross": 0.00103, "elapsed_s": 597.6}
{"event": "fit", "step": 8800, "mse": 0.01214, "gram": 0.0071, "cross": 0.00102, "elapsed_s": 604.4}
{"event": "fit", "step": 8900, "mse": 0.0119, "gram": 0.00702, "cross": 0.00101, "elapsed_s": 611.2}
{"event": "fit", "step": 9000, "mse": 0.01214, "gram": 0.00723, "cross": 0.00107, "elapsed_s": 618.0}
{"event": "fit", "step": 9100, "mse": 0.012, "gram": 0.00718, "cross": 0.00105, "elapsed_s": 624.9}
{"event": "fit", "step": 9200, "mse": 0.01227, "gram": 0.00727, "cross": 0.00105, "elapsed_s": 631.7}
{"event": "fit", "step": 9300, "mse": 0.0122, "gram": 0.00725, "cross": 0.00103, "elapsed_s": 638.5}
{"event": "fit", "step": 9400, "mse": 0.01223, "gram": 0.00726, "cross": 0.00104, "elapsed_s": 645.3}
{"event": "fit", "step": 9500, "mse": 0.0121, "gram": 0.00723, "cross": 0.00103, "elapsed_s": 652.1}
{"event": "fit", "step": 9600, "mse": 0.01195, "gram": 0.00683, "cross": 0.00101, "elapsed_s": 658.9}
{"event": "fit", "step": 9700, "mse": 0.01212, "gram": 0.00696, "cross": 0.001, "elapsed_s": 665.7}
{"event": "fit", "step": 9800, "mse": 0.01179, "gram": 0.00729, "cross": 0.00103, "elapsed_s": 672.5}
{"event": "fit", "step": 9900, "mse": 0.01159, "gram": 0.00693, "cross": 0.00099, "elapsed_s": 679.3}
{"event": "fit", "step": 10000, "mse": 0.01168, "gram": 0.0069, "cross": 0.001, "elapsed_s": 686.1}
{"event": "layer_metrics", "step": 10000, "layers": [{"mse": 0.001, "r2": 0.9669, "cos": 0.9839}, {"mse": 0.0021, "r2": 0.874, "cos": 0.9347}, {"mse": 0.0053, "r2": 0.8279, "cos": 0.9115}, {"mse": 0.0141, "r2": 0.7281, "cos": 0.8468}, {"mse": 0.0222, "r2": 0.6604, "cos": 0.8077}, {"mse": 0.0295, "r2": 0.5851, "cos": 0.7711}], "elapsed_s": 686.5}
{"event": "fit", "step": 10100, "mse": 0.01171, "gram": 0.00674, "cross": 0.001, "elapsed_s": 693.2}
{"event": "fit", "step": 10200, "mse": 0.01158, "gram": 0.00688, "cross": 0.00098, "elapsed_s": 700.0}
{"event": "fit", "step": 10300, "mse": 0.01202, "gram": 0.00724, "cross": 0.00102, "elapsed_s": 706.9}
{"event": "fit", "step": 10400, "mse": 0.0114, "gram": 0.00663, "cross": 0.00099, "elapsed_s": 713.7}
{"event": "fit", "step": 10500, "mse": 0.01174, "gram": 0.00695, "cross": 0.00102, "elapsed_s": 720.5}
{"event": "fit", "step": 10600, "mse": 0.0119, "gram": 0.00699, "cross": 0.00101, "elapsed_s": 727.3}
{"event": "fit", "step": 10700, "mse": 0.01158, "gram": 0.00663, "cross": 0.00097, "elapsed_s": 734.1}
{"event": "fit", "step": 10800, "mse": 0.01179, "gram": 0.00677, "cross": 0.001, "elapsed_s": 740.9}
{"event": "fit", "step": 10900, "mse": 0.0117, "gram": 0.00682, "cross": 0.00101, "elapsed_s": 747.7}
{"event": "fit", "step": 11000, "mse": 0.01142, "gram": 0.00679, "cross": 0.00098, "elapsed_s": 754.5}
{"event": "fit", "step": 11100, "mse": 0.01151, "gram": 0.00667, "cross": 0.00097, "elapsed_s": 761.3}
{"event": "fit", "step": 11200, "mse": 0.01174, "gram": 0.00684, "cross": 0.001, "elapsed_s": 768.1}
{"event": "fit", "step": 11300, "mse": 0.01131, "gram": 0.00652, "cross": 0.00096, "elapsed_s": 774.9}
{"event": "fit", "step": 11400, "mse": 0.01133, "gram": 0.00659, "cross": 0.00096, "elapsed_s": 781.7}
{"event": "fit", "step": 11500, "mse": 0.01163, "gram": 0.00666, "cross": 0.00097, "elapsed_s": 788.5}
{"event": "fit", "step": 11600, "mse": 0.01156, "gram": 0.00693, "cross": 0.001, "elapsed_s": 795.3}
{"event": "fit", "step": 11700, "mse": 0.01194, "gram": 0.00686, "cross": 0.00098, "elapsed_s": 802.2}
{"event": "fit", "step": 11800, "mse": 0.01174, "gram": 0.00684, "cross": 0.00101, "elapsed_s": 809.0}
{"event": "fit", "step": 11900, "mse": 0.01159, "gram": 0.00667, "cross": 0.00098, "elapsed_s": 815.8}
{"event": "fit", "step": 12000, "mse": 0.01172, "gram": 0.00664, "cross": 0.00096, "elapsed_s": 822.6}
{"event": "fit", "step": 12100, "mse": 0.01155, "gram": 0.00654, "cross": 0.00097, "elapsed_s": 829.4}
{"event": "fit", "step": 12200, "mse": 0.01134, "gram": 0.00658, "cross": 0.00098, "elapsed_s": 836.2}
{"event": "fit", "step": 12300, "mse": 0.0113, "gram": 0.00664, "cross": 0.00096, "elapsed_s": 843.0}
{"event": "fit", "step": 12400, "mse": 0.01155, "gram": 0.00668, "cross": 0.00099, "elapsed_s": 849.8}
{"event": "fit", "step": 12500, "mse": 0.01195, "gram": 0.00683, "cross": 0.00098, "elapsed_s": 856.6}
{"event": "layer_metrics", "step": 12500, "layers": [{"mse": 0.0008, "r2": 0.9746, "cos": 0.9875}, {"mse": 0.0019, "r2": 0.8876, "cos": 0.942}, {"mse": 0.005, "r2": 0.8393, "cos": 0.9172}, {"mse": 0.0135, "r2": 0.7396, "cos": 0.853}, {"mse": 0.0216, "r2": 0.6694, "cos": 0.8127}, {"mse": 0.0287, "r2": 0.5972, "cos": 0.7783}], "elapsed_s": 856.9}
{"event": "fit", "step": 12600, "mse": 0.01119, "gram": 0.00663, "cross": 0.00097, "elapsed_s": 863.7}
{"event": "fit", "step": 12700, "mse": 0.01158, "gram": 0.00682, "cross": 0.00098, "elapsed_s": 870.5}
{"event": "fit", "step": 12800, "mse": 0.01124, "gram": 0.00644, "cross": 0.00096, "elapsed_s": 877.3}
{"event": "fit", "step": 12900, "mse": 0.01136, "gram": 0.00655, "cross": 0.00096, "elapsed_s": 884.1}
{"event": "fit", "step": 13000, "mse": 0.01164, "gram": 0.00666, "cross": 0.001, "elapsed_s": 890.9}
{"event": "fit", "step": 13100, "mse": 0.01126, "gram": 0.00658, "cross": 0.00096, "elapsed_s": 897.7}
{"event": "fit", "step": 13200, "mse": 0.01092, "gram": 0.00633, "cross": 0.00094, "elapsed_s": 904.5}
{"event": "fit", "step": 13300, "mse": 0.01127, "gram": 0.00655, "cross": 0.00093, "elapsed_s": 911.3}
{"event": "fit", "step": 13400, "mse": 0.01122, "gram": 0.00662, "cross": 0.00096, "elapsed_s": 918.1}
{"event": "fit", "step": 13500, "mse": 0.01094, "gram": 0.00629, "cross": 0.00093, "elapsed_s": 924.9}
{"event": "fit", "step": 13600, "mse": 0.01157, "gram": 0.00664, "cross": 0.00095, "elapsed_s": 931.7}
{"event": "fit", "step": 13700, "mse": 0.01139, "gram": 0.00663, "cross": 0.00096, "elapsed_s": 938.5}
{"event": "fit", "step": 13800, "mse": 0.01178, "gram": 0.00654, "cross": 0.00095, "elapsed_s": 945.3}
{"event": "fit", "step": 13900, "mse": 0.01062, "gram": 0.0063, "cross": 0.00091, "elapsed_s": 952.1}
{"event": "fit", "step": 14000, "mse": 0.01087, "gram": 0.00638, "cross": 0.00092, "elapsed_s": 958.9}
{"event": "fit", "step": 14100, "mse": 0.01126, "gram": 0.00646, "cross": 0.00095, "elapsed_s": 965.7}
{"event": "fit", "step": 14200, "mse": 0.01119, "gram": 0.00649, "cross": 0.00093, "elapsed_s": 972.6}
{"event": "fit", "step": 14300, "mse": 0.01108, "gram": 0.00642, "cross": 0.00093, "elapsed_s": 979.4}
{"event": "fit", "step": 14400, "mse": 0.01121, "gram": 0.00642, "cross": 0.00094, "elapsed_s": 986.2}
{"event": "fit", "step": 14500, "mse": 0.01099, "gram": 0.00642, "cross": 0.00093, "elapsed_s": 993.0}
{"event": "fit", "step": 14600, "mse": 0.01109, "gram": 0.0064, "cross": 0.00094, "elapsed_s": 999.8}
{"event": "fit", "step": 14700, "mse": 0.01124, "gram": 0.00645, "cross": 0.00093, "elapsed_s": 1006.6}
{"event": "fit", "step": 14800, "mse": 0.01077, "gram": 0.00609, "cross": 0.00087, "elapsed_s": 1013.4}
{"event": "fit", "step": 14900, "mse": 0.01088, "gram": 0.00619, "cross": 0.00094, "elapsed_s": 1020.3}
{"event": "fit", "step": 15000, "mse": 0.01084, "gram": 0.00637, "cross": 0.00093, "elapsed_s": 1027.1}
{"event": "layer_metrics", "step": 15000, "layers": [{"mse": 0.0007, "r2": 0.9772, "cos": 0.9888}, {"mse": 0.0018, "r2": 0.8956, "cos": 0.9463}, {"mse": 0.0048, "r2": 0.8458, "cos": 0.9204}, {"mse": 0.0132, "r2": 0.7465, "cos": 0.8567}, {"mse": 0.021, "r2": 0.6782, "cos": 0.8179}, {"mse": 0.0281, "r2": 0.6055, "cos": 0.7838}], "elapsed_s": 1027.4}
{"event": "fit", "step": 15100, "mse": 0.01044, "gram": 0.00615, "cross": 0.00091, "elapsed_s": 1034.2}
{"event": "fit", "step": 15200, "mse": 0.01147, "gram": 0.00637, "cross": 0.00092, "elapsed_s": 1041.0}
{"event": "fit", "step": 15300, "mse": 0.01111, "gram": 0.00627, "cross": 0.00092, "elapsed_s": 1047.8}
{"event": "fit", "step": 15400, "mse": 0.01066, "gram": 0.00612, "cross": 0.00089, "elapsed_s": 1054.6}
{"event": "fit", "step": 15500, "mse": 0.01073, "gram": 0.00612, "cross": 0.0009, "elapsed_s": 1061.5}
{"event": "fit", "step": 15600, "mse": 0.01068, "gram": 0.00629, "cross": 0.00091, "elapsed_s": 1068.3}
{"event": "fit", "step": 15700, "mse": 0.01089, "gram": 0.00619, "cross": 0.00092, "elapsed_s": 1075.1}
{"event": "fit", "step": 15800, "mse": 0.01128, "gram": 0.00638, "cross": 0.00093, "elapsed_s": 1081.9}
{"event": "fit", "step": 15900, "mse": 0.01139, "gram": 0.00632, "cross": 0.00094, "elapsed_s": 1088.7}
{"event": "fit", "step": 16000, "mse": 0.01146, "gram": 0.00655, "cross": 0.00095, "elapsed_s": 1095.5}
{"event": "fit", "step": 16100, "mse": 0.01113, "gram": 0.00638, "cross": 0.00093, "elapsed_s": 1102.3}
{"event": "fit", "step": 16200, "mse": 0.01056, "gram": 0.00608, "cross": 0.0009, "elapsed_s": 1109.1}
{"event": "fit", "step": 16300, "mse": 0.01137, "gram": 0.0065, "cross": 0.00093, "elapsed_s": 1115.9}
{"event": "fit", "step": 16400, "mse": 0.01067, "gram": 0.00621, "cross": 0.00092, "elapsed_s": 1122.7}
{"event": "fit", "step": 16500, "mse": 0.01086, "gram": 0.00613, "cross": 0.00089, "elapsed_s": 1129.6}
{"event": "fit", "step": 16600, "mse": 0.01099, "gram": 0.00644, "cross": 0.00092, "elapsed_s": 1136.4}
{"event": "fit", "step": 16700, "mse": 0.01054, "gram": 0.00604, "cross": 0.00089, "elapsed_s": 1143.2}
{"event": "fit", "step": 16800, "mse": 0.01067, "gram": 0.00618, "cross": 0.00092, "elapsed_s": 1150.0}
{"event": "fit", "step": 16900, "mse": 0.01115, "gram": 0.00615, "cross": 0.00089, "elapsed_s": 1156.8}
{"event": "fit", "step": 17000, "mse": 0.01101, "gram": 0.00629, "cross": 0.00092, "elapsed_s": 1163.6}
{"event": "fit", "step": 17100, "mse": 0.01077, "gram": 0.00616, "cross": 0.00091, "elapsed_s": 1170.5}
{"event": "fit", "step": 17200, "mse": 0.0108, "gram": 0.00619, "cross": 0.00091, "elapsed_s": 1177.3}
{"event": "fit", "step": 17300, "mse": 0.01133, "gram": 0.00641, "cross": 0.00094, "elapsed_s": 1184.1}
{"event": "fit", "step": 17400, "mse": 0.01077, "gram": 0.00615, "cross": 0.00089, "elapsed_s": 1190.9}
{"event": "fit", "step": 17500, "mse": 0.01081, "gram": 0.0063, "cross": 0.00089, "elapsed_s": 1197.7}
{"event": "layer_metrics", "step": 17500, "layers": [{"mse": 0.0007, "r2": 0.9782, "cos": 0.9893}, {"mse": 0.0017, "r2": 0.8995, "cos": 0.9484}, {"mse": 0.0046, "r2": 0.8502, "cos": 0.9226}, {"mse": 0.013, "r2": 0.7505, "cos": 0.8589}, {"mse": 0.0207, "r2": 0.6827, "cos": 0.8204}, {"mse": 0.0277, "r2": 0.6108, "cos": 0.7868}], "elapsed_s": 1198.0}
{"event": "fit", "step": 17600, "mse": 0.01075, "gram": 0.00617, "cross": 0.00091, "elapsed_s": 1204.8}
{"event": "fit", "step": 17700, "mse": 0.01065, "gram": 0.00605, "cross": 0.0009, "elapsed_s": 1211.6}
{"event": "fit", "step": 17800, "mse": 0.01103, "gram": 0.00619, "cross": 0.00092, "elapsed_s": 1218.4}
{"event": "fit", "step": 17900, "mse": 0.01118, "gram": 0.00627, "cross": 0.00091, "elapsed_s": 1225.3}
{"event": "fit", "step": 18000, "mse": 0.01078, "gram": 0.00614, "cross": 0.0009, "elapsed_s": 1232.1}
{"event": "fit", "step": 18100, "mse": 0.01098, "gram": 0.0063, "cross": 0.00091, "elapsed_s": 1238.9}
{"event": "fit", "step": 18200, "mse": 0.01054, "gram": 0.00617, "cross": 0.0009, "elapsed_s": 1245.7}
{"event": "fit", "step": 18300, "mse": 0.01065, "gram": 0.00611, "cross": 0.0009, "elapsed_s": 1252.5}
{"event": "fit", "step": 18400, "mse": 0.01075, "gram": 0.00622, "cross": 0.0009, "elapsed_s": 1259.3}
{"event": "fit", "step": 18500, "mse": 0.01062, "gram": 0.00612, "cross": 0.0009, "elapsed_s": 1266.2}
{"event": "fit", "step": 18600, "mse": 0.01101, "gram": 0.00624, "cross": 0.00091, "elapsed_s": 1273.0}
{"event": "fit", "step": 18700, "mse": 0.01084, "gram": 0.00603, "cross": 0.0009, "elapsed_s": 1279.8}
{"event": "fit", "step": 18800, "mse": 0.01044, "gram": 0.0061, "cross": 0.0009, "elapsed_s": 1286.6}
{"event": "fit", "step": 18900, "mse": 0.01037, "gram": 0.00591, "cross": 0.00087, "elapsed_s": 1293.4}
{"event": "fit", "step": 19000, "mse": 0.01111, "gram": 0.00621, "cross": 0.0009, "elapsed_s": 1300.2}
{"event": "fit", "step": 19100, "mse": 0.0104, "gram": 0.00596, "cross": 0.00088, "elapsed_s": 1307.0}
{"event": "fit", "step": 19200, "mse": 0.01068, "gram": 0.00607, "cross": 0.0009, "elapsed_s": 1313.8}
{"event": "fit", "step": 19300, "mse": 0.01072, "gram": 0.00621, "cross": 0.00089, "elapsed_s": 1320.6}
{"event": "fit", "step": 19400, "mse": 0.01043, "gram": 0.00592, "cross": 0.00087, "elapsed_s": 1327.4}
{"event": "fit", "step": 19500, "mse": 0.01083, "gram": 0.00611, "cross": 0.00089, "elapsed_s": 1334.2}
{"event": "fit", "step": 19600, "mse": 0.01126, "gram": 0.00633, "cross": 0.00094, "elapsed_s": 1341.0}
{"event": "fit", "step": 19700, "mse": 0.01042, "gram": 0.00616, "cross": 0.00091, "elapsed_s": 1347.8}
{"event": "fit", "step": 19800, "mse": 0.01103, "gram": 0.00627, "cross": 0.00091, "elapsed_s": 1354.6}
{"event": "fit", "step": 19900, "mse": 0.01088, "gram": 0.00612, "cross": 0.00089, "elapsed_s": 1361.4}
{"event": "fit", "step": 20000, "mse": 0.01047, "gram": 0.00617, "cross": 0.00089, "elapsed_s": 1368.2}
{"event": "layer_metrics", "step": 20000, "layers": [{"mse": 0.0007, "r2": 0.9785, "cos": 0.9894}, {"mse": 0.0017, "r2": 0.9006, "cos": 0.949}, {"mse": 0.0046, "r2": 0.8514, "cos": 0.9232}, {"mse": 0.0129, "r2": 0.7519, "cos": 0.8597}, {"mse": 0.0206, "r2": 0.6842, "cos": 0.8214}, {"mse": 0.0276, "r2": 0.612, "cos": 0.7875}], "elapsed_s": 1368.5}
{"event": "teacher_lm", "val_nats": 1.2742, "dickens_nats": 1.2666, "elapsed_s": 1370.1}
{"event": "swap_one", "layer": 0, "val_nats": 1.2731, "delta": -0.001, "elapsed_s": 1370.2}
{"event": "swap_one", "layer": 1, "val_nats": 1.2736, "delta": -0.0006, "elapsed_s": 1370.3}
{"event": "swap_one", "layer": 2, "val_nats": 1.2756, "delta": 0.0014, "elapsed_s": 1370.5}
{"event": "swap_one", "layer": 3, "val_nats": 1.2809, "delta": 0.0067, "elapsed_s": 1370.6}
{"event": "swap_one", "layer": 4, "val_nats": 1.2821, "delta": 0.0079, "elapsed_s": 1370.7}
{"event": "swap_one", "layer": 5, "val_nats": 1.2926, "delta": 0.0184, "elapsed_s": 1370.9}
{"event": "swap_all_untrained", "val_nats": 1.3443, "val_bpc": 1.9394, "dickens_nats": 1.3462, "dickens_bpc": 1.9421, "delta_val": 0.0702, "delta_dickens": 0.0795, "elapsed_s": 1372.7}
