{"event": "setup", "teacher_params": 4825344, "mixer_params_each": 16909056, "attn_params_each": 263168, "w_gram": 1.0, "w_cross": 1.0, "groups": 1, "elapsed_s": 1.3}
{"event": "fit", "step": 100, "mse": 0.03466, "gram": 0.03455, "cross": 0.00618, "elapsed_s": 9.3}
{"event": "fit", "step": 200, "mse": 0.02976, "gram": 0.02444, "cross": 0.00414, "elapsed_s": 16.1}
{"event": "fit", "step": 300, "mse": 0.02547, "gram": 0.01954, "cross": 0.00322, "elapsed_s": 22.9}
{"event": "fit", "step": 400, "mse": 0.02289, "gram": 0.01748, "cross": 0.00286, "elapsed_s": 29.6}
{"event": "fit", "step": 500, "mse": 0.02044, "gram": 0.01548, "cross": 0.0025, "elapsed_s": 36.4}
{"event": "layer_metrics", "step": 500, "layers": [{"mse": 0.0034, "r2": 0.8329, "cos": 0.9137}, {"mse": 0.0054, "r2": 0.542, "cos": 0.6967}, {"mse": 0.0231, "r2": 0.2458, "cos": 0.4692}, {"mse": 0.0267, "r2": 0.3307, "cos": 0.5668}, {"mse": 0.0297, "r2": 0.4086, "cos": 0.6301}, {"mse": 0.0339, "r2": 0.2545, "cos": 0.5091}], "elapsed_s": 36.8}
{"event": "fit", "step": 600, "mse": 0.01877, "gram": 0.01419, "cross": 0.00226, "elapsed_s": 43.5}
{"event": "fit", "step": 700, "mse": 0.01783, "gram": 0.01321, "cross": 0.00217, "elapsed_s": 50.3}
{"event": "fit", "step": 800, "mse": 0.01647, "gram": 0.01273, "cross": 0.002, "elapsed_s": 57.1}
{"event": "fit", "step": 900, "mse": 0.01622, "gram": 0.01179, "cross": 0.0019, "elapsed_s": 63.9}
{"event": "fit", "step": 1000, "mse": 0.01523, "gram": 0.01175, "cross": 0.00189, "elapsed_s": 70.6}
{"event": "layer_metrics", "step": 1000, "layers": [{"mse": 0.0018, "r2": 0.9111, "cos": 0.9542}, {"mse": 0.0036, "r2": 0.6995, "cos": 0.8159}, {"mse": 0.0148, "r2": 0.5148, "cos": 0.7128}, {"mse": 0.0181, "r2": 0.5464, "cos": 0.7393}, {"mse": 0.024, "r2": 0.5218, "cos": 0.7159}, {"mse": 0.0293, "r2": 0.3538, "cos": 0.5986}], "elapsed_s": 71.0}
{"event": "fit", "step": 1100, "mse": 0.0146, "gram": 0.0111, "cross": 0.00182, "elapsed_s": 77.7}
{"event": "fit", "step": 1200, "mse": 0.01401, "gram": 0.01032, "cross": 0.00171, "elapsed_s": 84.5}
{"event": "fit", "step": 1300, "mse": 0.01375, "gram": 0.01042, "cross": 0.00166, "elapsed_s": 91.3}
{"event": "fit", "step": 1400, "mse": 0.01321, "gram": 0.00994, "cross": 0.00161, "elapsed_s": 98.1}
{"event": "fit", "step": 1500, "mse": 0.01299, "gram": 0.00989, "cross": 0.00157, "elapsed_s": 104.9}
{"event": "layer_metrics", "step": 1500, "layers": [{"mse": 0.0012, "r2": 0.9414, "cos": 0.9698}, {"mse": 0.0027, "r2": 0.7686, "cos": 0.8638}, {"mse": 0.0106, "r2": 0.6534, "cos": 0.8089}, {"mse": 0.0156, "r2": 0.6081, "cos": 0.7797}, {"mse": 0.0215, "r2": 0.5727, "cos": 0.7501}, {"mse": 0.0267, "r2": 0.4125, "cos": 0.6433}], "elapsed_s": 105.2}
{"event": "fit", "step": 1600, "mse": 0.01263, "gram": 0.00953, "cross": 0.00152, "elapsed_s": 111.9}
{"event": "fit", "step": 1700, "mse": 0.01225, "gram": 0.00933, "cross": 0.00151, "elapsed_s": 118.7}
{"event": "fit", "step": 1800, "mse": 0.01174, "gram": 0.00903, "cross": 0.00145, "elapsed_s": 125.5}
{"event": "fit", "step": 1900, "mse": 0.01184, "gram": 0.00886, "cross": 0.00143, "elapsed_s": 132.3}
{"event": "fit", "step": 2000, "mse": 0.01149, "gram": 0.00892, "cross": 0.0014, "elapsed_s": 139.1}
{"event": "layer_metrics", "step": 2000, "layers": [{"mse": 0.001, "r2": 0.9509, "cos": 0.9747}, {"mse": 0.0023, "r2": 0.8064, "cos": 0.8894}, {"mse": 0.0088, "r2": 0.7114, "cos": 0.8442}, {"mse": 0.0144, "r2": 0.6387, "cos": 0.7986}, {"mse": 0.0202, "r2": 0.5978, "cos": 0.7659}, {"mse": 0.0248, "r2": 0.4536, "cos": 0.6737}], "elapsed_s": 139.4}
{"event": "fit", "step": 2100, "mse": 0.01148, "gram": 0.00837, "cross": 0.00137, "elapsed_s": 146.2}
{"event": "fit", "step": 2200, "mse": 0.01118, "gram": 0.00835, "cross": 0.00134, "elapsed_s": 152.9}
{"event": "fit", "step": 2300, "mse": 0.01108, "gram": 0.00838, "cross": 0.00137, "elapsed_s": 159.7}
{"event": "fit", "step": 2400, "mse": 0.01096, "gram": 0.00841, "cross": 0.00136, "elapsed_s": 166.5}
{"event": "fit", "step": 2500, "mse": 0.01097, "gram": 0.00829, "cross": 0.00136, "elapsed_s": 173.3}
{"event": "layer_metrics", "step": 2500, "layers": [{"mse": 0.0009, "r2": 0.954, "cos": 0.9763}, {"mse": 0.0021, "r2": 0.8253, "cos": 0.9023}, {"mse": 0.008, "r2": 0.7371, "cos": 0.8593}, {"mse": 0.0138, "r2": 0.6535, "cos": 0.8075}, {"mse": 0.0195, "r2": 0.6114, "cos": 0.7743}, {"mse": 0.0237, "r2": 0.4775, "cos": 0.6911}], "elapsed_s": 173.6}
{"event": "fit", "step": 2600, "mse": 0.01095, "gram": 0.0082, "cross": 0.00134, "elapsed_s": 180.4}
{"event": "fit", "step": 2700, "mse": 0.01075, "gram": 0.00823, "cross": 0.00135, "elapsed_s": 187.2}
{"event": "fit", "step": 2800, "mse": 0.01071, "gram": 0.00806, "cross": 0.00133, "elapsed_s": 194.0}
{"event": "fit", "step": 2900, "mse": 0.01111, "gram": 0.00835, "cross": 0.00136, "elapsed_s": 200.8}
{"event": "fit", "step": 3000, "mse": 0.01062, "gram": 0.00785, "cross": 0.00131, "elapsed_s": 207.6}
{"event": "layer_metrics", "step": 3000, "layers": [{"mse": 0.0009, "r2": 0.9548, "cos": 0.9767}, {"mse": 0.002, "r2": 0.8298, "cos": 0.9052}, {"mse": 0.0079, "r2": 0.7423, "cos": 0.8624}, {"mse": 0.0137, "r2": 0.6567, "cos": 0.8094}, {"mse": 0.0194, "r2": 0.6145, "cos": 0.7762}, {"mse": 0.0235, "r2": 0.4823, "cos": 0.694}], "elapsed_s": 207.9}
{"event": "teacher_lm", "val_nats": 1.3446, "dickens_nats": 1.4267, "elapsed_s": 209.4}
{"event": "swap_one", "layer": 0, "val_nats": 1.3447, "delta": 0.0001, "elapsed_s": 209.6}
{"event": "swap_one", "layer": 1, "val_nats": 1.3502, "delta": 0.0056, "elapsed_s": 209.7}
{"event": "swap_one", "layer": 2, "val_nats": 1.3596, "delta": 0.0149, "elapsed_s": 209.8}
{"event": "swap_one", "layer": 3, "val_nats": 1.357, "delta": 0.0123, "elapsed_s": 210.0}
{"event": "swap_one", "layer": 4, "val_nats": 1.3593, "delta": 0.0146, "elapsed_s": 210.1}
{"event": "swap_one", "layer": 5, "val_nats": 1.3573, "delta": 0.0127, "elapsed_s": 210.2}
{"event": "swap_all_untrained", "val_nats": 1.4625, "val_bpc": 2.11, "dickens_nats": 1.5284, "dickens_bpc": 2.205, "delta_val": 0.1179, "delta_dickens": 0.1017, "elapsed_s": 212.1}
