{"event": "setup", "teacher_params": 4825344, "mixer_params_each": 16909056, "attn_params_each": 263168, "w_gram": 1.0, "w_cross": 0.0, "groups": 1, "elapsed_s": 1.3}
{"event": "fit", "step": 100, "mse": 0.03483, "gram": 0.03537, "cross": 0.0, "elapsed_s": 9.0}
{"event": "fit", "step": 200, "mse": 0.03036, "gram": 0.02562, "cross": 0.0, "elapsed_s": 15.4}
{"event": "fit", "step": 300, "mse": 0.02677, "gram": 0.02067, "cross": 0.0, "elapsed_s": 21.8}
{"event": "fit", "step": 400, "mse": 0.02502, "gram": 0.01906, "cross": 0.0, "elapsed_s": 28.3}
{"event": "fit", "step": 500, "mse": 0.0218, "gram": 0.01629, "cross": 0.0, "elapsed_s": 34.7}
{"event": "layer_metrics", "step": 500, "layers": [{"mse": 0.006, "r2": 0.702, "cos": 0.8405}, {"mse": 0.0055, "r2": 0.5317, "cos": 0.694}, {"mse": 0.0249, "r2": 0.1854, "cos": 0.3933}, {"mse": 0.0285, "r2": 0.2863, "cos": 0.5235}, {"mse": 0.0309, "r2": 0.3855, "cos": 0.6095}, {"mse": 0.0344, "r2": 0.2421, "cos": 0.4936}], "elapsed_s": 35.1}
{"event": "fit", "step": 600, "mse": 0.02002, "gram": 0.01501, "cross": 0.0, "elapsed_s": 41.5}
{"event": "fit", "step": 700, "mse": 0.01908, "gram": 0.01407, "cross": 0.0, "elapsed_s": 47.9}
{"event": "fit", "step": 800, "mse": 0.0173, "gram": 0.01297, "cross": 0.0, "elapsed_s": 54.4}
{"event": "fit", "step": 900, "mse": 0.01687, "gram": 0.01214, "cross": 0.0, "elapsed_s": 60.8}
{"event": "fit", "step": 1000, "mse": 0.01598, "gram": 0.01209, "cross": 0.0, "elapsed_s": 67.3}
{"event": "layer_metrics", "step": 1000, "layers": [{"mse": 0.0024, "r2": 0.8798, "cos": 0.9382}, {"mse": 0.0038, "r2": 0.6786, "cos": 0.8015}, {"mse": 0.0165, "r2": 0.461, "cos": 0.6715}, {"mse": 0.0187, "r2": 0.5314, "cos": 0.7283}, {"mse": 0.0244, "r2": 0.5144, "cos": 0.71}, {"mse": 0.0301, "r2": 0.3373, "cos": 0.5823}], "elapsed_s": 67.6}
{"event": "fit", "step": 1100, "mse": 0.016, "gram": 0.0122, "cross": 0.0, "elapsed_s": 74.0}
{"event": "fit", "step": 1200, "mse": 0.01501, "gram": 0.01087, "cross": 0.0, "elapsed_s": 80.5}
{"event": "fit", "step": 1300, "mse": 0.01444, "gram": 0.01065, "cross": 0.0, "elapsed_s": 86.9}
{"event": "fit", "step": 1400, "mse": 0.01386, "gram": 0.01016, "cross": 0.0, "elapsed_s": 93.4}
{"event": "fit", "step": 1500, "mse": 0.01358, "gram": 0.01023, "cross": 0.0, "elapsed_s": 99.8}
{"event": "layer_metrics", "step": 1500, "layers": [{"mse": 0.0024, "r2": 0.883, "cos": 0.9402}, {"mse": 0.0029, "r2": 0.7567, "cos": 0.8553}, {"mse": 0.0116, "r2": 0.6214, "cos": 0.788}, {"mse": 0.016, "r2": 0.6, "cos": 0.7737}, {"mse": 0.0217, "r2": 0.5683, "cos": 0.747}, {"mse": 0.0274, "r2": 0.397, "cos": 0.6289}], "elapsed_s": 100.2}
{"event": "fit", "step": 1600, "mse": 0.0132, "gram": 0.00977, "cross": 0.0, "elapsed_s": 106.6}
{"event": "fit", "step": 1700, "mse": 0.01272, "gram": 0.0095, "cross": 0.0, "elapsed_s": 113.0}
{"event": "fit", "step": 1800, "mse": 0.01222, "gram": 0.00921, "cross": 0.0, "elapsed_s": 119.5}
{"event": "fit", "step": 1900, "mse": 0.01231, "gram": 0.00904, "cross": 0.0, "elapsed_s": 125.9}
{"event": "fit", "step": 2000, "mse": 0.01191, "gram": 0.00904, "cross": 0.0, "elapsed_s": 132.4}
{"event": "layer_metrics", "step": 2000, "layers": [{"mse": 0.0018, "r2": 0.9125, "cos": 0.9553}, {"mse": 0.0024, "r2": 0.7969, "cos": 0.8829}, {"mse": 0.0092, "r2": 0.6977, "cos": 0.8357}, {"mse": 0.0147, "r2": 0.6316, "cos": 0.7935}, {"mse": 0.0204, "r2": 0.5943, "cos": 0.7636}, {"mse": 0.0256, "r2": 0.4371, "cos": 0.659}], "elapsed_s": 132.7}
{"event": "fit", "step": 2100, "mse": 0.01192, "gram": 0.00858, "cross": 0.0, "elapsed_s": 139.1}
{"event": "fit", "step": 2200, "mse": 0.0116, "gram": 0.0086, "cross": 0.0, "elapsed_s": 145.5}
{"event": "fit", "step": 2300, "mse": 0.01153, "gram": 0.00861, "cross": 0.0, "elapsed_s": 152.0}
{"event": "fit", "step": 2400, "mse": 0.01136, "gram": 0.00856, "cross": 0.0, "elapsed_s": 158.5}
{"event": "fit", "step": 2500, "mse": 0.01137, "gram": 0.00849, "cross": 0.0, "elapsed_s": 164.9}
{"event": "layer_metrics", "step": 2500, "layers": [{"mse": 0.0016, "r2": 0.9204, "cos": 0.9593}, {"mse": 0.0022, "r2": 0.8182, "cos": 0.8973}, {"mse": 0.0084, "r2": 0.7247, "cos": 0.8519}, {"mse": 0.0141, "r2": 0.6472, "cos": 0.803}, {"mse": 0.0197, "r2": 0.6082, "cos": 0.7722}, {"mse": 0.0244, "r2": 0.4625, "cos": 0.6775}], "elapsed_s": 165.2}
{"event": "fit", "step": 2600, "mse": 0.01136, "gram": 0.00844, "cross": 0.0, "elapsed_s": 171.7}
{"event": "fit", "step": 2700, "mse": 0.01114, "gram": 0.00841, "cross": 0.0, "elapsed_s": 178.1}
{"event": "fit", "step": 2800, "mse": 0.01108, "gram": 0.00822, "cross": 0.0, "elapsed_s": 184.6}
{"event": "fit", "step": 2900, "mse": 0.01152, "gram": 0.00856, "cross": 0.0, "elapsed_s": 191.0}
{"event": "fit", "step": 3000, "mse": 0.01102, "gram": 0.00801, "cross": 0.0, "elapsed_s": 197.5}
{"event": "layer_metrics", "step": 3000, "layers": [{"mse": 0.0016, "r2": 0.9216, "cos": 0.96}, {"mse": 0.0021, "r2": 0.8231, "cos": 0.9005}, {"mse": 0.0083, "r2": 0.7297, "cos": 0.8548}, {"mse": 0.0139, "r2": 0.6505, "cos": 0.805}, {"mse": 0.0195, "r2": 0.6113, "cos": 0.774}, {"mse": 0.0242, "r2": 0.4668, "cos": 0.6804}], "elapsed_s": 197.8}
{"event": "teacher_lm", "val_nats": 1.3446, "dickens_nats": 1.4267, "elapsed_s": 199.3}
{"event": "swap_one", "layer": 0, "val_nats": 1.3478, "delta": 0.0032, "elapsed_s": 199.5}
{"event": "swap_one", "layer": 1, "val_nats": 1.3504, "delta": 0.0057, "elapsed_s": 199.6}
{"event": "swap_one", "layer": 2, "val_nats": 1.3602, "delta": 0.0156, "elapsed_s": 199.7}
{"event": "swap_one", "layer": 3, "val_nats": 1.3559, "delta": 0.0113, "elapsed_s": 199.9}
{"event": "swap_one", "layer": 4, "val_nats": 1.3582, "delta": 0.0136, "elapsed_s": 200.0}
{"event": "swap_one", "layer": 5, "val_nats": 1.3577, "delta": 0.0131, "elapsed_s": 200.1}
{"event": "swap_all_untrained", "val_nats": 1.4744, "val_bpc": 2.127, "dickens_nats": 1.5394, "dickens_bpc": 2.2209, "delta_val": 0.1297, "delta_dickens": 0.1127, "elapsed_s": 202.0}
