{"event": "setup", "steps_per_layer": 30000, "groups": 8, "d_hidden": 512, "layers": 6, "teacher_val": 1.2742, "teacher_dickens": 1.2666, "elapsed_s": 3.7}
{"event": "fit", "layer": 0, "step": 500, "mse": 0.008907, "elapsed_s": 10.2}
{"event": "fit", "layer": 0, "step": 1000, "mse": 0.001246, "elapsed_s": 15.5}
{"event": "fit", "layer": 0, "step": 1500, "mse": 0.000911, "elapsed_s": 20.9}
{"event": "fit", "layer": 0, "step": 2000, "mse": 0.000814, "elapsed_s": 26.2}
{"event": "fit", "layer": 0, "step": 2500, "mse": 0.000711, "elapsed_s": 31.5}
{"event": "fit", "layer": 0, "step": 3000, "mse": 0.000534, "elapsed_s": 36.9}
{"event": "fit", "layer": 0, "step": 3500, "mse": 0.000503, "elapsed_s": 42.2}
{"event": "fit", "layer": 0, "step": 4000, "mse": 0.000492, "elapsed_s": 47.6}
{"event": "fit", "layer": 0, "step": 4500, "mse": 0.000409, "elapsed_s": 52.9}
{"event": "fit", "layer": 0, "step": 5000, "mse": 0.00045, "elapsed_s": 58.3}
{"event": "fit", "layer": 0, "step": 5500, "mse": 0.000371, "elapsed_s": 63.6}
{"event": "fit", "layer": 0, "step": 6000, "mse": 0.000422, "elapsed_s": 69.0}
{"event": "fit", "layer": 0, "step": 6500, "mse": 0.00034, "elapsed_s": 74.3}
{"event": "fit", "layer": 0, "step": 7000, "mse": 0.000409, "elapsed_s": 79.7}
{"event": "fit", "layer": 0, "step": 7500, "mse": 0.000325, "elapsed_s": 85.0}
{"event": "fit", "layer": 0, "step": 8000, "mse": 0.000314, "elapsed_s": 90.4}
{"event": "fit", "layer": 0, "step": 8500, "mse": 0.000301, "elapsed_s": 95.7}
{"event": "fit", "layer": 0, "step": 9000, "mse": 0.000289, "elapsed_s": 101.1}
{"event": "fit", "layer": 0, "step": 9500, "mse": 0.000273, "elapsed_s": 106.4}
{"event": "fit", "layer": 0, "step": 10000, "mse": 0.000271, "elapsed_s": 111.7}
{"event": "layer_metric", "layer": 0, "step": 10000, "mse": 0.0003, "r2": 0.9913, "cos": 0.9954, "elapsed_s": 111.9}
{"event": "fit", "layer": 0, "step": 10500, "mse": 0.000263, "elapsed_s": 117.2}
{"event": "fit", "layer": 0, "step": 11000, "mse": 0.000287, "elapsed_s": 122.6}
{"event": "fit", "layer": 0, "step": 11500, "mse": 0.000258, "elapsed_s": 127.9}
{"event": "fit", "layer": 0, "step": 12000, "mse": 0.000252, "elapsed_s": 133.2}
{"event": "fit", "layer": 0, "step": 12500, "mse": 0.000263, "elapsed_s": 138.6}
{"event": "fit", "layer": 0, "step": 13000, "mse": 0.000249, "elapsed_s": 143.9}
{"event": "fit", "layer": 0, "step": 13500, "mse": 0.000229, "elapsed_s": 149.3}
{"event": "fit", "layer": 0, "step": 14000, "mse": 0.000223, "elapsed_s": 154.6}
{"event": "fit", "layer": 0, "step": 14500, "mse": 0.000224, "elapsed_s": 160.0}
{"event": "fit", "layer": 0, "step": 15000, "mse": 0.000213, "elapsed_s": 165.3}
{"event": "fit", "layer": 0, "step": 15500, "mse": 0.000204, "elapsed_s": 170.7}
{"event": "fit", "layer": 0, "step": 16000, "mse": 0.00022, "elapsed_s": 176.0}
{"event": "fit", "layer": 0, "step": 16500, "mse": 0.00021, "elapsed_s": 181.4}
{"event": "fit", "layer": 0, "step": 17000, "mse": 0.000217, "elapsed_s": 186.7}
{"event": "fit", "layer": 0, "step": 17500, "mse": 0.000185, "elapsed_s": 192.0}
{"event": "fit", "layer": 0, "step": 18000, "mse": 0.000186, "elapsed_s": 197.4}
{"event": "fit", "layer": 0, "step": 18500, "mse": 0.000198, "elapsed_s": 202.7}
{"event": "fit", "layer": 0, "step": 19000, "mse": 0.000177, "elapsed_s": 208.1}
{"event": "fit", "layer": 0, "step": 19500, "mse": 0.000177, "elapsed_s": 213.4}
{"event": "fit", "layer": 0, "step": 20000, "mse": 0.000169, "elapsed_s": 218.8}
{"event": "layer_metric", "layer": 0, "step": 20000, "mse": 0.0002, "r2": 0.9942, "cos": 0.9969, "elapsed_s": 218.9}
{"event": "fit", "layer": 0, "step": 20500, "mse": 0.000195, "elapsed_s": 224.2}
{"event": "fit", "layer": 0, "step": 21000, "mse": 0.000175, "elapsed_s": 229.6}
{"event": "fit", "layer": 0, "step": 21500, "mse": 0.000177, "elapsed_s": 234.9}
{"event": "fit", "layer": 0, "step": 22000, "mse": 0.000173, "elapsed_s": 240.2}
{"event": "fit", "layer": 0, "step": 22500, "mse": 0.000175, "elapsed_s": 245.6}
{"event": "fit", "layer": 0, "step": 23000, "mse": 0.000187, "elapsed_s": 250.9}
{"event": "fit", "layer": 0, "step": 23500, "mse": 0.000176, "elapsed_s": 256.3}
{"event": "fit", "layer": 0, "step": 24000, "mse": 0.000173, "elapsed_s": 261.6}
{"event": "fit", "layer": 0, "step": 24500, "mse": 0.000162, "elapsed_s": 267.0}
{"event": "fit", "layer": 0, "step": 25000, "mse": 0.000209, "elapsed_s": 272.3}
{"event": "fit", "layer": 0, "step": 25500, "mse": 0.000158, "elapsed_s": 277.7}
{"event": "fit", "layer": 0, "step": 26000, "mse": 0.000179, "elapsed_s": 283.0}
{"event": "fit", "layer": 0, "step": 26500, "mse": 0.00016, "elapsed_s": 288.3}
{"event": "fit", "layer": 0, "step": 27000, "mse": 0.00019, "elapsed_s": 293.7}
{"event": "fit", "layer": 0, "step": 27500, "mse": 0.000186, "elapsed_s": 299.0}
{"event": "fit", "layer": 0, "step": 28000, "mse": 0.000152, "elapsed_s": 304.4}
{"event": "fit", "layer": 0, "step": 28500, "mse": 0.000158, "elapsed_s": 309.7}
{"event": "fit", "layer": 0, "step": 29000, "mse": 0.000149, "elapsed_s": 315.1}
{"event": "fit", "layer": 0, "step": 29500, "mse": 0.000166, "elapsed_s": 320.4}
{"event": "fit", "layer": 0, "step": 30000, "mse": 0.000173, "elapsed_s": 325.8}
{"event": "layer_metric", "layer": 0, "step": 30000, "mse": 0.0002, "r2": 0.9949, "cos": 0.9972, "elapsed_s": 325.9}
{"event": "after_layer", "layer": 0, "swapped": 1, "val_nats": 1.2743, "delta_val": 0.0002, "mixers": ["AttentionMLP", "CausalSelfAttention", "CausalSelfAttention", "CausalSelfAttention", "CausalSelfAttention", "CausalSelfAttention"], "elapsed_s": 326.1}
{"event": "fit", "layer": 1, "step": 500, "mse": 0.009012, "elapsed_s": 332.3}
{"event": "fit", "layer": 1, "step": 1000, "mse": 0.00399, "elapsed_s": 338.6}
{"event": "fit", "layer": 1, "step": 1500, "mse": 0.003144, "elapsed_s": 344.8}
{"event": "fit", "layer": 1, "step": 2000, "mse": 0.002499, "elapsed_s": 351.0}
{"event": "fit", "layer": 1, "step": 2500, "mse": 0.002278, "elapsed_s": 357.3}
{"event": "fit", "layer": 1, "step": 3000, "mse": 0.002189, "elapsed_s": 363.5}
{"event": "fit", "layer": 1, "step": 3500, "mse": 0.001941, "elapsed_s": 369.7}
{"event": "fit", "layer": 1, "step": 4000, "mse": 0.001925, "elapsed_s": 376.0}
{"event": "fit", "layer": 1, "step": 4500, "mse": 0.001838, "elapsed_s": 382.2}
{"event": "fit", "layer": 1, "step": 5000, "mse": 0.001794, "elapsed_s": 388.4}
{"event": "fit", "layer": 1, "step": 5500, "mse": 0.001705, "elapsed_s": 394.6}
{"event": "fit", "layer": 1, "step": 6000, "mse": 0.001745, "elapsed_s": 400.9}
{"event": "fit", "layer": 1, "step": 6500, "mse": 0.001743, "elapsed_s": 407.1}
{"event": "fit", "layer": 1, "step": 7000, "mse": 0.001653, "elapsed_s": 413.3}
{"event": "fit", "layer": 1, "step": 7500, "mse": 0.00172, "elapsed_s": 419.5}
{"event": "fit", "layer": 1, "step": 8000, "mse": 0.001671, "elapsed_s": 425.8}
{"event": "fit", "layer": 1, "step": 8500, "mse": 0.001617, "elapsed_s": 432.0}
{"event": "fit", "layer": 1, "step": 9000, "mse": 0.001562, "elapsed_s": 438.2}
{"event": "fit", "layer": 1, "step": 9500, "mse": 0.00163, "elapsed_s": 444.4}
{"event": "fit", "layer": 1, "step": 10000, "mse": 0.001564, "elapsed_s": 450.7}
{"event": "layer_metric", "layer": 1, "step": 10000, "mse": 0.0016, "r2": 0.9029, "cos": 0.948, "elapsed_s": 450.8}
{"event": "fit", "layer": 1, "step": 10500, "mse": 0.001585, "elapsed_s": 457.0}
{"event": "fit", "layer": 1, "step": 11000, "mse": 0.001618, "elapsed_s": 463.2}
{"event": "fit", "layer": 1, "step": 11500, "mse": 0.001576, "elapsed_s": 469.5}
{"event": "fit", "layer": 1, "step": 12000, "mse": 0.001609, "elapsed_s": 475.7}
{"event": "fit", "layer": 1, "step": 12500, "mse": 0.001508, "elapsed_s": 481.9}
{"event": "fit", "layer": 1, "step": 13000, "mse": 0.001518, "elapsed_s": 488.1}
{"event": "fit", "layer": 1, "step": 13500, "mse": 0.001499, "elapsed_s": 494.4}
{"event": "fit", "layer": 1, "step": 14000, "mse": 0.001467, "elapsed_s": 500.6}
{"event": "fit", "layer": 1, "step": 14500, "mse": 0.001459, "elapsed_s": 506.8}
{"event": "fit", "layer": 1, "step": 15000, "mse": 0.001509, "elapsed_s": 513.0}
{"event": "fit", "layer": 1, "step": 15500, "mse": 0.00143, "elapsed_s": 519.3}
{"event": "fit", "layer": 1, "step": 16000, "mse": 0.001536, "elapsed_s": 525.5}
{"event": "fit", "layer": 1, "step": 16500, "mse": 0.00139, "elapsed_s": 531.7}
{"event": "fit", "layer": 1, "step": 17000, "mse": 0.001406, "elapsed_s": 537.9}
{"event": "fit", "layer": 1, "step": 17500, "mse": 0.001457, "elapsed_s": 544.2}
{"event": "fit", "layer": 1, "step": 18000, "mse": 0.001401, "elapsed_s": 550.4}
{"event": "fit", "layer": 1, "step": 18500, "mse": 0.001461, "elapsed_s": 556.6}
{"event": "fit", "layer": 1, "step": 19000, "mse": 0.0014, "elapsed_s": 562.8}
{"event": "fit", "layer": 1, "step": 19500, "mse": 0.001365, "elapsed_s": 569.1}
{"event": "fit", "layer": 1, "step": 20000, "mse": 0.001481, "elapsed_s": 575.3}
{"event": "layer_metric", "layer": 1, "step": 20000, "mse": 0.0015, "r2": 0.9138, "cos": 0.9538, "elapsed_s": 575.4}
{"event": "fit", "layer": 1, "step": 20500, "mse": 0.001441, "elapsed_s": 581.6}
{"event": "fit", "layer": 1, "step": 21000, "mse": 0.00139, "elapsed_s": 587.9}
{"event": "fit", "layer": 1, "step": 21500, "mse": 0.001391, "elapsed_s": 594.1}
{"event": "fit", "layer": 1, "step": 22000, "mse": 0.001373, "elapsed_s": 600.3}
{"event": "fit", "layer": 1, "step": 22500, "mse": 0.001425, "elapsed_s": 606.5}
{"event": "fit", "layer": 1, "step": 23000, "mse": 0.001328, "elapsed_s": 612.8}
{"event": "fit", "layer": 1, "step": 23500, "mse": 0.001384, "elapsed_s": 619.0}
{"event": "fit", "layer": 1, "step": 24000, "mse": 0.001341, "elapsed_s": 625.2}
{"event": "fit", "layer": 1, "step": 24500, "mse": 0.001397, "elapsed_s": 631.5}
{"event": "fit", "layer": 1, "step": 25000, "mse": 0.001345, "elapsed_s": 637.7}
{"event": "fit", "layer": 1, "step": 25500, "mse": 0.001361, "elapsed_s": 643.9}
{"event": "fit", "layer": 1, "step": 26000, "mse": 0.001284, "elapsed_s": 650.1}
{"event": "fit", "layer": 1, "step": 26500, "mse": 0.001382, "elapsed_s": 656.4}
{"event": "fit", "layer": 1, "step": 27000, "mse": 0.001362, "elapsed_s": 662.6}
{"event": "fit", "layer": 1, "step": 27500, "mse": 0.001333, "elapsed_s": 668.8}
{"event": "fit", "layer": 1, "step": 28000, "mse": 0.001295, "elapsed_s": 675.1}
{"event": "fit", "layer": 1, "step": 28500, "mse": 0.00133, "elapsed_s": 681.3}
{"event": "fit", "layer": 1, "step": 29000, "mse": 0.001301, "elapsed_s": 687.5}
{"event": "fit", "layer": 1, "step": 29500, "mse": 0.00136, "elapsed_s": 693.7}
{"event": "fit", "layer": 1, "step": 30000, "mse": 0.00132, "elapsed_s": 700.0}
{"event": "layer_metric", "layer": 1, "step": 30000, "mse": 0.0014, "r2": 0.9179, "cos": 0.9561, "elapsed_s": 700.1}
{"event": "after_layer", "layer": 1, "swapped": 2, "val_nats": 1.2781, "delta_val": 0.0039, "mixers": ["AttentionMLP", "AttentionMLP", "CausalSelfAttention", "CausalSelfAttention", "CausalSelfAttention", "CausalSelfAttention"], "elapsed_s": 700.4}
{"event": "fit", "layer": 2, "step": 500, "mse": 0.020849, "elapsed_s": 707.5}
{"event": "fit", "layer": 2, "step": 1000, "mse": 0.010453, "elapsed_s": 714.7}
{"event": "fit", "layer": 2, "step": 1500, "mse": 0.008416, "elapsed_s": 721.8}
{"event": "fit", "layer": 2, "step": 2000, "mse": 0.00763, "elapsed_s": 728.9}
{"event": "fit", "layer": 2, "step": 2500, "mse": 0.007117, "elapsed_s": 736.0}
{"event": "fit", "layer": 2, "step": 3000, "mse": 0.00717, "elapsed_s": 743.1}
{"event": "fit", "layer": 2, "step": 3500, "mse": 0.006804, "elapsed_s": 750.2}
{"event": "fit", "layer": 2, "step": 4000, "mse": 0.006414, "elapsed_s": 757.3}
{"event": "fit", "layer": 2, "step": 4500, "mse": 0.00639, "elapsed_s": 764.4}
{"event": "fit", "layer": 2, "step": 5000, "mse": 0.006477, "elapsed_s": 771.6}
{"event": "fit", "layer": 2, "step": 5500, "mse": 0.006384, "elapsed_s": 778.7}
{"event": "fit", "layer": 2, "step": 6000, "mse": 0.006168, "elapsed_s": 785.8}
{"event": "fit", "layer": 2, "step": 6500, "mse": 0.00591, "elapsed_s": 792.9}
{"event": "fit", "layer": 2, "step": 7000, "mse": 0.0062, "elapsed_s": 800.0}
{"event": "fit", "layer": 2, "step": 7500, "mse": 0.00606, "elapsed_s": 807.1}
{"event": "fit", "layer": 2, "step": 8000, "mse": 0.005992, "elapsed_s": 814.2}
{"event": "fit", "layer": 2, "step": 8500, "mse": 0.005798, "elapsed_s": 821.3}
{"event": "fit", "layer": 2, "step": 9000, "mse": 0.005914, "elapsed_s": 828.5}
{"event": "fit", "layer": 2, "step": 9500, "mse": 0.005747, "elapsed_s": 835.6}
{"event": "fit", "layer": 2, "step": 10000, "mse": 0.005753, "elapsed_s": 842.7}
{"event": "layer_metric", "layer": 2, "step": 10000, "mse": 0.006, "r2": 0.8082, "cos": 0.898, "elapsed_s": 842.8}
{"event": "fit", "layer": 2, "step": 10500, "mse": 0.005661, "elapsed_s": 849.9}
{"event": "fit", "layer": 2, "step": 11000, "mse": 0.005688, "elapsed_s": 857.0}
{"event": "fit", "layer": 2, "step": 11500, "mse": 0.005764, "elapsed_s": 864.2}
{"event": "fit", "layer": 2, "step": 12000, "mse": 0.005765, "elapsed_s": 871.3}
{"event": "fit", "layer": 2, "step": 12500, "mse": 0.005635, "elapsed_s": 878.4}
{"event": "fit", "layer": 2, "step": 13000, "mse": 0.005582, "elapsed_s": 885.5}
{"event": "fit", "layer": 2, "step": 13500, "mse": 0.005674, "elapsed_s": 892.6}
{"event": "fit", "layer": 2, "step": 14000, "mse": 0.005592, "elapsed_s": 899.7}
{"event": "fit", "layer": 2, "step": 14500, "mse": 0.005656, "elapsed_s": 906.8}
{"event": "fit", "layer": 2, "step": 15000, "mse": 0.00575, "elapsed_s": 913.9}
{"event": "fit", "layer": 2, "step": 15500, "mse": 0.005618, "elapsed_s": 921.1}
{"event": "fit", "layer": 2, "step": 16000, "mse": 0.005433, "elapsed_s": 928.2}
{"event": "fit", "layer": 2, "step": 16500, "mse": 0.005357, "elapsed_s": 935.3}
{"event": "fit", "layer": 2, "step": 17000, "mse": 0.005526, "elapsed_s": 942.4}
{"event": "fit", "layer": 2, "step": 17500, "mse": 0.005306, "elapsed_s": 949.5}
{"event": "fit", "layer": 2, "step": 18000, "mse": 0.005554, "elapsed_s": 956.6}
{"event": "fit", "layer": 2, "step": 18500, "mse": 0.005225, "elapsed_s": 963.7}
{"event": "fit", "layer": 2, "step": 19000, "mse": 0.005406, "elapsed_s": 970.8}
{"event": "fit", "layer": 2, "step": 19500, "mse": 0.005492, "elapsed_s": 978.0}
{"event": "fit", "layer": 2, "step": 20000, "mse": 0.005472, "elapsed_s": 985.1}
{"event": "layer_metric", "layer": 2, "step": 20000, "mse": 0.0056, "r2": 0.8217, "cos": 0.9053, "elapsed_s": 985.2}
{"event": "fit", "layer": 2, "step": 20500, "mse": 0.005293, "elapsed_s": 992.3}
{"event": "fit", "layer": 2, "step": 21000, "mse": 0.0054, "elapsed_s": 999.4}
{"event": "fit", "layer": 2, "step": 21500, "mse": 0.005201, "elapsed_s": 1006.5}
{"event": "fit", "layer": 2, "step": 22000, "mse": 0.005162, "elapsed_s": 1013.7}
{"event": "fit", "layer": 2, "step": 22500, "mse": 0.005253, "elapsed_s": 1020.8}
{"event": "fit", "layer": 2, "step": 23000, "mse": 0.005453, "elapsed_s": 1027.9}
{"event": "fit", "layer": 2, "step": 23500, "mse": 0.005144, "elapsed_s": 1035.0}
{"event": "fit", "layer": 2, "step": 24000, "mse": 0.005171, "elapsed_s": 1042.1}
{"event": "fit", "layer": 2, "step": 24500, "mse": 0.005231, "elapsed_s": 1049.2}
{"event": "fit", "layer": 2, "step": 25000, "mse": 0.005311, "elapsed_s": 1056.3}
{"event": "fit", "layer": 2, "step": 25500, "mse": 0.005212, "elapsed_s": 1063.4}
{"event": "fit", "layer": 2, "step": 26000, "mse": 0.005302, "elapsed_s": 1070.6}
{"event": "fit", "layer": 2, "step": 26500, "mse": 0.004981, "elapsed_s": 1077.7}
{"event": "fit", "layer": 2, "step": 27000, "mse": 0.005262, "elapsed_s": 1084.8}
{"event": "fit", "layer": 2, "step": 27500, "mse": 0.005251, "elapsed_s": 1091.9}
{"event": "fit", "layer": 2, "step": 28000, "mse": 0.00525, "elapsed_s": 1099.0}
{"event": "fit", "layer": 2, "step": 28500, "mse": 0.004993, "elapsed_s": 1106.1}
{"event": "fit", "layer": 2, "step": 29000, "mse": 0.005103, "elapsed_s": 1113.2}
{"event": "fit", "layer": 2, "step": 29500, "mse": 0.005114, "elapsed_s": 1120.3}
{"event": "fit", "layer": 2, "step": 30000, "mse": 0.00506, "elapsed_s": 1127.5}
{"event": "layer_metric", "layer": 2, "step": 30000, "mse": 0.0054, "r2": 0.8266, "cos": 0.908, "elapsed_s": 1127.6}
{"event": "after_layer", "layer": 2, "swapped": 3, "val_nats": 1.2848, "delta_val": 0.0106, "mixers": ["AttentionMLP", "AttentionMLP", "AttentionMLP", "CausalSelfAttention", "CausalSelfAttention", "CausalSelfAttention"], "elapsed_s": 1128.0}
{"event": "fit", "layer": 3, "step": 500, "mse": 0.040058, "elapsed_s": 1136.0}
{"event": "fit", "layer": 3, "step": 1000, "mse": 0.023863, "elapsed_s": 1144.0}
{"event": "fit", "layer": 3, "step": 1500, "mse": 0.021134, "elapsed_s": 1152.0}
{"event": "fit", "layer": 3, "step": 2000, "mse": 0.018879, "elapsed_s": 1160.0}
{"event": "fit", "layer": 3, "step": 2500, "mse": 0.018399, "elapsed_s": 1168.0}
{"event": "fit", "layer": 3, "step": 3000, "mse": 0.01713, "elapsed_s": 1176.0}
{"event": "fit", "layer": 3, "step": 3500, "mse": 0.01644, "elapsed_s": 1184.0}
{"event": "fit", "layer": 3, "step": 4000, "mse": 0.01658, "elapsed_s": 1192.0}
{"event": "fit", "layer": 3, "step": 4500, "mse": 0.016219, "elapsed_s": 1200.0}
{"event": "fit", "layer": 3, "step": 5000, "mse": 0.01604, "elapsed_s": 1208.0}
{"event": "fit", "layer": 3, "step": 5500, "mse": 0.016027, "elapsed_s": 1216.0}
{"event": "fit", "layer": 3, "step": 6000, "mse": 0.015962, "elapsed_s": 1224.1}
{"event": "fit", "layer": 3, "step": 6500, "mse": 0.015711, "elapsed_s": 1232.1}
{"event": "fit", "layer": 3, "step": 7000, "mse": 0.015459, "elapsed_s": 1240.1}
{"event": "fit", "layer": 3, "step": 7500, "mse": 0.015675, "elapsed_s": 1248.1}
{"event": "fit", "layer": 3, "step": 8000, "mse": 0.015476, "elapsed_s": 1256.1}
{"event": "fit", "layer": 3, "step": 8500, "mse": 0.015487, "elapsed_s": 1264.1}
{"event": "fit", "layer": 3, "step": 9000, "mse": 0.015845, "elapsed_s": 1272.1}
{"event": "fit", "layer": 3, "step": 9500, "mse": 0.015362, "elapsed_s": 1280.1}
{"event": "fit", "layer": 3, "step": 10000, "mse": 0.015818, "elapsed_s": 1288.1}
{"event": "layer_metric", "layer": 3, "step": 10000, "mse": 0.0158, "r2": 0.696, "cos": 0.8248, "elapsed_s": 1288.2}
{"event": "fit", "layer": 3, "step": 10500, "mse": 0.015137, "elapsed_s": 1296.2}
{"event": "fit", "layer": 3, "step": 11000, "mse": 0.015274, "elapsed_s": 1304.2}
{"event": "fit", "layer": 3, "step": 11500, "mse": 0.01493, "elapsed_s": 1312.2}
{"event": "fit", "layer": 3, "step": 12000, "mse": 0.015264, "elapsed_s": 1320.2}
{"event": "fit", "layer": 3, "step": 12500, "mse": 0.014896, "elapsed_s": 1328.2}
{"event": "fit", "layer": 3, "step": 13000, "mse": 0.015346, "elapsed_s": 1336.2}
{"event": "fit", "layer": 3, "step": 13500, "mse": 0.015429, "elapsed_s": 1344.2}
{"event": "fit", "layer": 3, "step": 14000, "mse": 0.015157, "elapsed_s": 1352.2}
{"event": "fit", "layer": 3, "step": 14500, "mse": 0.014995, "elapsed_s": 1360.2}
{"event": "fit", "layer": 3, "step": 15000, "mse": 0.014882, "elapsed_s": 1368.2}
{"event": "fit", "layer": 3, "step": 15500, "mse": 0.014612, "elapsed_s": 1376.2}
{"event": "fit", "layer": 3, "step": 16000, "mse": 0.014876, "elapsed_s": 1384.3}
{"event": "fit", "layer": 3, "step": 16500, "mse": 0.014478, "elapsed_s": 1392.3}
{"event": "fit", "layer": 3, "step": 17000, "mse": 0.014777, "elapsed_s": 1400.3}
{"event": "fit", "layer": 3, "step": 17500, "mse": 0.014775, "elapsed_s": 1408.3}
{"event": "fit", "layer": 3, "step": 18000, "mse": 0.014722, "elapsed_s": 1416.3}
{"event": "fit", "layer": 3, "step": 18500, "mse": 0.014773, "elapsed_s": 1424.3}
{"event": "fit", "layer": 3, "step": 19000, "mse": 0.014936, "elapsed_s": 1432.3}
{"event": "fit", "layer": 3, "step": 19500, "mse": 0.01425, "elapsed_s": 1440.3}
{"event": "fit", "layer": 3, "step": 20000, "mse": 0.014725, "elapsed_s": 1448.3}
{"event": "layer_metric", "layer": 3, "step": 20000, "mse": 0.0151, "r2": 0.7102, "cos": 0.8329, "elapsed_s": 1448.4}
{"event": "fit", "layer": 3, "step": 20500, "mse": 0.014455, "elapsed_s": 1456.4}
{"event": "fit", "layer": 3, "step": 21000, "mse": 0.01455, "elapsed_s": 1464.4}
{"event": "fit", "layer": 3, "step": 21500, "mse": 0.014974, "elapsed_s": 1472.4}
{"event": "fit", "layer": 3, "step": 22000, "mse": 0.014492, "elapsed_s": 1480.4}
{"event": "fit", "layer": 3, "step": 22500, "mse": 0.014582, "elapsed_s": 1488.4}
{"event": "fit", "layer": 3, "step": 23000, "mse": 0.014374, "elapsed_s": 1496.4}
{"event": "fit", "layer": 3, "step": 23500, "mse": 0.014454, "elapsed_s": 1504.4}
{"event": "fit", "layer": 3, "step": 24000, "mse": 0.014396, "elapsed_s": 1512.4}
{"event": "fit", "layer": 3, "step": 24500, "mse": 0.014417, "elapsed_s": 1520.4}
{"event": "fit", "layer": 3, "step": 25000, "mse": 0.014352, "elapsed_s": 1528.5}
{"event": "fit", "layer": 3, "step": 25500, "mse": 0.014494, "elapsed_s": 1536.5}
{"event": "fit", "layer": 3, "step": 26000, "mse": 0.014224, "elapsed_s": 1544.5}
{"event": "fit", "layer": 3, "step": 26500, "mse": 0.014601, "elapsed_s": 1552.5}
{"event": "fit", "layer": 3, "step": 27000, "mse": 0.014275, "elapsed_s": 1560.5}
{"event": "fit", "layer": 3, "step": 27500, "mse": 0.014379, "elapsed_s": 1568.5}
{"event": "fit", "layer": 3, "step": 28000, "mse": 0.014217, "elapsed_s": 1576.5}
{"event": "fit", "layer": 3, "step": 28500, "mse": 0.013882, "elapsed_s": 1584.5}
{"event": "fit", "layer": 3, "step": 29000, "mse": 0.013998, "elapsed_s": 1592.5}
{"event": "fit", "layer": 3, "step": 29500, "mse": 0.014188, "elapsed_s": 1600.5}
{"event": "fit", "layer": 3, "step": 30000, "mse": 0.014092, "elapsed_s": 1608.5}
{"event": "layer_metric", "layer": 3, "step": 30000, "mse": 0.0148, "r2": 0.7163, "cos": 0.8365, "elapsed_s": 1608.6}
{"event": "after_layer", "layer": 3, "swapped": 4, "val_nats": 1.3004, "delta_val": 0.0263, "mixers": ["AttentionMLP", "AttentionMLP", "AttentionMLP", "AttentionMLP", "CausalSelfAttention", "CausalSelfAttention"], "elapsed_s": 1609.1}
{"event": "fit", "layer": 4, "step": 500, "mse": 0.047005, "elapsed_s": 1618.1}
{"event": "fit", "layer": 4, "step": 1000, "mse": 0.033104, "elapsed_s": 1627.0}
{"event": "fit", "layer": 4, "step": 1500, "mse": 0.029008, "elapsed_s": 1635.9}
{"event": "fit", "layer": 4, "step": 2000, "mse": 0.027846, "elapsed_s": 1644.8}
{"event": "fit", "layer": 4, "step": 2500, "mse": 0.027177, "elapsed_s": 1653.7}
{"event": "fit", "layer": 4, "step": 3000, "mse": 0.027961, "elapsed_s": 1662.6}
{"event": "fit", "layer": 4, "step": 3500, "mse": 0.025817, "elapsed_s": 1671.4}
{"event": "fit", "layer": 4, "step": 4000, "mse": 0.026568, "elapsed_s": 1680.3}
{"event": "fit", "layer": 4, "step": 4500, "mse": 0.025271, "elapsed_s": 1689.2}
{"event": "fit", "layer": 4, "step": 5000, "mse": 0.025222, "elapsed_s": 1698.1}
{"event": "fit", "layer": 4, "step": 5500, "mse": 0.024996, "elapsed_s": 1707.0}
{"event": "fit", "layer": 4, "step": 6000, "mse": 0.025452, "elapsed_s": 1715.9}
{"event": "fit", "layer": 4, "step": 6500, "mse": 0.024157, "elapsed_s": 1724.8}
{"event": "fit", "layer": 4, "step": 7000, "mse": 0.025033, "elapsed_s": 1733.7}
{"event": "fit", "layer": 4, "step": 7500, "mse": 0.025043, "elapsed_s": 1742.6}
{"event": "fit", "layer": 4, "step": 8000, "mse": 0.025838, "elapsed_s": 1751.5}
{"event": "fit", "layer": 4, "step": 8500, "mse": 0.02496, "elapsed_s": 1760.4}
{"event": "fit", "layer": 4, "step": 9000, "mse": 0.024911, "elapsed_s": 1769.3}
{"event": "fit", "layer": 4, "step": 9500, "mse": 0.024617, "elapsed_s": 1778.2}
{"event": "fit", "layer": 4, "step": 10000, "mse": 0.024555, "elapsed_s": 1787.1}
{"event": "layer_metric", "layer": 4, "step": 10000, "mse": 0.0247, "r2": 0.6226, "cos": 0.7852, "elapsed_s": 1787.3}
{"event": "fit", "layer": 4, "step": 10500, "mse": 0.023648, "elapsed_s": 1796.2}
{"event": "fit", "layer": 4, "step": 11000, "mse": 0.023716, "elapsed_s": 1805.1}
{"event": "fit", "layer": 4, "step": 11500, "mse": 0.023873, "elapsed_s": 1814.0}
{"event": "fit", "layer": 4, "step": 12000, "mse": 0.024091, "elapsed_s": 1822.9}
{"event": "fit", "layer": 4, "step": 12500, "mse": 0.024099, "elapsed_s": 1831.8}
{"event": "fit", "layer": 4, "step": 13000, "mse": 0.023986, "elapsed_s": 1840.7}
{"event": "fit", "layer": 4, "step": 13500, "mse": 0.023981, "elapsed_s": 1849.6}
{"event": "fit", "layer": 4, "step": 14000, "mse": 0.023168, "elapsed_s": 1858.5}
{"event": "fit", "layer": 4, "step": 14500, "mse": 0.023834, "elapsed_s": 1867.4}
{"event": "fit", "layer": 4, "step": 15000, "mse": 0.02311, "elapsed_s": 1876.3}
{"event": "fit", "layer": 4, "step": 15500, "mse": 0.023513, "elapsed_s": 1885.2}
{"event": "fit", "layer": 4, "step": 16000, "mse": 0.023442, "elapsed_s": 1894.1}
{"event": "fit", "layer": 4, "step": 16500, "mse": 0.023929, "elapsed_s": 1903.0}
{"event": "fit", "layer": 4, "step": 17000, "mse": 0.023486, "elapsed_s": 1911.9}
{"event": "fit", "layer": 4, "step": 17500, "mse": 0.023797, "elapsed_s": 1920.8}
{"event": "fit", "layer": 4, "step": 18000, "mse": 0.023914, "elapsed_s": 1929.7}
{"event": "fit", "layer": 4, "step": 18500, "mse": 0.023592, "elapsed_s": 1938.6}
{"event": "fit", "layer": 4, "step": 19000, "mse": 0.023411, "elapsed_s": 1947.4}
{"event": "fit", "layer": 4, "step": 19500, "mse": 0.023563, "elapsed_s": 1956.3}
{"event": "fit", "layer": 4, "step": 20000, "mse": 0.02272, "elapsed_s": 1965.2}
{"event": "layer_metric", "layer": 4, "step": 20000, "mse": 0.0236, "r2": 0.6402, "cos": 0.7959, "elapsed_s": 1965.4}
{"event": "fit", "layer": 4, "step": 20500, "mse": 0.022586, "elapsed_s": 1974.3}
{"event": "fit", "layer": 4, "step": 21000, "mse": 0.023224, "elapsed_s": 1983.2}
{"event": "fit", "layer": 4, "step": 21500, "mse": 0.022556, "elapsed_s": 1992.1}
{"event": "fit", "layer": 4, "step": 22000, "mse": 0.023154, "elapsed_s": 2001.0}
{"event": "fit", "layer": 4, "step": 22500, "mse": 0.023426, "elapsed_s": 2009.9}
{"event": "fit", "layer": 4, "step": 23000, "mse": 0.022688, "elapsed_s": 2018.8}
{"event": "fit", "layer": 4, "step": 23500, "mse": 0.022864, "elapsed_s": 2027.7}
{"event": "fit", "layer": 4, "step": 24000, "mse": 0.023236, "elapsed_s": 2036.6}
{"event": "fit", "layer": 4, "step": 24500, "mse": 0.021898, "elapsed_s": 2045.5}
{"event": "fit", "layer": 4, "step": 25000, "mse": 0.0232, "elapsed_s": 2054.4}
{"event": "fit", "layer": 4, "step": 25500, "mse": 0.022988, "elapsed_s": 2063.3}
{"event": "fit", "layer": 4, "step": 26000, "mse": 0.023162, "elapsed_s": 2072.2}
{"event": "fit", "layer": 4, "step": 26500, "mse": 0.022463, "elapsed_s": 2081.1}
{"event": "fit", "layer": 4, "step": 27000, "mse": 0.022504, "elapsed_s": 2090.0}
{"event": "fit", "layer": 4, "step": 27500, "mse": 0.022266, "elapsed_s": 2098.9}
{"event": "fit", "layer": 4, "step": 28000, "mse": 0.022093, "elapsed_s": 2107.8}
{"event": "fit", "layer": 4, "step": 28500, "mse": 0.022216, "elapsed_s": 2116.7}
{"event": "fit", "layer": 4, "step": 29000, "mse": 0.023515, "elapsed_s": 2125.6}
{"event": "fit", "layer": 4, "step": 29500, "mse": 0.022813, "elapsed_s": 2134.5}
{"event": "fit", "layer": 4, "step": 30000, "mse": 0.023307, "elapsed_s": 2143.4}
{"event": "layer_metric", "layer": 4, "step": 30000, "mse": 0.0232, "r2": 0.6461, "cos": 0.7995, "elapsed_s": 2143.5}
{"event": "after_layer", "layer": 4, "swapped": 5, "val_nats": 1.3217, "delta_val": 0.0476, "mixers": ["AttentionMLP", "AttentionMLP", "AttentionMLP", "AttentionMLP", "AttentionMLP", "CausalSelfAttention"], "elapsed_s": 2144.1}
{"event": "fit", "layer": 5, "step": 500, "mse": 0.04717, "elapsed_s": 2153.9}
{"event": "fit", "layer": 5, "step": 1000, "mse": 0.040779, "elapsed_s": 2163.7}
{"event": "fit", "layer": 5, "step": 1500, "mse": 0.036865, "elapsed_s": 2173.5}
{"event": "fit", "layer": 5, "step": 2000, "mse": 0.033675, "elapsed_s": 2183.3}
{"event": "fit", "layer": 5, "step": 2500, "mse": 0.03578, "elapsed_s": 2193.0}
{"event": "fit", "layer": 5, "step": 3000, "mse": 0.032579, "elapsed_s": 2202.8}
{"event": "fit", "layer": 5, "step": 3500, "mse": 0.030815, "elapsed_s": 2212.6}
{"event": "fit", "layer": 5, "step": 4000, "mse": 0.031658, "elapsed_s": 2222.4}
{"event": "fit", "layer": 5, "step": 4500, "mse": 0.032542, "elapsed_s": 2232.1}
{"event": "fit", "layer": 5, "step": 5000, "mse": 0.031028, "elapsed_s": 2241.9}
{"event": "fit", "layer": 5, "step": 5500, "mse": 0.03023, "elapsed_s": 2251.7}
{"event": "fit", "layer": 5, "step": 6000, "mse": 0.033343, "elapsed_s": 2261.5}
{"event": "fit", "layer": 5, "step": 6500, "mse": 0.028843, "elapsed_s": 2271.3}
{"event": "fit", "layer": 5, "step": 7000, "mse": 0.029395, "elapsed_s": 2281.0}
{"event": "fit", "layer": 5, "step": 7500, "mse": 0.03048, "elapsed_s": 2290.8}
{"event": "fit", "layer": 5, "step": 8000, "mse": 0.029972, "elapsed_s": 2300.6}
{"event": "fit", "layer": 5, "step": 8500, "mse": 0.028918, "elapsed_s": 2310.4}
{"event": "fit", "layer": 5, "step": 9000, "mse": 0.030031, "elapsed_s": 2320.1}
{"event": "fit", "layer": 5, "step": 9500, "mse": 0.031786, "elapsed_s": 2329.9}
{"event": "fit", "layer": 5, "step": 10000, "mse": 0.03129, "elapsed_s": 2339.7}
{"event": "layer_metric", "layer": 5, "step": 10000, "mse": 0.0326, "r2": 0.5453, "cos": 0.7562, "elapsed_s": 2339.9}
{"event": "fit", "layer": 5, "step": 10500, "mse": 0.029125, "elapsed_s": 2349.7}
{"event": "fit", "layer": 5, "step": 11000, "mse": 0.029276, "elapsed_s": 2359.4}
{"event": "fit", "layer": 5, "step": 11500, "mse": 0.027258, "elapsed_s": 2369.2}
{"event": "fit", "layer": 5, "step": 12000, "mse": 0.032003, "elapsed_s": 2379.0}
{"event": "fit", "layer": 5, "step": 12500, "mse": 0.030679, "elapsed_s": 2388.8}
{"event": "fit", "layer": 5, "step": 13000, "mse": 0.027328, "elapsed_s": 2398.5}
{"event": "fit", "layer": 5, "step": 13500, "mse": 0.027204, "elapsed_s": 2408.3}
{"event": "fit", "layer": 5, "step": 14000, "mse": 0.030595, "elapsed_s": 2418.1}
{"event": "fit", "layer": 5, "step": 14500, "mse": 0.029402, "elapsed_s": 2427.9}
{"event": "fit", "layer": 5, "step": 15000, "mse": 0.029756, "elapsed_s": 2437.6}
{"event": "fit", "layer": 5, "step": 15500, "mse": 0.03033, "elapsed_s": 2447.4}
{"event": "fit", "layer": 5, "step": 16000, "mse": 0.031468, "elapsed_s": 2457.2}
{"event": "fit", "layer": 5, "step": 16500, "mse": 0.030313, "elapsed_s": 2467.0}
{"event": "fit", "layer": 5, "step": 17000, "mse": 0.026904, "elapsed_s": 2476.8}
{"event": "fit", "layer": 5, "step": 17500, "mse": 0.028599, "elapsed_s": 2486.5}
{"event": "fit", "layer": 5, "step": 18000, "mse": 0.029761, "elapsed_s": 2496.3}
{"event": "fit", "layer": 5, "step": 18500, "mse": 0.028916, "elapsed_s": 2506.1}
{"event": "fit", "layer": 5, "step": 19000, "mse": 0.030464, "elapsed_s": 2515.9}
{"event": "fit", "layer": 5, "step": 19500, "mse": 0.029583, "elapsed_s": 2525.6}
{"event": "fit", "layer": 5, "step": 20000, "mse": 0.029631, "elapsed_s": 2535.4}
{"event": "layer_metric", "layer": 5, "step": 20000, "mse": 0.0312, "r2": 0.5651, "cos": 0.7681, "elapsed_s": 2535.6}
{"event": "fit", "layer": 5, "step": 20500, "mse": 0.031288, "elapsed_s": 2545.4}
{"event": "fit", "layer": 5, "step": 21000, "mse": 0.027606, "elapsed_s": 2555.2}
{"event": "fit", "layer": 5, "step": 21500, "mse": 0.028438, "elapsed_s": 2564.9}
{"event": "fit", "layer": 5, "step": 22000, "mse": 0.025565, "elapsed_s": 2574.7}
{"event": "fit", "layer": 5, "step": 22500, "mse": 0.026421, "elapsed_s": 2584.5}
{"event": "fit", "layer": 5, "step": 23000, "mse": 0.028274, "elapsed_s": 2594.3}
{"event": "fit", "layer": 5, "step": 23500, "mse": 0.029126, "elapsed_s": 2604.0}
{"event": "fit", "layer": 5, "step": 24000, "mse": 0.028309, "elapsed_s": 2613.8}
{"event": "fit", "layer": 5, "step": 24500, "mse": 0.028861, "elapsed_s": 2623.6}
{"event": "fit", "layer": 5, "step": 25000, "mse": 0.03056, "elapsed_s": 2633.4}
{"event": "fit", "layer": 5, "step": 25500, "mse": 0.025859, "elapsed_s": 2643.1}
{"event": "fit", "layer": 5, "step": 26000, "mse": 0.027407, "elapsed_s": 2652.9}
{"event": "fit", "layer": 5, "step": 26500, "mse": 0.027057, "elapsed_s": 2662.7}
{"event": "fit", "layer": 5, "step": 27000, "mse": 0.029098, "elapsed_s": 2672.5}
{"event": "fit", "layer": 5, "step": 27500, "mse": 0.029328, "elapsed_s": 2682.2}
{"event": "fit", "layer": 5, "step": 28000, "mse": 0.028572, "elapsed_s": 2692.0}
{"event": "fit", "layer": 5, "step": 28500, "mse": 0.030166, "elapsed_s": 2701.8}
{"event": "fit", "layer": 5, "step": 29000, "mse": 0.028521, "elapsed_s": 2711.6}
{"event": "fit", "layer": 5, "step": 29500, "mse": 0.02608, "elapsed_s": 2721.4}
{"event": "fit", "layer": 5, "step": 30000, "mse": 0.028, "elapsed_s": 2731.1}
{"event": "layer_metric", "layer": 5, "step": 30000, "mse": 0.0307, "r2": 0.5727, "cos": 0.773, "elapsed_s": 2731.3}
{"event": "after_layer", "layer": 5, "swapped": 6, "val_nats": 1.354, "delta_val": 0.0798, "mixers": ["AttentionMLP", "AttentionMLP", "AttentionMLP", "AttentionMLP", "AttentionMLP", "AttentionMLP"], "elapsed_s": 2732.0}
{"event": "swap_all_untrained", "val_nats": 1.354, "val_bpc": 1.9534, "dickens_nats": 1.3582, "dickens_bpc": 1.9594, "delta_val": 0.0798, "delta_dickens": 0.0915, "elapsed_s": 2733.5}
