{"event": "setup", "teacher_params": 4826880, "mixer_params_each": 4391936, "attn_params_each": 263168, "w_gram": 0.0, "w_cross": 0.0, "w_dist": 0.0, "w_angle": 0.0, "w_readout": 1.0, "w_resid": 1.0, "groups": 8, "pool": "none", "beta": 1.0, "elapsed_s": 3.3}
{"event": "fit", "step": 100, "mse": 0.04419, "gram": 0.0, "cross": 0.0, "dist": 0.0, "angle": 0.0, "readout": 0.00313, "resid": 0.00181, "elapsed_s": 8.9}
{"event": "fit", "step": 200, "mse": 0.04123, "gram": 0.0, "cross": 0.0, "dist": 0.0, "angle": 0.0, "readout": 0.00245, "resid": 0.00144, "elapsed_s": 13.0}
{"event": "fit", "step": 300, "mse": 0.03937, "gram": 0.0, "cross": 0.0, "dist": 0.0, "angle": 0.0, "readout": 0.00204, "resid": 0.00136, "elapsed_s": 17.2}
{"event": "fit", "step": 400, "mse": 0.03687, "gram": 0.0, "cross": 0.0, "dist": 0.0, "angle": 0.0, "readout": 0.00176, "resid": 0.00127, "elapsed_s": 21.4}
{"event": "fit", "step": 500, "mse": 0.03246, "gram": 0.0, "cross": 0.0, "dist": 0.0, "angle": 0.0, "readout": 0.00156, "resid": 0.001, "elapsed_s": 25.5}
{"event": "fit", "step": 600, "mse": 0.02904, "gram": 0.0, "cross": 0.0, "dist": 0.0, "angle": 0.0, "readout": 0.00142, "resid": 0.00082, "elapsed_s": 29.7}
{"event": "fit", "step": 700, "mse": 0.02415, "gram": 0.0, "cross": 0.0, "dist": 0.0, "angle": 0.0, "readout": 0.00122, "resid": 0.00063, "elapsed_s": 33.9}
{"event": "fit", "step": 800, "mse": 0.02197, "gram": 0.0, "cross": 0.0, "dist": 0.0, "angle": 0.0, "readout": 0.00112, "resid": 0.00056, "elapsed_s": 38.1}
{"event": "fit", "step": 900, "mse": 0.01984, "gram": 0.0, "cross": 0.0, "dist": 0.0, "angle": 0.0, "readout": 0.00104, "resid": 0.00049, "elapsed_s": 42.2}
{"event": "fit", "step": 1000, "mse": 0.0185, "gram": 0.0, "cross": 0.0, "dist": 0.0, "angle": 0.0, "readout": 0.00101, "resid": 0.00046, "elapsed_s": 46.4}
{"event": "fit", "step": 1100, "mse": 0.0192, "gram": 0.0, "cross": 0.0, "dist": 0.0, "angle": 0.0, "readout": 0.00101, "resid": 0.0005, "elapsed_s": 50.6}
{"event": "fit", "step": 1200, "mse": 0.01738, "gram": 0.0, "cross": 0.0, "dist": 0.0, "angle": 0.0, "readout": 0.00097, "resid": 0.00044, "elapsed_s": 54.8}
{"event": "fit", "step": 1300, "mse": 0.01762, "gram": 0.0, "cross": 0.0, "dist": 0.0, "angle": 0.0, "readout": 0.00094, "resid": 0.00045, "elapsed_s": 58.9}
{"event": "fit", "step": 1400, "mse": 0.01691, "gram": 0.0, "cross": 0.0, "dist": 0.0, "angle": 0.0, "readout": 0.00094, "resid": 0.00042, "elapsed_s": 63.1}
{"event": "fit", "step": 1500, "mse": 0.01696, "gram": 0.0, "cross": 0.0, "dist": 0.0, "angle": 0.0, "readout": 0.0009, "resid": 0.00044, "elapsed_s": 67.3}
{"event": "fit", "step": 1600, "mse": 0.01638, "gram": 0.0, "cross": 0.0, "dist": 0.0, "angle": 0.0, "readout": 0.00092, "resid": 0.00042, "elapsed_s": 71.5}
{"event": "fit", "step": 1700, "mse": 0.01578, "gram": 0.0, "cross": 0.0, "dist": 0.0, "angle": 0.0, "readout": 0.00087, "resid": 0.00039, "elapsed_s": 75.6}
{"event": "fit", "step": 1800, "mse": 0.01536, "gram": 0.0, "cross": 0.0, "dist": 0.0, "angle": 0.0, "readout": 0.00104, "resid": 0.00039, "elapsed_s": 79.8}
{"event": "fit", "step": 1900, "mse": 0.01598, "gram": 0.0, "cross": 0.0, "dist": 0.0, "angle": 0.0, "readout": 0.00087, "resid": 0.0004, "elapsed_s": 84.0}
{"event": "fit", "step": 2000, "mse": 0.01538, "gram": 0.0, "cross": 0.0, "dist": 0.0, "angle": 0.0, "readout": 0.00084, "resid": 0.00037, "elapsed_s": 88.2}
{"event": "fit", "step": 2100, "mse": 0.01491, "gram": 0.0, "cross": 0.0, "dist": 0.0, "angle": 0.0, "readout": 0.00084, "resid": 0.00038, "elapsed_s": 92.4}
{"event": "fit", "step": 2200, "mse": 0.01503, "gram": 0.0, "cross": 0.0, "dist": 0.0, "angle": 0.0, "readout": 0.00087, "resid": 0.00038, "elapsed_s": 96.5}
{"event": "fit", "step": 2300, "mse": 0.01512, "gram": 0.0, "cross": 0.0, "dist": 0.0, "angle": 0.0, "readout": 0.0009, "resid": 0.0004, "elapsed_s": 100.7}
{"event": "fit", "step": 2400, "mse": 0.01511, "gram": 0.0, "cross": 0.0, "dist": 0.0, "angle": 0.0, "readout": 0.0009, "resid": 0.00039, "elapsed_s": 104.9}
{"event": "fit", "step": 2500, "mse": 0.01502, "gram": 0.0, "cross": 0.0, "dist": 0.0, "angle": 0.0, "readout": 0.00086, "resid": 0.00038, "elapsed_s": 109.1}
{"event": "fit", "step": 2600, "mse": 0.01472, "gram": 0.0, "cross": 0.0, "dist": 0.0, "angle": 0.0, "readout": 0.00082, "resid": 0.00037, "elapsed_s": 113.2}
{"event": "fit", "step": 2700, "mse": 0.01481, "gram": 0.0, "cross": 0.0, "dist": 0.0, "angle": 0.0, "readout": 0.00078, "resid": 0.00037, "elapsed_s": 117.4}
{"event": "fit", "step": 2800, "mse": 0.01517, "gram": 0.0, "cross": 0.0, "dist": 0.0, "angle": 0.0, "readout": 0.00084, "resid": 0.0004, "elapsed_s": 121.6}
{"event": "fit", "step": 2900, "mse": 0.01481, "gram": 0.0, "cross": 0.0, "dist": 0.0, "angle": 0.0, "readout": 0.0008, "resid": 0.00036, "elapsed_s": 125.8}
{"event": "fit", "step": 3000, "mse": 0.0143, "gram": 0.0, "cross": 0.0, "dist": 0.0, "angle": 0.0, "readout": 0.00076, "resid": 0.00035, "elapsed_s": 129.9}
{"event": "fit", "step": 3100, "mse": 0.01422, "gram": 0.0, "cross": 0.0, "dist": 0.0, "angle": 0.0, "readout": 0.0008, "resid": 0.00035, "elapsed_s": 134.1}
{"event": "fit", "step": 3200, "mse": 0.01415, "gram": 0.0, "cross": 0.0, "dist": 0.0, "angle": 0.0, "readout": 0.00079, "resid": 0.00035, "elapsed_s": 138.3}
{"event": "fit", "step": 3300, "mse": 0.01427, "gram": 0.0, "cross": 0.0, "dist": 0.0, "angle": 0.0, "readout": 0.00076, "resid": 0.00036, "elapsed_s": 142.5}
{"event": "fit", "step": 3400, "mse": 0.01457, "gram": 0.0, "cross": 0.0, "dist": 0.0, "angle": 0.0, "readout": 0.00086, "resid": 0.00036, "elapsed_s": 146.6}
{"event": "fit", "step": 3500, "mse": 0.01471, "gram": 0.0, "cross": 0.0, "dist": 0.0, "angle": 0.0, "readout": 0.00079, "resid": 0.00038, "elapsed_s": 150.8}
{"event": "fit", "step": 3600, "mse": 0.01406, "gram": 0.0, "cross": 0.0, "dist": 0.0, "angle": 0.0, "readout": 0.00081, "resid": 0.00036, "elapsed_s": 155.0}
{"event": "fit", "step": 3700, "mse": 0.01397, "gram": 0.0, "cross": 0.0, "dist": 0.0, "angle": 0.0, "readout": 0.00082, "resid": 0.00035, "elapsed_s": 159.2}
{"event": "fit", "step": 3800, "mse": 0.0141, "gram": 0.0, "cross": 0.0, "dist": 0.0, "angle": 0.0, "readout": 0.00084, "resid": 0.00036, "elapsed_s": 163.3}
{"event": "fit", "step": 3900, "mse": 0.0141, "gram": 0.0, "cross": 0.0, "dist": 0.0, "angle": 0.0, "readout": 0.00079, "resid": 0.00035, "elapsed_s": 167.5}
{"event": "fit", "step": 4000, "mse": 0.01427, "gram": 0.0, "cross": 0.0, "dist": 0.0, "angle": 0.0, "readout": 0.00081, "resid": 0.00036, "elapsed_s": 171.7}
{"event": "fit", "step": 4100, "mse": 0.01355, "gram": 0.0, "cross": 0.0, "dist": 0.0, "angle": 0.0, "readout": 0.00073, "resid": 0.00034, "elapsed_s": 175.8}
{"event": "fit", "step": 4200, "mse": 0.01362, "gram": 0.0, "cross": 0.0, "dist": 0.0, "angle": 0.0, "readout": 0.00082, "resid": 0.00034, "elapsed_s": 180.0}
{"event": "fit", "step": 4300, "mse": 0.01401, "gram": 0.0, "cross": 0.0, "dist": 0.0, "angle": 0.0, "readout": 0.00076, "resid": 0.00037, "elapsed_s": 184.1}
{"event": "fit", "step": 4400, "mse": 0.01464, "gram": 0.0, "cross": 0.0, "dist": 0.0, "angle": 0.0, "readout": 0.0008, "resid": 0.00038, "elapsed_s": 188.3}
{"event": "fit", "step": 4500, "mse": 0.01358, "gram": 0.0, "cross": 0.0, "dist": 0.0, "angle": 0.0, "readout": 0.00074, "resid": 0.00033, "elapsed_s": 192.5}
{"event": "fit", "step": 4600, "mse": 0.01377, "gram": 0.0, "cross": 0.0, "dist": 0.0, "angle": 0.0, "readout": 0.00078, "resid": 0.00035, "elapsed_s": 196.6}
{"event": "fit", "step": 4700, "mse": 0.01418, "gram": 0.0, "cross": 0.0, "dist": 0.0, "angle": 0.0, "readout": 0.00077, "resid": 0.00037, "elapsed_s": 200.8}
{"event": "fit", "step": 4800, "mse": 0.01386, "gram": 0.0, "cross": 0.0, "dist": 0.0, "angle": 0.0, "readout": 0.00079, "resid": 0.00036, "elapsed_s": 204.9}
{"event": "fit", "step": 4900, "mse": 0.01354, "gram": 0.0, "cross": 0.0, "dist": 0.0, "angle": 0.0, "readout": 0.00073, "resid": 0.00034, "elapsed_s": 209.1}
{"event": "fit", "step": 5000, "mse": 0.01428, "gram": 0.0, "cross": 0.0, "dist": 0.0, "angle": 0.0, "readout": 0.00075, "resid": 0.00036, "elapsed_s": 213.2}
{"event": "layer_metrics", "step": 5000, "layers": [{"mse": 0.0004, "r2": 0.9884, "cos": 0.9937}, {"mse": 0.0023, "r2": 0.8632, "cos": 0.9256}, {"mse": 0.0067, "r2": 0.7818, "cos": 0.883}, {"mse": 0.0172, "r2": 0.6697, "cos": 0.8101}, {"mse": 0.0253, "r2": 0.6123, "cos": 0.7788}, {"mse": 0.0326, "r2": 0.5425, "cos": 0.7504}], "elapsed_s": 213.5}
{"event": "fit", "step": 5100, "mse": 0.01518, "gram": 0.0, "cross": 0.0, "dist": 0.0, "angle": 0.0, "readout": 0.00078, "resid": 0.0005, "elapsed_s": 217.6}
{"event": "fit", "step": 5200, "mse": 0.01353, "gram": 0.0, "cross": 0.0, "dist": 0.0, "angle": 0.0, "readout": 0.00077, "resid": 0.00033, "elapsed_s": 221.8}
{"event": "fit", "step": 5300, "mse": 0.01379, "gram": 0.0, "cross": 0.0, "dist": 0.0, "angle": 0.0, "readout": 0.00078, "resid": 0.00035, "elapsed_s": 226.0}
{"event": "fit", "step": 5400, "mse": 0.01362, "gram": 0.0, "cross": 0.0, "dist": 0.0, "angle": 0.0, "readout": 0.00084, "resid": 0.00037, "elapsed_s": 230.1}
{"event": "fit", "step": 5500, "mse": 0.01383, "gram": 0.0, "cross": 0.0, "dist": 0.0, "angle": 0.0, "readout": 0.00078, "resid": 0.00034, "elapsed_s": 234.3}
{"event": "fit", "step": 5600, "mse": 0.01404, "gram": 0.0, "cross": 0.0, "dist": 0.0, "angle": 0.0, "readout": 0.00075, "resid": 0.00038, "elapsed_s": 238.4}
{"event": "fit", "step": 5700, "mse": 0.01355, "gram": 0.0, "cross": 0.0, "dist": 0.0, "angle": 0.0, "readout": 0.00079, "resid": 0.00034, "elapsed_s": 242.6}
{"event": "fit", "step": 5800, "mse": 0.01329, "gram": 0.0, "cross": 0.0, "dist": 0.0, "angle": 0.0, "readout": 0.00079, "resid": 0.00033, "elapsed_s": 246.7}
{"event": "fit", "step": 5900, "mse": 0.01385, "gram": 0.0, "cross": 0.0, "dist": 0.0, "angle": 0.0, "readout": 0.00072, "resid": 0.00035, "elapsed_s": 250.9}
{"event": "fit", "step": 6000, "mse": 0.01344, "gram": 0.0, "cross": 0.0, "dist": 0.0, "angle": 0.0, "readout": 0.00081, "resid": 0.00035, "elapsed_s": 255.0}
{"event": "fit", "step": 6100, "mse": 0.01314, "gram": 0.0, "cross": 0.0, "dist": 0.0, "angle": 0.0, "readout": 0.00072, "resid": 0.00034, "elapsed_s": 259.2}
{"event": "fit", "step": 6200, "mse": 0.01326, "gram": 0.0, "cross": 0.0, "dist": 0.0, "angle": 0.0, "readout": 0.00076, "resid": 0.00034, "elapsed_s": 263.4}
{"event": "fit", "step": 6300, "mse": 0.01357, "gram": 0.0, "cross": 0.0, "dist": 0.0, "angle": 0.0, "readout": 0.00078, "resid": 0.00036, "elapsed_s": 267.5}
{"event": "fit", "step": 6400, "mse": 0.01306, "gram": 0.0, "cross": 0.0, "dist": 0.0, "angle": 0.0, "readout": 0.00074, "resid": 0.00031, "elapsed_s": 271.7}
{"event": "fit", "step": 6500, "mse": 0.01313, "gram": 0.0, "cross": 0.0, "dist": 0.0, "angle": 0.0, "readout": 0.00076, "resid": 0.00032, "elapsed_s": 275.9}
{"event": "fit", "step": 6600, "mse": 0.0136, "gram": 0.0, "cross": 0.0, "dist": 0.0, "angle": 0.0, "readout": 0.00074, "resid": 0.00034, "elapsed_s": 280.0}
{"event": "fit", "step": 6700, "mse": 0.01327, "gram": 0.0, "cross": 0.0, "dist": 0.0, "angle": 0.0, "readout": 0.00075, "resid": 0.00034, "elapsed_s": 284.2}
{"event": "fit", "step": 6800, "mse": 0.013, "gram": 0.0, "cross": 0.0, "dist": 0.0, "angle": 0.0, "readout": 0.00074, "resid": 0.00032, "elapsed_s": 288.4}
{"event": "fit", "step": 6900, "mse": 0.01319, "gram": 0.0, "cross": 0.0, "dist": 0.0, "angle": 0.0, "readout": 0.00073, "resid": 0.00032, "elapsed_s": 292.5}
{"event": "fit", "step": 7000, "mse": 0.01334, "gram": 0.0, "cross": 0.0, "dist": 0.0, "angle": 0.0, "readout": 0.00075, "resid": 0.00033, "elapsed_s": 296.7}
{"event": "fit", "step": 7100, "mse": 0.01318, "gram": 0.0, "cross": 0.0, "dist": 0.0, "angle": 0.0, "readout": 0.00068, "resid": 0.00034, "elapsed_s": 300.9}
{"event": "fit", "step": 7200, "mse": 0.01425, "gram": 0.0, "cross": 0.0, "dist": 0.0, "angle": 0.0, "readout": 0.00074, "resid": 0.0004, "elapsed_s": 305.0}
{"event": "fit", "step": 7300, "mse": 0.01311, "gram": 0.0, "cross": 0.0, "dist": 0.0, "angle": 0.0, "readout": 0.00074, "resid": 0.00032, "elapsed_s": 309.2}
{"event": "fit", "step": 7400, "mse": 0.01281, "gram": 0.0, "cross": 0.0, "dist": 0.0, "angle": 0.0, "readout": 0.00071, "resid": 0.00033, "elapsed_s": 313.4}
{"event": "fit", "step": 7500, "mse": 0.01327, "gram": 0.0, "cross": 0.0, "dist": 0.0, "angle": 0.0, "readout": 0.00069, "resid": 0.00034, "elapsed_s": 317.6}
{"event": "fit", "step": 7600, "mse": 0.01272, "gram": 0.0, "cross": 0.0, "dist": 0.0, "angle": 0.0, "readout": 0.00077, "resid": 0.00032, "elapsed_s": 321.7}
{"event": "fit", "step": 7700, "mse": 0.01243, "gram": 0.0, "cross": 0.0, "dist": 0.0, "angle": 0.0, "readout": 0.00074, "resid": 0.0003, "elapsed_s": 325.9}
{"event": "fit", "step": 7800, "mse": 0.01303, "gram": 0.0, "cross": 0.0, "dist": 0.0, "angle": 0.0, "readout": 0.00074, "resid": 0.00033, "elapsed_s": 330.1}
{"event": "fit", "step": 7900, "mse": 0.01328, "gram": 0.0, "cross": 0.0, "dist": 0.0, "angle": 0.0, "readout": 0.00073, "resid": 0.00033, "elapsed_s": 334.2}
{"event": "fit", "step": 8000, "mse": 0.01278, "gram": 0.0, "cross": 0.0, "dist": 0.0, "angle": 0.0, "readout": 0.00068, "resid": 0.00031, "elapsed_s": 338.4}
{"event": "fit", "step": 8100, "mse": 0.01247, "gram": 0.0, "cross": 0.0, "dist": 0.0, "angle": 0.0, "readout": 0.0007, "resid": 0.00031, "elapsed_s": 342.6}
{"event": "fit", "step": 8200, "mse": 0.01304, "gram": 0.0, "cross": 0.0, "dist": 0.0, "angle": 0.0, "readout": 0.00076, "resid": 0.00033, "elapsed_s": 346.7}
{"event": "fit", "step": 8300, "mse": 0.01318, "gram": 0.0, "cross": 0.0, "dist": 0.0, "angle": 0.0, "readout": 0.00075, "resid": 0.00039, "elapsed_s": 350.9}
{"event": "fit", "step": 8400, "mse": 0.0132, "gram": 0.0, "cross": 0.0, "dist": 0.0, "angle": 0.0, "readout": 0.0007, "resid": 0.00033, "elapsed_s": 355.1}
{"event": "fit", "step": 8500, "mse": 0.01283, "gram": 0.0, "cross": 0.0, "dist": 0.0, "angle": 0.0, "readout": 0.0007, "resid": 0.00031, "elapsed_s": 359.2}
{"event": "fit", "step": 8600, "mse": 0.01306, "gram": 0.0, "cross": 0.0, "dist": 0.0, "angle": 0.0, "readout": 0.00069, "resid": 0.00033, "elapsed_s": 363.4}
{"event": "fit", "step": 8700, "mse": 0.01259, "gram": 0.0, "cross": 0.0, "dist": 0.0, "angle": 0.0, "readout": 0.00068, "resid": 0.00031, "elapsed_s": 367.5}
{"event": "fit", "step": 8800, "mse": 0.01281, "gram": 0.0, "cross": 0.0, "dist": 0.0, "angle": 0.0, "readout": 0.0007, "resid": 0.00032, "elapsed_s": 371.7}
{"event": "fit", "step": 8900, "mse": 0.0126, "gram": 0.0, "cross": 0.0, "dist": 0.0, "angle": 0.0, "readout": 0.00066, "resid": 0.0003, "elapsed_s": 375.8}
{"event": "fit", "step": 9000, "mse": 0.01301, "gram": 0.0, "cross": 0.0, "dist": 0.0, "angle": 0.0, "readout": 0.0008, "resid": 0.00033, "elapsed_s": 380.0}
{"event": "fit", "step": 9100, "mse": 0.01269, "gram": 0.0, "cross": 0.0, "dist": 0.0, "angle": 0.0, "readout": 0.00071, "resid": 0.0003, "elapsed_s": 384.1}
{"event": "fit", "step": 9200, "mse": 0.01315, "gram": 0.0, "cross": 0.0, "dist": 0.0, "angle": 0.0, "readout": 0.0007, "resid": 0.00033, "elapsed_s": 388.3}
{"event": "fit", "step": 9300, "mse": 0.01301, "gram": 0.0, "cross": 0.0, "dist": 0.0, "angle": 0.0, "readout": 0.00071, "resid": 0.00032, "elapsed_s": 392.4}
{"event": "fit", "step": 9400, "mse": 0.01298, "gram": 0.0, "cross": 0.0, "dist": 0.0, "angle": 0.0, "readout": 0.0007, "resid": 0.00032, "elapsed_s": 396.6}
{"event": "fit", "step": 9500, "mse": 0.01294, "gram": 0.0, "cross": 0.0, "dist": 0.0, "angle": 0.0, "readout": 0.00069, "resid": 0.00032, "elapsed_s": 400.8}
{"event": "fit", "step": 9600, "mse": 0.01281, "gram": 0.0, "cross": 0.0, "dist": 0.0, "angle": 0.0, "readout": 0.00068, "resid": 0.00031, "elapsed_s": 404.9}
{"event": "fit", "step": 9700, "mse": 0.01308, "gram": 0.0, "cross": 0.0, "dist": 0.0, "angle": 0.0, "readout": 0.00067, "resid": 0.00035, "elapsed_s": 409.1}
{"event": "fit", "step": 9800, "mse": 0.01255, "gram": 0.0, "cross": 0.0, "dist": 0.0, "angle": 0.0, "readout": 0.0007, "resid": 0.00031, "elapsed_s": 413.2}
{"event": "fit", "step": 9900, "mse": 0.01238, "gram": 0.0, "cross": 0.0, "dist": 0.0, "angle": 0.0, "readout": 0.00072, "resid": 0.0003, "elapsed_s": 417.4}
{"event": "fit", "step": 10000, "mse": 0.01257, "gram": 0.0, "cross": 0.0, "dist": 0.0, "angle": 0.0, "readout": 0.00071, "resid": 0.00031, "elapsed_s": 421.6}
{"event": "layer_metrics", "step": 10000, "layers": [{"mse": 0.0002, "r2": 0.9924, "cos": 0.9959}, {"mse": 0.0019, "r2": 0.8886, "cos": 0.9401}, {"mse": 0.0061, "r2": 0.803, "cos": 0.8949}, {"mse": 0.0159, "r2": 0.6946, "cos": 0.8244}, {"mse": 0.024, "r2": 0.6335, "cos": 0.7916}, {"mse": 0.0311, "r2": 0.5627, "cos": 0.7635}], "elapsed_s": 421.8}
{"event": "fit", "step": 10100, "mse": 0.01249, "gram": 0.0, "cross": 0.0, "dist": 0.0, "angle": 0.0, "readout": 0.00066, "resid": 0.0003, "elapsed_s": 426.0}
{"event": "fit", "step": 10200, "mse": 0.01248, "gram": 0.0, "cross": 0.0, "dist": 0.0, "angle": 0.0, "readout": 0.00066, "resid": 0.00033, "elapsed_s": 430.2}
{"event": "fit", "step": 10300, "mse": 0.0128, "gram": 0.0, "cross": 0.0, "dist": 0.0, "angle": 0.0, "readout": 0.00067, "resid": 0.00032, "elapsed_s": 434.3}
{"event": "fit", "step": 10400, "mse": 0.0122, "gram": 0.0, "cross": 0.0, "dist": 0.0, "angle": 0.0, "readout": 0.00069, "resid": 0.0003, "elapsed_s": 438.5}
{"event": "fit", "step": 10500, "mse": 0.0126, "gram": 0.0, "cross": 0.0, "dist": 0.0, "angle": 0.0, "readout": 0.00069, "resid": 0.0003, "elapsed_s": 442.7}
{"event": "fit", "step": 10600, "mse": 0.01289, "gram": 0.0, "cross": 0.0, "dist": 0.0, "angle": 0.0, "readout": 0.0007, "resid": 0.00032, "elapsed_s": 446.8}
{"event": "fit", "step": 10700, "mse": 0.01243, "gram": 0.0, "cross": 0.0, "dist": 0.0, "angle": 0.0, "readout": 0.0007, "resid": 0.00031, "elapsed_s": 451.0}
{"event": "fit", "step": 10800, "mse": 0.01275, "gram": 0.0, "cross": 0.0, "dist": 0.0, "angle": 0.0, "readout": 0.00067, "resid": 0.00031, "elapsed_s": 455.2}
{"event": "fit", "step": 10900, "mse": 0.0126, "gram": 0.0, "cross": 0.0, "dist": 0.0, "angle": 0.0, "readout": 0.00069, "resid": 0.00031, "elapsed_s": 459.3}
{"event": "fit", "step": 11000, "mse": 0.0124, "gram": 0.0, "cross": 0.0, "dist": 0.0, "angle": 0.0, "readout": 0.00067, "resid": 0.0003, "elapsed_s": 463.5}
{"event": "fit", "step": 11100, "mse": 0.01251, "gram": 0.0, "cross": 0.0, "dist": 0.0, "angle": 0.0, "readout": 0.00063, "resid": 0.00031, "elapsed_s": 467.7}
{"event": "fit", "step": 11200, "mse": 0.01271, "gram": 0.0, "cross": 0.0, "dist": 0.0, "angle": 0.0, "readout": 0.00069, "resid": 0.00031, "elapsed_s": 471.9}
{"event": "fit", "step": 11300, "mse": 0.01239, "gram": 0.0, "cross": 0.0, "dist": 0.0, "angle": 0.0, "readout": 0.00067, "resid": 0.0003, "elapsed_s": 476.0}
{"event": "fit", "step": 11400, "mse": 0.01233, "gram": 0.0, "cross": 0.0, "dist": 0.0, "angle": 0.0, "readout": 0.00062, "resid": 0.0003, "elapsed_s": 480.2}
{"event": "fit", "step": 11500, "mse": 0.01271, "gram": 0.0, "cross": 0.0, "dist": 0.0, "angle": 0.0, "readout": 0.00068, "resid": 0.00031, "elapsed_s": 484.4}
{"event": "fit", "step": 11600, "mse": 0.01265, "gram": 0.0, "cross": 0.0, "dist": 0.0, "angle": 0.0, "readout": 0.0007, "resid": 0.00031, "elapsed_s": 488.5}
{"event": "fit", "step": 11700, "mse": 0.01317, "gram": 0.0, "cross": 0.0, "dist": 0.0, "angle": 0.0, "readout": 0.00069, "resid": 0.00034, "elapsed_s": 492.7}
{"event": "fit", "step": 11800, "mse": 0.01285, "gram": 0.0, "cross": 0.0, "dist": 0.0, "angle": 0.0, "readout": 0.00068, "resid": 0.00031, "elapsed_s": 496.9}
{"event": "fit", "step": 11900, "mse": 0.01272, "gram": 0.0, "cross": 0.0, "dist": 0.0, "angle": 0.0, "readout": 0.00069, "resid": 0.00031, "elapsed_s": 501.1}
{"event": "fit", "step": 12000, "mse": 0.01287, "gram": 0.0, "cross": 0.0, "dist": 0.0, "angle": 0.0, "readout": 0.00065, "resid": 0.00032, "elapsed_s": 505.2}
{"event": "fit", "step": 12100, "mse": 0.01256, "gram": 0.0, "cross": 0.0, "dist": 0.0, "angle": 0.0, "readout": 0.00069, "resid": 0.0003, "elapsed_s": 509.4}
{"event": "fit", "step": 12200, "mse": 0.01237, "gram": 0.0, "cross": 0.0, "dist": 0.0, "angle": 0.0, "readout": 0.00068, "resid": 0.00031, "elapsed_s": 513.6}
{"event": "fit", "step": 12300, "mse": 0.01237, "gram": 0.0, "cross": 0.0, "dist": 0.0, "angle": 0.0, "readout": 0.00066, "resid": 0.0003, "elapsed_s": 517.7}
{"event": "fit", "step": 12400, "mse": 0.01267, "gram": 0.0, "cross": 0.0, "dist": 0.0, "angle": 0.0, "readout": 0.00066, "resid": 0.00031, "elapsed_s": 521.9}
{"event": "fit", "step": 12500, "mse": 0.01322, "gram": 0.0, "cross": 0.0, "dist": 0.0, "angle": 0.0, "readout": 0.00068, "resid": 0.00034, "elapsed_s": 526.1}
{"event": "fit", "step": 12600, "mse": 0.01238, "gram": 0.0, "cross": 0.0, "dist": 0.0, "angle": 0.0, "readout": 0.00068, "resid": 0.0003, "elapsed_s": 530.2}
{"event": "fit", "step": 12700, "mse": 0.01263, "gram": 0.0, "cross": 0.0, "dist": 0.0, "angle": 0.0, "readout": 0.00069, "resid": 0.00032, "elapsed_s": 534.4}
{"event": "fit", "step": 12800, "mse": 0.01237, "gram": 0.0, "cross": 0.0, "dist": 0.0, "angle": 0.0, "readout": 0.00067, "resid": 0.0003, "elapsed_s": 538.6}
{"event": "fit", "step": 12900, "mse": 0.01262, "gram": 0.0, "cross": 0.0, "dist": 0.0, "angle": 0.0, "readout": 0.00069, "resid": 0.00032, "elapsed_s": 542.7}
{"event": "fit", "step": 13000, "mse": 0.0129, "gram": 0.0, "cross": 0.0, "dist": 0.0, "angle": 0.0, "readout": 0.00067, "resid": 0.00031, "elapsed_s": 546.9}
{"event": "fit", "step": 13100, "mse": 0.01245, "gram": 0.0, "cross": 0.0, "dist": 0.0, "angle": 0.0, "readout": 0.00068, "resid": 0.00031, "elapsed_s": 551.1}
{"event": "fit", "step": 13200, "mse": 0.01197, "gram": 0.0, "cross": 0.0, "dist": 0.0, "angle": 0.0, "readout": 0.00064, "resid": 0.00029, "elapsed_s": 555.2}
{"event": "fit", "step": 13300, "mse": 0.0125, "gram": 0.0, "cross": 0.0, "dist": 0.0, "angle": 0.0, "readout": 0.00065, "resid": 0.0003, "elapsed_s": 559.4}
{"event": "fit", "step": 13400, "mse": 0.01244, "gram": 0.0, "cross": 0.0, "dist": 0.0, "angle": 0.0, "readout": 0.00065, "resid": 0.0003, "elapsed_s": 563.6}
{"event": "fit", "step": 13500, "mse": 0.01203, "gram": 0.0, "cross": 0.0, "dist": 0.0, "angle": 0.0, "readout": 0.00063, "resid": 0.00029, "elapsed_s": 567.7}
{"event": "fit", "step": 13600, "mse": 0.01287, "gram": 0.0, "cross": 0.0, "dist": 0.0, "angle": 0.0, "readout": 0.00067, "resid": 0.00034, "elapsed_s": 571.9}
{"event": "fit", "step": 13700, "mse": 0.01253, "gram": 0.0, "cross": 0.0, "dist": 0.0, "angle": 0.0, "readout": 0.00066, "resid": 0.00031, "elapsed_s": 576.1}
{"event": "fit", "step": 13800, "mse": 0.01301, "gram": 0.0, "cross": 0.0, "dist": 0.0, "angle": 0.0, "readout": 0.00064, "resid": 0.00033, "elapsed_s": 580.2}
{"event": "fit", "step": 13900, "mse": 0.01178, "gram": 0.0, "cross": 0.0, "dist": 0.0, "angle": 0.0, "readout": 0.00063, "resid": 0.00028, "elapsed_s": 584.4}
{"event": "fit", "step": 14000, "mse": 0.01201, "gram": 0.0, "cross": 0.0, "dist": 0.0, "angle": 0.0, "readout": 0.00063, "resid": 0.0003, "elapsed_s": 588.6}
{"event": "fit", "step": 14100, "mse": 0.01256, "gram": 0.0, "cross": 0.0, "dist": 0.0, "angle": 0.0, "readout": 0.00067, "resid": 0.00031, "elapsed_s": 592.7}
{"event": "fit", "step": 14200, "mse": 0.01246, "gram": 0.0, "cross": 0.0, "dist": 0.0, "angle": 0.0, "readout": 0.00066, "resid": 0.0003, "elapsed_s": 596.9}
{"event": "fit", "step": 14300, "mse": 0.01237, "gram": 0.0, "cross": 0.0, "dist": 0.0, "angle": 0.0, "readout": 0.00063, "resid": 0.0003, "elapsed_s": 601.1}
{"event": "fit", "step": 14400, "mse": 0.01244, "gram": 0.0, "cross": 0.0, "dist": 0.0, "angle": 0.0, "readout": 0.00063, "resid": 0.0003, "elapsed_s": 605.2}
{"event": "fit", "step": 14500, "mse": 0.01209, "gram": 0.0, "cross": 0.0, "dist": 0.0, "angle": 0.0, "readout": 0.00065, "resid": 0.0003, "elapsed_s": 609.4}
{"event": "fit", "step": 14600, "mse": 0.0123, "gram": 0.0, "cross": 0.0, "dist": 0.0, "angle": 0.0, "readout": 0.00062, "resid": 0.00029, "elapsed_s": 613.5}
{"event": "fit", "step": 14700, "mse": 0.01246, "gram": 0.0, "cross": 0.0, "dist": 0.0, "angle": 0.0, "readout": 0.00065, "resid": 0.00032, "elapsed_s": 617.7}
{"event": "fit", "step": 14800, "mse": 0.01198, "gram": 0.0, "cross": 0.0, "dist": 0.0, "angle": 0.0, "readout": 0.00062, "resid": 0.0003, "elapsed_s": 621.8}
{"event": "fit", "step": 14900, "mse": 0.01204, "gram": 0.0, "cross": 0.0, "dist": 0.0, "angle": 0.0, "readout": 0.00063, "resid": 0.00028, "elapsed_s": 626.0}
{"event": "fit", "step": 15000, "mse": 0.01208, "gram": 0.0, "cross": 0.0, "dist": 0.0, "angle": 0.0, "readout": 0.00063, "resid": 0.00029, "elapsed_s": 630.2}
{"event": "layer_metrics", "step": 15000, "layers": [{"mse": 0.0002, "r2": 0.9942, "cos": 0.9968}, {"mse": 0.0017, "r2": 0.8977, "cos": 0.945}, {"mse": 0.0058, "r2": 0.813, "cos": 0.9004}, {"mse": 0.0153, "r2": 0.7055, "cos": 0.8307}, {"mse": 0.0233, "r2": 0.644, "cos": 0.798}, {"mse": 0.0302, "r2": 0.5759, "cos": 0.7709}], "elapsed_s": 630.4}
{"event": "fit", "step": 15100, "mse": 0.01163, "gram": 0.0, "cross": 0.0, "dist": 0.0, "angle": 0.0, "readout": 0.00064, "resid": 0.00028, "elapsed_s": 634.6}
{"event": "fit", "step": 15200, "mse": 0.01281, "gram": 0.0, "cross": 0.0, "dist": 0.0, "angle": 0.0, "readout": 0.00061, "resid": 0.00031, "elapsed_s": 638.7}
{"event": "fit", "step": 15300, "mse": 0.01246, "gram": 0.0, "cross": 0.0, "dist": 0.0, "angle": 0.0, "readout": 0.00063, "resid": 0.0003, "elapsed_s": 642.9}
{"event": "fit", "step": 15400, "mse": 0.01188, "gram": 0.0, "cross": 0.0, "dist": 0.0, "angle": 0.0, "readout": 0.00062, "resid": 0.00029, "elapsed_s": 647.1}
{"event": "fit", "step": 15500, "mse": 0.01184, "gram": 0.0, "cross": 0.0, "dist": 0.0, "angle": 0.0, "readout": 0.00061, "resid": 0.00029, "elapsed_s": 651.3}
{"event": "fit", "step": 15600, "mse": 0.01188, "gram": 0.0, "cross": 0.0, "dist": 0.0, "angle": 0.0, "readout": 0.00063, "resid": 0.00028, "elapsed_s": 655.4}
{"event": "fit", "step": 15700, "mse": 0.01223, "gram": 0.0, "cross": 0.0, "dist": 0.0, "angle": 0.0, "readout": 0.00064, "resid": 0.0003, "elapsed_s": 659.6}
{"event": "fit", "step": 15800, "mse": 0.01262, "gram": 0.0, "cross": 0.0, "dist": 0.0, "angle": 0.0, "readout": 0.00064, "resid": 0.00031, "elapsed_s": 663.8}
{"event": "fit", "step": 15900, "mse": 0.01276, "gram": 0.0, "cross": 0.0, "dist": 0.0, "angle": 0.0, "readout": 0.00065, "resid": 0.00032, "elapsed_s": 668.0}
{"event": "fit", "step": 16000, "mse": 0.01287, "gram": 0.0, "cross": 0.0, "dist": 0.0, "angle": 0.0, "readout": 0.00066, "resid": 0.00031, "elapsed_s": 672.1}
{"event": "fit", "step": 16100, "mse": 0.01244, "gram": 0.0, "cross": 0.0, "dist": 0.0, "angle": 0.0, "readout": 0.00063, "resid": 0.0003, "elapsed_s": 676.3}
{"event": "fit", "step": 16200, "mse": 0.01182, "gram": 0.0, "cross": 0.0, "dist": 0.0, "angle": 0.0, "readout": 0.00064, "resid": 0.00028, "elapsed_s": 680.5}
{"event": "fit", "step": 16300, "mse": 0.01268, "gram": 0.0, "cross": 0.0, "dist": 0.0, "angle": 0.0, "readout": 0.00064, "resid": 0.00034, "elapsed_s": 684.6}
{"event": "fit", "step": 16400, "mse": 0.01191, "gram": 0.0, "cross": 0.0, "dist": 0.0, "angle": 0.0, "readout": 0.00062, "resid": 0.00029, "elapsed_s": 688.8}
{"event": "fit", "step": 16500, "mse": 0.01219, "gram": 0.0, "cross": 0.0, "dist": 0.0, "angle": 0.0, "readout": 0.00061, "resid": 0.0003, "elapsed_s": 693.0}
{"event": "fit", "step": 16600, "mse": 0.01227, "gram": 0.0, "cross": 0.0, "dist": 0.0, "angle": 0.0, "readout": 0.00064, "resid": 0.0003, "elapsed_s": 697.1}
{"event": "fit", "step": 16700, "mse": 0.01187, "gram": 0.0, "cross": 0.0, "dist": 0.0, "angle": 0.0, "readout": 0.00063, "resid": 0.00028, "elapsed_s": 701.3}
{"event": "fit", "step": 16800, "mse": 0.01193, "gram": 0.0, "cross": 0.0, "dist": 0.0, "angle": 0.0, "readout": 0.00063, "resid": 0.00029, "elapsed_s": 705.5}
{"event": "fit", "step": 16900, "mse": 0.01243, "gram": 0.0, "cross": 0.0, "dist": 0.0, "angle": 0.0, "readout": 0.00059, "resid": 0.0003, "elapsed_s": 709.6}
{"event": "fit", "step": 17000, "mse": 0.01233, "gram": 0.0, "cross": 0.0, "dist": 0.0, "angle": 0.0, "readout": 0.00063, "resid": 0.0003, "elapsed_s": 713.8}
{"event": "fit", "step": 17100, "mse": 0.01211, "gram": 0.0, "cross": 0.0, "dist": 0.0, "angle": 0.0, "readout": 0.00063, "resid": 0.00029, "elapsed_s": 717.9}
{"event": "fit", "step": 17200, "mse": 0.01212, "gram": 0.0, "cross": 0.0, "dist": 0.0, "angle": 0.0, "readout": 0.00063, "resid": 0.00029, "elapsed_s": 722.1}
{"event": "fit", "step": 17300, "mse": 0.01272, "gram": 0.0, "cross": 0.0, "dist": 0.0, "angle": 0.0, "readout": 0.00064, "resid": 0.00031, "elapsed_s": 726.2}
{"event": "fit", "step": 17400, "mse": 0.01227, "gram": 0.0, "cross": 0.0, "dist": 0.0, "angle": 0.0, "readout": 0.00062, "resid": 0.00033, "elapsed_s": 730.4}
{"event": "fit", "step": 17500, "mse": 0.01217, "gram": 0.0, "cross": 0.0, "dist": 0.0, "angle": 0.0, "readout": 0.00062, "resid": 0.00029, "elapsed_s": 734.6}
{"event": "fit", "step": 17600, "mse": 0.01205, "gram": 0.0, "cross": 0.0, "dist": 0.0, "angle": 0.0, "readout": 0.00062, "resid": 0.00029, "elapsed_s": 738.7}
{"event": "fit", "step": 17700, "mse": 0.0119, "gram": 0.0, "cross": 0.0, "dist": 0.0, "angle": 0.0, "readout": 0.00061, "resid": 0.00029, "elapsed_s": 742.9}
{"event": "fit", "step": 17800, "mse": 0.01229, "gram": 0.0, "cross": 0.0, "dist": 0.0, "angle": 0.0, "readout": 0.00062, "resid": 0.00031, "elapsed_s": 747.0}
{"event": "fit", "step": 17900, "mse": 0.01259, "gram": 0.0, "cross": 0.0, "dist": 0.0, "angle": 0.0, "readout": 0.00062, "resid": 0.00032, "elapsed_s": 751.2}
{"event": "fit", "step": 18000, "mse": 0.01218, "gram": 0.0, "cross": 0.0, "dist": 0.0, "angle": 0.0, "readout": 0.00061, "resid": 0.00029, "elapsed_s": 755.4}
{"event": "fit", "step": 18100, "mse": 0.01234, "gram": 0.0, "cross": 0.0, "dist": 0.0, "angle": 0.0, "readout": 0.00063, "resid": 0.00032, "elapsed_s": 759.6}
{"event": "fit", "step": 18200, "mse": 0.01185, "gram": 0.0, "cross": 0.0, "dist": 0.0, "angle": 0.0, "readout": 0.00061, "resid": 0.00029, "elapsed_s": 763.7}
{"event": "fit", "step": 18300, "mse": 0.01199, "gram": 0.0, "cross": 0.0, "dist": 0.0, "angle": 0.0, "readout": 0.00062, "resid": 0.00029, "elapsed_s": 767.9}
{"event": "fit", "step": 18400, "mse": 0.01215, "gram": 0.0, "cross": 0.0, "dist": 0.0, "angle": 0.0, "readout": 0.00063, "resid": 0.00029, "elapsed_s": 772.1}
{"event": "fit", "step": 18500, "mse": 0.01192, "gram": 0.0, "cross": 0.0, "dist": 0.0, "angle": 0.0, "readout": 0.00062, "resid": 0.00029, "elapsed_s": 776.2}
{"event": "fit", "step": 18600, "mse": 0.01224, "gram": 0.0, "cross": 0.0, "dist": 0.0, "angle": 0.0, "readout": 0.00062, "resid": 0.00032, "elapsed_s": 780.4}
{"event": "fit", "step": 18700, "mse": 0.01212, "gram": 0.0, "cross": 0.0, "dist": 0.0, "angle": 0.0, "readout": 0.00062, "resid": 0.00029, "elapsed_s": 784.6}
{"event": "fit", "step": 18800, "mse": 0.0117, "gram": 0.0, "cross": 0.0, "dist": 0.0, "angle": 0.0, "readout": 0.00061, "resid": 0.00028, "elapsed_s": 788.8}
{"event": "fit", "step": 18900, "mse": 0.01167, "gram": 0.0, "cross": 0.0, "dist": 0.0, "angle": 0.0, "readout": 0.00061, "resid": 0.00028, "elapsed_s": 792.9}
{"event": "fit", "step": 19000, "mse": 0.01251, "gram": 0.0, "cross": 0.0, "dist": 0.0, "angle": 0.0, "readout": 0.00061, "resid": 0.00031, "elapsed_s": 797.1}
{"event": "fit", "step": 19100, "mse": 0.01162, "gram": 0.0, "cross": 0.0, "dist": 0.0, "angle": 0.0, "readout": 0.0006, "resid": 0.00027, "elapsed_s": 801.3}
{"event": "fit", "step": 19200, "mse": 0.01193, "gram": 0.0, "cross": 0.0, "dist": 0.0, "angle": 0.0, "readout": 0.00063, "resid": 0.00028, "elapsed_s": 805.4}
{"event": "fit", "step": 19300, "mse": 0.01208, "gram": 0.0, "cross": 0.0, "dist": 0.0, "angle": 0.0, "readout": 0.00061, "resid": 0.0003, "elapsed_s": 809.6}
{"event": "fit", "step": 19400, "mse": 0.01169, "gram": 0.0, "cross": 0.0, "dist": 0.0, "angle": 0.0, "readout": 0.00058, "resid": 0.00028, "elapsed_s": 813.8}
{"event": "fit", "step": 19500, "mse": 0.01224, "gram": 0.0, "cross": 0.0, "dist": 0.0, "angle": 0.0, "readout": 0.00063, "resid": 0.0003, "elapsed_s": 818.0}
{"event": "fit", "step": 19600, "mse": 0.01268, "gram": 0.0, "cross": 0.0, "dist": 0.0, "angle": 0.0, "readout": 0.00064, "resid": 0.00031, "elapsed_s": 822.1}
{"event": "fit", "step": 19700, "mse": 0.01167, "gram": 0.0, "cross": 0.0, "dist": 0.0, "angle": 0.0, "readout": 0.00064, "resid": 0.00029, "elapsed_s": 826.3}
{"event": "fit", "step": 19800, "mse": 0.01244, "gram": 0.0, "cross": 0.0, "dist": 0.0, "angle": 0.0, "readout": 0.00063, "resid": 0.0003, "elapsed_s": 830.5}
{"event": "fit", "step": 19900, "mse": 0.0123, "gram": 0.0, "cross": 0.0, "dist": 0.0, "angle": 0.0, "readout": 0.00061, "resid": 0.0003, "elapsed_s": 834.6}
{"event": "fit", "step": 20000, "mse": 0.0118, "gram": 0.0, "cross": 0.0, "dist": 0.0, "angle": 0.0, "readout": 0.00061, "resid": 0.00028, "elapsed_s": 838.8}
{"event": "layer_metrics", "step": 20000, "layers": [{"mse": 0.0002, "r2": 0.9946, "cos": 0.997}, {"mse": 0.0017, "r2": 0.9006, "cos": 0.9466}, {"mse": 0.0057, "r2": 0.8164, "cos": 0.9022}, {"mse": 0.0151, "r2": 0.7094, "cos": 0.833}, {"mse": 0.023, "r2": 0.6477, "cos": 0.8003}, {"mse": 0.0299, "r2": 0.5804, "cos": 0.7738}], "elapsed_s": 839.1}
{"event": "teacher_lm", "val_nats": 1.2742, "dickens_nats": 1.2666, "elapsed_s": 839.4}
{"event": "swap_one", "layer": 0, "val_nats": 1.2721, "delta": -0.0021, "elapsed_s": 839.5}
{"event": "swap_one", "layer": 1, "val_nats": 1.2761, "delta": 0.0019, "elapsed_s": 839.6}
{"event": "swap_one", "layer": 2, "val_nats": 1.2775, "delta": 0.0033, "elapsed_s": 839.7}
{"event": "swap_one", "layer": 3, "val_nats": 1.2844, "delta": 0.0103, "elapsed_s": 839.8}
{"event": "swap_one", "layer": 4, "val_nats": 1.2851, "delta": 0.0109, "elapsed_s": 840.0}
{"event": "swap_one", "layer": 5, "val_nats": 1.2971, "delta": 0.0229, "elapsed_s": 840.1}
{"event": "swap_all_untrained", "val_nats": 1.3649, "val_bpc": 1.9692, "dickens_nats": 1.3684, "dickens_bpc": 1.9742, "delta_val": 0.0908, "delta_dickens": 0.1018, "elapsed_s": 841.5}
