{"event": "setup", "teacher_params": 4826880, "mixer_params_each": 4391936, "attn_params_each": 263168, "w_gram": 0.0, "w_cross": 0.0, "w_dist": 0.0, "w_angle": 0.0, "w_readout": 1.0, "w_resid": 1.0, "groups": 8, "pool": "none", "beta": 1.0, "elapsed_s": 3.3}
{"event": "fit", "step": 100, "mse": 0.04208, "gram": 0.0, "cross": 0.0, "dist": 0.0, "angle": 0.0, "readout": 0.0026, "resid": 0.00156, "elapsed_s": 8.9}
{"event": "fit", "step": 200, "mse": 0.03536, "gram": 0.0, "cross": 0.0, "dist": 0.0, "angle": 0.0, "readout": 0.00168, "resid": 0.00111, "elapsed_s": 13.1}
{"event": "fit", "step": 300, "mse": 0.02646, "gram": 0.0, "cross": 0.0, "dist": 0.0, "angle": 0.0, "readout": 0.00147, "resid": 0.00075, "elapsed_s": 17.2}
{"event": "fit", "step": 400, "mse": 0.02204, "gram": 0.0, "cross": 0.0, "dist": 0.0, "angle": 0.0, "readout": 0.00127, "resid": 0.00061, "elapsed_s": 21.4}
{"event": "fit", "step": 500, "mse": 0.01924, "gram": 0.0, "cross": 0.0, "dist": 0.0, "angle": 0.0, "readout": 0.00107, "resid": 0.00049, "elapsed_s": 25.6}
{"event": "fit", "step": 600, "mse": 0.01904, "gram": 0.0, "cross": 0.0, "dist": 0.0, "angle": 0.0, "readout": 0.00112, "resid": 0.00051, "elapsed_s": 29.8}
{"event": "fit", "step": 700, "mse": 0.01719, "gram": 0.0, "cross": 0.0, "dist": 0.0, "angle": 0.0, "readout": 0.00095, "resid": 0.00043, "elapsed_s": 34.0}
{"event": "fit", "step": 800, "mse": 0.01729, "gram": 0.0, "cross": 0.0, "dist": 0.0, "angle": 0.0, "readout": 0.00097, "resid": 0.00043, "elapsed_s": 38.2}
{"event": "fit", "step": 900, "mse": 0.01648, "gram": 0.0, "cross": 0.0, "dist": 0.0, "angle": 0.0, "readout": 0.00093, "resid": 0.00041, "elapsed_s": 42.4}
{"event": "fit", "step": 1000, "mse": 0.01602, "gram": 0.0, "cross": 0.0, "dist": 0.0, "angle": 0.0, "readout": 0.00096, "resid": 0.00039, "elapsed_s": 46.6}
{"event": "fit", "step": 1100, "mse": 0.01707, "gram": 0.0, "cross": 0.0, "dist": 0.0, "angle": 0.0, "readout": 0.00089, "resid": 0.00044, "elapsed_s": 50.8}
{"event": "fit", "step": 1200, "mse": 0.01577, "gram": 0.0, "cross": 0.0, "dist": 0.0, "angle": 0.0, "readout": 0.00085, "resid": 0.00039, "elapsed_s": 54.9}
{"event": "fit", "step": 1300, "mse": 0.01612, "gram": 0.0, "cross": 0.0, "dist": 0.0, "angle": 0.0, "readout": 0.00085, "resid": 0.00041, "elapsed_s": 59.1}
{"event": "fit", "step": 1400, "mse": 0.01561, "gram": 0.0, "cross": 0.0, "dist": 0.0, "angle": 0.0, "readout": 0.00087, "resid": 0.00038, "elapsed_s": 63.3}
{"event": "fit", "step": 1500, "mse": 0.0158, "gram": 0.0, "cross": 0.0, "dist": 0.0, "angle": 0.0, "readout": 0.00083, "resid": 0.0004, "elapsed_s": 67.5}
{"event": "fit", "step": 1600, "mse": 0.01533, "gram": 0.0, "cross": 0.0, "dist": 0.0, "angle": 0.0, "readout": 0.00081, "resid": 0.00039, "elapsed_s": 71.7}
{"event": "fit", "step": 1700, "mse": 0.01479, "gram": 0.0, "cross": 0.0, "dist": 0.0, "angle": 0.0, "readout": 0.00081, "resid": 0.00036, "elapsed_s": 75.8}
{"event": "fit", "step": 1800, "mse": 0.01447, "gram": 0.0, "cross": 0.0, "dist": 0.0, "angle": 0.0, "readout": 0.00084, "resid": 0.00036, "elapsed_s": 80.0}
{"event": "fit", "step": 1900, "mse": 0.01511, "gram": 0.0, "cross": 0.0, "dist": 0.0, "angle": 0.0, "readout": 0.00081, "resid": 0.00038, "elapsed_s": 84.2}
{"event": "fit", "step": 2000, "mse": 0.01463, "gram": 0.0, "cross": 0.0, "dist": 0.0, "angle": 0.0, "readout": 0.00081, "resid": 0.00036, "elapsed_s": 88.4}
{"event": "layer_metrics", "step": 2000, "layers": [{"mse": 0.0006, "r2": 0.9815, "cos": 0.9897}, {"mse": 0.0032, "r2": 0.8109, "cos": 0.8967}, {"mse": 0.0079, "r2": 0.746, "cos": 0.8621}, {"mse": 0.0193, "r2": 0.629, "cos": 0.7854}, {"mse": 0.0267, "r2": 0.5916, "cos": 0.7664}, {"mse": 0.0337, "r2": 0.5267, "cos": 0.7413}], "elapsed_s": 88.6}
{"event": "fit", "step": 2100, "mse": 0.01415, "gram": 0.0, "cross": 0.0, "dist": 0.0, "angle": 0.0, "readout": 0.00079, "resid": 0.00035, "elapsed_s": 92.8}
{"event": "fit", "step": 2200, "mse": 0.01419, "gram": 0.0, "cross": 0.0, "dist": 0.0, "angle": 0.0, "readout": 0.00076, "resid": 0.00035, "elapsed_s": 97.0}
{"event": "fit", "step": 2300, "mse": 0.01435, "gram": 0.0, "cross": 0.0, "dist": 0.0, "angle": 0.0, "readout": 0.00078, "resid": 0.00036, "elapsed_s": 101.1}
{"event": "fit", "step": 2400, "mse": 0.01443, "gram": 0.0, "cross": 0.0, "dist": 0.0, "angle": 0.0, "readout": 0.00076, "resid": 0.00037, "elapsed_s": 105.3}
{"event": "fit", "step": 2500, "mse": 0.01428, "gram": 0.0, "cross": 0.0, "dist": 0.0, "angle": 0.0, "readout": 0.00073, "resid": 0.00035, "elapsed_s": 109.5}
{"event": "fit", "step": 2600, "mse": 0.01405, "gram": 0.0, "cross": 0.0, "dist": 0.0, "angle": 0.0, "readout": 0.00073, "resid": 0.00035, "elapsed_s": 113.7}
{"event": "fit", "step": 2700, "mse": 0.0142, "gram": 0.0, "cross": 0.0, "dist": 0.0, "angle": 0.0, "readout": 0.00072, "resid": 0.00036, "elapsed_s": 117.9}
{"event": "fit", "step": 2800, "mse": 0.01451, "gram": 0.0, "cross": 0.0, "dist": 0.0, "angle": 0.0, "readout": 0.00073, "resid": 0.00038, "elapsed_s": 122.0}
{"event": "fit", "step": 2900, "mse": 0.01429, "gram": 0.0, "cross": 0.0, "dist": 0.0, "angle": 0.0, "readout": 0.00072, "resid": 0.00034, "elapsed_s": 126.2}
{"event": "fit", "step": 3000, "mse": 0.01372, "gram": 0.0, "cross": 0.0, "dist": 0.0, "angle": 0.0, "readout": 0.00068, "resid": 0.00033, "elapsed_s": 130.4}
{"event": "fit", "step": 3100, "mse": 0.01376, "gram": 0.0, "cross": 0.0, "dist": 0.0, "angle": 0.0, "readout": 0.00073, "resid": 0.00033, "elapsed_s": 134.6}
{"event": "fit", "step": 3200, "mse": 0.01366, "gram": 0.0, "cross": 0.0, "dist": 0.0, "angle": 0.0, "readout": 0.00072, "resid": 0.00033, "elapsed_s": 138.8}
{"event": "fit", "step": 3300, "mse": 0.01373, "gram": 0.0, "cross": 0.0, "dist": 0.0, "angle": 0.0, "readout": 0.0007, "resid": 0.00034, "elapsed_s": 143.0}
{"event": "fit", "step": 3400, "mse": 0.01408, "gram": 0.0, "cross": 0.0, "dist": 0.0, "angle": 0.0, "readout": 0.00074, "resid": 0.00034, "elapsed_s": 147.2}
{"event": "fit", "step": 3500, "mse": 0.0142, "gram": 0.0, "cross": 0.0, "dist": 0.0, "angle": 0.0, "readout": 0.00067, "resid": 0.00036, "elapsed_s": 151.4}
{"event": "fit", "step": 3600, "mse": 0.01373, "gram": 0.0, "cross": 0.0, "dist": 0.0, "angle": 0.0, "readout": 0.00071, "resid": 0.00035, "elapsed_s": 155.6}
{"event": "fit", "step": 3700, "mse": 0.01357, "gram": 0.0, "cross": 0.0, "dist": 0.0, "angle": 0.0, "readout": 0.00069, "resid": 0.00033, "elapsed_s": 159.7}
{"event": "fit", "step": 3800, "mse": 0.01374, "gram": 0.0, "cross": 0.0, "dist": 0.0, "angle": 0.0, "readout": 0.0007, "resid": 0.00034, "elapsed_s": 163.9}
{"event": "fit", "step": 3900, "mse": 0.01371, "gram": 0.0, "cross": 0.0, "dist": 0.0, "angle": 0.0, "readout": 0.00069, "resid": 0.00033, "elapsed_s": 168.1}
{"event": "fit", "step": 4000, "mse": 0.014, "gram": 0.0, "cross": 0.0, "dist": 0.0, "angle": 0.0, "readout": 0.00073, "resid": 0.00035, "elapsed_s": 172.3}
{"event": "layer_metrics", "step": 4000, "layers": [{"mse": 0.0005, "r2": 0.9852, "cos": 0.9918}, {"mse": 0.0027, "r2": 0.839, "cos": 0.9127}, {"mse": 0.0072, "r2": 0.768, "cos": 0.8748}, {"mse": 0.0177, "r2": 0.6597, "cos": 0.8042}, {"mse": 0.0251, "r2": 0.6168, "cos": 0.782}, {"mse": 0.0318, "r2": 0.5537, "cos": 0.759}], "elapsed_s": 172.6}
{"event": "teacher_lm", "val_nats": 1.2742, "dickens_nats": 1.2666, "elapsed_s": 172.9}
{"event": "swap_one", "layer": 0, "val_nats": 1.2726, "delta": -0.0016, "elapsed_s": 173.0}
{"event": "swap_one", "layer": 1, "val_nats": 1.2793, "delta": 0.0052, "elapsed_s": 173.1}
{"event": "swap_one", "layer": 2, "val_nats": 1.2788, "delta": 0.0047, "elapsed_s": 173.2}
{"event": "swap_one", "layer": 3, "val_nats": 1.2872, "delta": 0.0131, "elapsed_s": 173.3}
{"event": "swap_one", "layer": 4, "val_nats": 1.2867, "delta": 0.0125, "elapsed_s": 173.5}
{"event": "swap_one", "layer": 5, "val_nats": 1.2986, "delta": 0.0244, "elapsed_s": 173.6}
{"event": "swap_all_untrained", "val_nats": 1.3953, "val_bpc": 2.013, "dickens_nats": 1.4018, "dickens_bpc": 2.0224, "delta_val": 0.1212, "delta_dickens": 0.1352, "elapsed_s": 175.0}
