{"event": "setup", "teacher_params": 4826880, "mixer_params_each": 4391936, "attn_params_each": 263168, "w_gram": 0.0, "w_cross": 0.0, "w_dist": 0.0, "w_angle": 0.0, "w_readout": 0.0, "w_resid": 1.0, "groups": 8, "pool": "none", "beta": 1.0, "elapsed_s": 3.3}
{"event": "fit", "step": 100, "mse": 0.03976, "gram": 0.0, "cross": 0.0, "dist": 0.0, "angle": 0.0, "readout": 0.0, "resid": 0.00134, "elapsed_s": 8.4}
{"event": "fit", "step": 200, "mse": 0.0286, "gram": 0.0, "cross": 0.0, "dist": 0.0, "angle": 0.0, "readout": 0.0, "resid": 0.00077, "elapsed_s": 12.3}
{"event": "fit", "step": 300, "mse": 0.02116, "gram": 0.0, "cross": 0.0, "dist": 0.0, "angle": 0.0, "readout": 0.0, "resid": 0.00057, "elapsed_s": 16.1}
{"event": "fit", "step": 400, "mse": 0.01877, "gram": 0.0, "cross": 0.0, "dist": 0.0, "angle": 0.0, "readout": 0.0, "resid": 0.0005, "elapsed_s": 20.0}
{"event": "fit", "step": 500, "mse": 0.01695, "gram": 0.0, "cross": 0.0, "dist": 0.0, "angle": 0.0, "readout": 0.0, "resid": 0.00043, "elapsed_s": 23.8}
{"event": "fit", "step": 600, "mse": 0.01703, "gram": 0.0, "cross": 0.0, "dist": 0.0, "angle": 0.0, "readout": 0.0, "resid": 0.00043, "elapsed_s": 27.7}
{"event": "fit", "step": 700, "mse": 0.01545, "gram": 0.0, "cross": 0.0, "dist": 0.0, "angle": 0.0, "readout": 0.0, "resid": 0.00038, "elapsed_s": 31.5}
{"event": "fit", "step": 800, "mse": 0.01567, "gram": 0.0, "cross": 0.0, "dist": 0.0, "angle": 0.0, "readout": 0.0, "resid": 0.00039, "elapsed_s": 35.4}
{"event": "fit", "step": 900, "mse": 0.01491, "gram": 0.0, "cross": 0.0, "dist": 0.0, "angle": 0.0, "readout": 0.0, "resid": 0.00036, "elapsed_s": 39.2}
{"event": "fit", "step": 1000, "mse": 0.01456, "gram": 0.0, "cross": 0.0, "dist": 0.0, "angle": 0.0, "readout": 0.0, "resid": 0.00036, "elapsed_s": 43.1}
{"event": "fit", "step": 1100, "mse": 0.01558, "gram": 0.0, "cross": 0.0, "dist": 0.0, "angle": 0.0, "readout": 0.0, "resid": 0.0004, "elapsed_s": 46.9}
{"event": "fit", "step": 1200, "mse": 0.01436, "gram": 0.0, "cross": 0.0, "dist": 0.0, "angle": 0.0, "readout": 0.0, "resid": 0.00036, "elapsed_s": 50.8}
{"event": "fit", "step": 1300, "mse": 0.01476, "gram": 0.0, "cross": 0.0, "dist": 0.0, "angle": 0.0, "readout": 0.0, "resid": 0.00037, "elapsed_s": 54.6}
{"event": "fit", "step": 1400, "mse": 0.01435, "gram": 0.0, "cross": 0.0, "dist": 0.0, "angle": 0.0, "readout": 0.0, "resid": 0.00035, "elapsed_s": 58.5}
{"event": "fit", "step": 1500, "mse": 0.01455, "gram": 0.0, "cross": 0.0, "dist": 0.0, "angle": 0.0, "readout": 0.0, "resid": 0.00036, "elapsed_s": 62.4}
{"event": "fit", "step": 1600, "mse": 0.01408, "gram": 0.0, "cross": 0.0, "dist": 0.0, "angle": 0.0, "readout": 0.0, "resid": 0.00036, "elapsed_s": 66.2}
{"event": "fit", "step": 1700, "mse": 0.01368, "gram": 0.0, "cross": 0.0, "dist": 0.0, "angle": 0.0, "readout": 0.0, "resid": 0.00034, "elapsed_s": 70.1}
{"event": "fit", "step": 1800, "mse": 0.01338, "gram": 0.0, "cross": 0.0, "dist": 0.0, "angle": 0.0, "readout": 0.0, "resid": 0.00033, "elapsed_s": 73.9}
{"event": "fit", "step": 1900, "mse": 0.01398, "gram": 0.0, "cross": 0.0, "dist": 0.0, "angle": 0.0, "readout": 0.0, "resid": 0.00035, "elapsed_s": 77.8}
{"event": "fit", "step": 2000, "mse": 0.01356, "gram": 0.0, "cross": 0.0, "dist": 0.0, "angle": 0.0, "readout": 0.0, "resid": 0.00033, "elapsed_s": 81.6}
{"event": "layer_metrics", "step": 2000, "layers": [{"mse": 0.0005, "r2": 0.9854, "cos": 0.9919}, {"mse": 0.0021, "r2": 0.8735, "cos": 0.9317}, {"mse": 0.0067, "r2": 0.7834, "cos": 0.8838}, {"mse": 0.0174, "r2": 0.665, "cos": 0.8075}, {"mse": 0.0255, "r2": 0.6101, "cos": 0.7778}, {"mse": 0.0326, "r2": 0.5424, "cos": 0.7505}], "elapsed_s": 81.9}
{"event": "fit", "step": 2100, "mse": 0.01303, "gram": 0.0, "cross": 0.0, "dist": 0.0, "angle": 0.0, "readout": 0.0, "resid": 0.00032, "elapsed_s": 85.7}
{"event": "fit", "step": 2200, "mse": 0.01317, "gram": 0.0, "cross": 0.0, "dist": 0.0, "angle": 0.0, "readout": 0.0, "resid": 0.00032, "elapsed_s": 89.6}
{"event": "fit", "step": 2300, "mse": 0.01338, "gram": 0.0, "cross": 0.0, "dist": 0.0, "angle": 0.0, "readout": 0.0, "resid": 0.00033, "elapsed_s": 93.5}
{"event": "fit", "step": 2400, "mse": 0.01345, "gram": 0.0, "cross": 0.0, "dist": 0.0, "angle": 0.0, "readout": 0.0, "resid": 0.00034, "elapsed_s": 97.3}
{"event": "fit", "step": 2500, "mse": 0.01334, "gram": 0.0, "cross": 0.0, "dist": 0.0, "angle": 0.0, "readout": 0.0, "resid": 0.00033, "elapsed_s": 101.2}
{"event": "fit", "step": 2600, "mse": 0.01308, "gram": 0.0, "cross": 0.0, "dist": 0.0, "angle": 0.0, "readout": 0.0, "resid": 0.00033, "elapsed_s": 105.0}
{"event": "fit", "step": 2700, "mse": 0.01323, "gram": 0.0, "cross": 0.0, "dist": 0.0, "angle": 0.0, "readout": 0.0, "resid": 0.00033, "elapsed_s": 108.9}
{"event": "fit", "step": 2800, "mse": 0.01351, "gram": 0.0, "cross": 0.0, "dist": 0.0, "angle": 0.0, "readout": 0.0, "resid": 0.00034, "elapsed_s": 112.7}
{"event": "fit", "step": 2900, "mse": 0.0133, "gram": 0.0, "cross": 0.0, "dist": 0.0, "angle": 0.0, "readout": 0.0, "resid": 0.00032, "elapsed_s": 116.6}
{"event": "fit", "step": 3000, "mse": 0.01278, "gram": 0.0, "cross": 0.0, "dist": 0.0, "angle": 0.0, "readout": 0.0, "resid": 0.00031, "elapsed_s": 120.4}
{"event": "fit", "step": 3100, "mse": 0.01285, "gram": 0.0, "cross": 0.0, "dist": 0.0, "angle": 0.0, "readout": 0.0, "resid": 0.00031, "elapsed_s": 124.3}
{"event": "fit", "step": 3200, "mse": 0.01277, "gram": 0.0, "cross": 0.0, "dist": 0.0, "angle": 0.0, "readout": 0.0, "resid": 0.00031, "elapsed_s": 128.2}
{"event": "fit", "step": 3300, "mse": 0.01285, "gram": 0.0, "cross": 0.0, "dist": 0.0, "angle": 0.0, "readout": 0.0, "resid": 0.00032, "elapsed_s": 132.0}
{"event": "fit", "step": 3400, "mse": 0.01319, "gram": 0.0, "cross": 0.0, "dist": 0.0, "angle": 0.0, "readout": 0.0, "resid": 0.00032, "elapsed_s": 135.8}
{"event": "fit", "step": 3500, "mse": 0.01324, "gram": 0.0, "cross": 0.0, "dist": 0.0, "angle": 0.0, "readout": 0.0, "resid": 0.00033, "elapsed_s": 139.7}
{"event": "fit", "step": 3600, "mse": 0.01283, "gram": 0.0, "cross": 0.0, "dist": 0.0, "angle": 0.0, "readout": 0.0, "resid": 0.00032, "elapsed_s": 143.6}
{"event": "fit", "step": 3700, "mse": 0.01267, "gram": 0.0, "cross": 0.0, "dist": 0.0, "angle": 0.0, "readout": 0.0, "resid": 0.00031, "elapsed_s": 147.4}
{"event": "fit", "step": 3800, "mse": 0.01283, "gram": 0.0, "cross": 0.0, "dist": 0.0, "angle": 0.0, "readout": 0.0, "resid": 0.00032, "elapsed_s": 151.3}
{"event": "fit", "step": 3900, "mse": 0.01281, "gram": 0.0, "cross": 0.0, "dist": 0.0, "angle": 0.0, "readout": 0.0, "resid": 0.00031, "elapsed_s": 155.1}
{"event": "fit", "step": 4000, "mse": 0.01308, "gram": 0.0, "cross": 0.0, "dist": 0.0, "angle": 0.0, "readout": 0.0, "resid": 0.00032, "elapsed_s": 159.0}
{"event": "layer_metrics", "step": 4000, "layers": [{"mse": 0.0004, "r2": 0.9882, "cos": 0.9935}, {"mse": 0.0019, "r2": 0.8882, "cos": 0.9398}, {"mse": 0.0062, "r2": 0.8006, "cos": 0.8935}, {"mse": 0.0162, "r2": 0.6879, "cos": 0.8211}, {"mse": 0.0241, "r2": 0.6322, "cos": 0.7914}, {"mse": 0.0309, "r2": 0.5654, "cos": 0.7656}], "elapsed_s": 159.2}
{"event": "teacher_lm", "val_nats": 1.2742, "dickens_nats": 1.2666, "elapsed_s": 159.5}
{"event": "swap_one", "layer": 0, "val_nats": 1.2728, "delta": -0.0014, "elapsed_s": 159.7}
{"event": "swap_one", "layer": 1, "val_nats": 1.2774, "delta": 0.0032, "elapsed_s": 159.8}
{"event": "swap_one", "layer": 2, "val_nats": 1.2775, "delta": 0.0033, "elapsed_s": 159.9}
{"event": "swap_one", "layer": 3, "val_nats": 1.2857, "delta": 0.0115, "elapsed_s": 160.0}
{"event": "swap_one", "layer": 4, "val_nats": 1.2856, "delta": 0.0115, "elapsed_s": 160.1}
{"event": "swap_one", "layer": 5, "val_nats": 1.298, "delta": 0.0238, "elapsed_s": 160.2}
{"event": "swap_all_untrained", "val_nats": 1.3769, "val_bpc": 1.9864, "dickens_nats": 1.381, "dickens_bpc": 1.9923, "delta_val": 0.1027, "delta_dickens": 0.1143, "elapsed_s": 161.7}
